Archive member included to satisfy reference by file (symbol)

c:/st/stm32cubeide_1.7.0/stm32cubeide/plugins/com.st.stm32cube.ide.mcu.externaltools.gnu-tools-for-stm32.9-2020-q2-update.win32_2.0.0.202105311346/tools/bin/../lib/gcc/arm-none-eabi/9.3.1/../../../../arm-none-eabi/lib/thumb/v7e-m+fp/hard\libc_nano.a(lib_a-errno.o)
                              ./Core/Src/syscalls.o (__errno)
c:/st/stm32cubeide_1.7.0/stm32cubeide/plugins/com.st.stm32cube.ide.mcu.externaltools.gnu-tools-for-stm32.9-2020-q2-update.win32_2.0.0.202105311346/tools/bin/../lib/gcc/arm-none-eabi/9.3.1/../../../../arm-none-eabi/lib/thumb/v7e-m+fp/hard\libc_nano.a(lib_a-exit.o)
                              c:/st/stm32cubeide_1.7.0/stm32cubeide/plugins/com.st.stm32cube.ide.mcu.externaltools.gnu-tools-for-stm32.9-2020-q2-update.win32_2.0.0.202105311346/tools/bin/../lib/gcc/arm-none-eabi/9.3.1/../../../../arm-none-eabi/lib/thumb/v7e-m+fp/hard/crt0.o (exit)
c:/st/stm32cubeide_1.7.0/stm32cubeide/plugins/com.st.stm32cube.ide.mcu.externaltools.gnu-tools-for-stm32.9-2020-q2-update.win32_2.0.0.202105311346/tools/bin/../lib/gcc/arm-none-eabi/9.3.1/../../../../arm-none-eabi/lib/thumb/v7e-m+fp/hard\libc_nano.a(lib_a-impure.o)
                              c:/st/stm32cubeide_1.7.0/stm32cubeide/plugins/com.st.stm32cube.ide.mcu.externaltools.gnu-tools-for-stm32.9-2020-q2-update.win32_2.0.0.202105311346/tools/bin/../lib/gcc/arm-none-eabi/9.3.1/../../../../arm-none-eabi/lib/thumb/v7e-m+fp/hard\libc_nano.a(lib_a-exit.o) (_global_impure_ptr)
c:/st/stm32cubeide_1.7.0/stm32cubeide/plugins/com.st.stm32cube.ide.mcu.externaltools.gnu-tools-for-stm32.9-2020-q2-update.win32_2.0.0.202105311346/tools/bin/../lib/gcc/arm-none-eabi/9.3.1/../../../../arm-none-eabi/lib/thumb/v7e-m+fp/hard\libc_nano.a(lib_a-init.o)
                              c:/st/stm32cubeide_1.7.0/stm32cubeide/plugins/com.st.stm32cube.ide.mcu.externaltools.gnu-tools-for-stm32.9-2020-q2-update.win32_2.0.0.202105311346/tools/bin/../lib/gcc/arm-none-eabi/9.3.1/../../../../arm-none-eabi/lib/thumb/v7e-m+fp/hard/crt0.o (__libc_init_array)
c:/st/stm32cubeide_1.7.0/stm32cubeide/plugins/com.st.stm32cube.ide.mcu.externaltools.gnu-tools-for-stm32.9-2020-q2-update.win32_2.0.0.202105311346/tools/bin/../lib/gcc/arm-none-eabi/9.3.1/../../../../arm-none-eabi/lib/thumb/v7e-m+fp/hard\libc_nano.a(lib_a-memcpy-stub.o)
                              ./Middlewares/Third_Party/FreeRTOS/Source/queue.o (memcpy)
c:/st/stm32cubeide_1.7.0/stm32cubeide/plugins/com.st.stm32cube.ide.mcu.externaltools.gnu-tools-for-stm32.9-2020-q2-update.win32_2.0.0.202105311346/tools/bin/../lib/gcc/arm-none-eabi/9.3.1/../../../../arm-none-eabi/lib/thumb/v7e-m+fp/hard\libc_nano.a(lib_a-memset.o)
                              c:/st/stm32cubeide_1.7.0/stm32cubeide/plugins/com.st.stm32cube.ide.mcu.externaltools.gnu-tools-for-stm32.9-2020-q2-update.win32_2.0.0.202105311346/tools/bin/../lib/gcc/arm-none-eabi/9.3.1/../../../../arm-none-eabi/lib/thumb/v7e-m+fp/hard/crt0.o (memset)
c:/st/stm32cubeide_1.7.0/stm32cubeide/plugins/com.st.stm32cube.ide.mcu.externaltools.gnu-tools-for-stm32.9-2020-q2-update.win32_2.0.0.202105311346/tools/bin/../lib/gcc/arm-none-eabi/9.3.1/../../../../arm-none-eabi/lib/thumb/v7e-m+fp/hard\libc_nano.a(lib_a-printf.o)
                              ./BSP/Src/lcd_log.o (printf)
c:/st/stm32cubeide_1.7.0/stm32cubeide/plugins/com.st.stm32cube.ide.mcu.externaltools.gnu-tools-for-stm32.9-2020-q2-update.win32_2.0.0.202105311346/tools/bin/../lib/gcc/arm-none-eabi/9.3.1/../../../../arm-none-eabi/lib/thumb/v7e-m+fp/hard\libc_nano.a(lib_a-sprintf.o)
                              ./App/Src/app_main.o (sprintf)
c:/st/stm32cubeide_1.7.0/stm32cubeide/plugins/com.st.stm32cube.ide.mcu.externaltools.gnu-tools-for-stm32.9-2020-q2-update.win32_2.0.0.202105311346/tools/bin/../lib/gcc/arm-none-eabi/9.3.1/../../../../arm-none-eabi/lib/thumb/v7e-m+fp/hard\libc_nano.a(lib_a-findfp.o)
                              c:/st/stm32cubeide_1.7.0/stm32cubeide/plugins/com.st.stm32cube.ide.mcu.externaltools.gnu-tools-for-stm32.9-2020-q2-update.win32_2.0.0.202105311346/tools/bin/../lib/gcc/arm-none-eabi/9.3.1/../../../../arm-none-eabi/lib/thumb/v7e-m+fp/hard\libc_nano.a(lib_a-printf.o) (__sinit)
c:/st/stm32cubeide_1.7.0/stm32cubeide/plugins/com.st.stm32cube.ide.mcu.externaltools.gnu-tools-for-stm32.9-2020-q2-update.win32_2.0.0.202105311346/tools/bin/../lib/gcc/arm-none-eabi/9.3.1/../../../../arm-none-eabi/lib/thumb/v7e-m+fp/hard\libc_nano.a(lib_a-fwalk.o)
                              c:/st/stm32cubeide_1.7.0/stm32cubeide/plugins/com.st.stm32cube.ide.mcu.externaltools.gnu-tools-for-stm32.9-2020-q2-update.win32_2.0.0.202105311346/tools/bin/../lib/gcc/arm-none-eabi/9.3.1/../../../../arm-none-eabi/lib/thumb/v7e-m+fp/hard\libc_nano.a(lib_a-findfp.o) (_fwalk)
[...]
Memory Configuration

Name             Origin             Length             Attributes
CCMRAM           0x0000000010000000 0x0000000000010000 xrw
RAM              0x0000000020000000 0x0000000000030000 xrw
FLASH            0x0000000008000000 0x0000000000200000 xr
*default*        0x0000000000000000 0xffffffffffffffff

Linker script and memory map

LOAD c:/st/stm32cubeide_1.7.0/stm32cubeide/plugins/com.st.stm32cube.ide.mcu.externaltools.gnu-tools-for-stm32.9-2020-q2-update.win32_2.0.0.202105311346/tools/bin/../lib/gcc/arm-none-eabi/9.3.1/thumb/v7e-m+fp/hard/crti.o
LOAD c:/st/stm32cubeide_1.7.0/stm32cubeide/plugins/com.st.stm32cube.ide.mcu.externaltools.gnu-tools-for-stm32.9-2020-q2-update.win32_2.0.0.202105311346/tools/bin/../lib/gcc/arm-none-eabi/9.3.1/thumb/v7e-m+fp/hard/crtbegin.o
LOAD c:/st/stm32cubeide_1.7.0/stm32cubeide/plugins/com.st.stm32cube.ide.mcu.externaltools.gnu-tools-for-stm32.9-2020-q2-update.win32_2.0.0.202105311346/tools/bin/../lib/gcc/arm-none-eabi/9.3.1/../../../../arm-none-eabi/lib/thumb/v7e-m+fp/hard/crt0.o
LOAD ./App/Src/app_main.o
LOAD ./BSP/Src/font12.o
LOAD ./BSP/Src/font16.o
LOAD ./BSP/Src/font20.o
LOAD ./BSP/Src/font24.o
LOAD ./BSP/Src/font8.o
LOAD ./BSP/Src/ili9341.o
LOAD ./BSP/Src/l3gd20.o
LOAD ./BSP/Src/lcd_log.o
LOAD ./BSP/Src/stm32f429i_discovery.o
LOAD ./BSP/Src/stm32f429i_discovery_eeprom.o
LOAD ./BSP/Src/stm32f429i_discovery_gyroscope.o
LOAD ./BSP/Src/stm32f429i_discovery_io.o
LOAD ./BSP/Src/stm32f429i_discovery_lcd.o
LOAD ./BSP/Src/stm32f429i_discovery_sdram.o
LOAD ./BSP/Src/stm32f429i_discovery_ts.o
LOAD ./BSP/Src/stmpe811.o
LOAD ./Core/Src/freertos.o
LOAD ./Core/Src/main.o
LOAD ./Core/Src/stm32f4xx_hal_msp.o
LOAD ./Core/Src/stm32f4xx_hal_timebase_tim.o
LOAD ./Core/Src/stm32f4xx_it.o
LOAD ./Core/Src/syscalls.o
LOAD ./Core/Src/sysmem.o
LOAD ./Core/Src/system_stm32f4xx.o
LOAD ./Core/Startup/startup_stm32f429zitx.o
LOAD ./Drivers/STM32F4xx_HAL_Driver/Src/stm32f4xx_hal.o
LOAD ./Drivers/STM32F4xx_HAL_Driver/Src/stm32f4xx_hal_cortex.o
LOAD ./Drivers/STM32F4xx_HAL_Driver/Src/stm32f4xx_hal_crc.o
LOAD ./Drivers/STM32F4xx_HAL_Driver/Src/stm32f4xx_hal_dma.o
LOAD ./Drivers/STM32F4xx_HAL_Driver/Src/stm32f4xx_hal_dma2d.o
LOAD ./Drivers/STM32F4xx_HAL_Driver/Src/stm32f4xx_hal_dma_ex.o
LOAD ./Drivers/STM32F4xx_HAL_Driver/Src/stm32f4xx_hal_dsi.o
LOAD ./Drivers/STM32F4xx_HAL_Driver/Src/stm32f4xx_hal_exti.o
LOAD ./Drivers/STM32F4xx_HAL_Driver/Src/stm32f4xx_hal_flash.o
LOAD ./Drivers/STM32F4xx_HAL_Driver/Src/stm32f4xx_hal_flash_ex.o
LOAD ./Drivers/STM32F4xx_HAL_Driver/Src/stm32f4xx_hal_flash_ramfunc.o
LOAD ./Drivers/STM32F4xx_HAL_Driver/Src/stm32f4xx_hal_gpio.o
LOAD ./Drivers/STM32F4xx_HAL_Driver/Src/stm32f4xx_hal_hcd.o
LOAD ./Drivers/STM32F4xx_HAL_Driver/Src/stm32f4xx_hal_i2c.o
LOAD ./Drivers/STM32F4xx_HAL_Driver/Src/stm32f4xx_hal_i2c_ex.o
LOAD ./Drivers/STM32F4xx_HAL_Driver/Src/stm32f4xx_hal_ltdc.o
LOAD ./Drivers/STM32F4xx_HAL_Driver/Src/stm32f4xx_hal_ltdc_ex.o
LOAD ./Drivers/STM32F4xx_HAL_Driver/Src/stm32f4xx_hal_pwr.o
LOAD ./Drivers/STM32F4xx_HAL_Driver/Src/stm32f4xx_hal_pwr_ex.o
LOAD ./Drivers/STM32F4xx_HAL_Driver/Src/stm32f4xx_hal_rcc.o
LOAD ./Drivers/STM32F4xx_HAL_Driver/Src/stm32f4xx_hal_rcc_ex.o
LOAD ./Drivers/STM32F4xx_HAL_Driver/Src/stm32f4xx_hal_sdram.o
LOAD ./Drivers/STM32F4xx_HAL_Driver/Src/stm32f4xx_hal_spi.o
LOAD ./Drivers/STM32F4xx_HAL_Driver/Src/stm32f4xx_hal_tim.o
LOAD ./Drivers/STM32F4xx_HAL_Driver/Src/stm32f4xx_hal_tim_ex.o
LOAD ./Drivers/STM32F4xx_HAL_Driver/Src/stm32f4xx_hal_uart.o
LOAD ./Drivers/STM32F4xx_HAL_Driver/Src/stm32f4xx_ll_fmc.o
LOAD ./Drivers/STM32F4xx_HAL_Driver/Src/stm32f4xx_ll_usb.o
LOAD ./Middlewares/Third_Party/FreeRTOS/Source/CMSIS_RTOS/cmsis_os.o
LOAD ./Middlewares/Third_Party/FreeRTOS/Source/croutine.o
LOAD ./Middlewares/Third_Party/FreeRTOS/Source/event_groups.o
LOAD ./Middlewares/Third_Party/FreeRTOS/Source/list.o
LOAD ./Middlewares/Third_Party/FreeRTOS/Source/queue.o
LOAD ./Middlewares/Third_Party/FreeRTOS/Source/stream_buffer.o
LOAD ./Middlewares/Third_Party/FreeRTOS/Source/tasks.o
LOAD ./Middlewares/Third_Party/FreeRTOS/Source/timers.o
LOAD ./Middlewares/Third_Party/FreeRTOS/Source/portable/GCC/ARM_CM4F/port.o
LOAD ./Middlewares/Third_Party/FreeRTOS/Source/portable/MemMang/heap_4.o
START GROUP
LOAD c:/st/stm32cubeide_1.7.0/stm32cubeide/plugins/com.st.stm32cube.ide.mcu.externaltools.gnu-tools-for-stm32.9-2020-q2-update.win32_2.0.0.202105311346/tools/bin/../lib/gcc/arm-none-eabi/9.3.1/../../../../arm-none-eabi/lib/thumb/v7e-m+fp/hard\libc_nano.a
LOAD c:/st/stm32cubeide_1.7.0/stm32cubeide/plugins/com.st.stm32cube.ide.mcu.externaltools.gnu-tools-for-stm32.9-2020-q2-update.win32_2.0.0.202105311346/tools/bin/../lib/gcc/arm-none-eabi/9.3.1/../../../../arm-none-eabi/lib/thumb/v7e-m+fp/hard\libm.a
END GROUP
START GROUP
LOAD c:/st/stm32cubeide_1.7.0/stm32cubeide/plugins/com.st.stm32cube.ide.mcu.externaltools.gnu-tools-for-stm32.9-2020-q2-update.win32_2.0.0.202105311346/tools/bin/../lib/gcc/arm-none-eabi/9.3.1/thumb/v7e-m+fp/hard\libgcc.a
LOAD c:/st/stm32cubeide_1.7.0/stm32cubeide/plugins/com.st.stm32cube.ide.mcu.externaltools.gnu-tools-for-stm32.9-2020-q2-update.win32_2.0.0.202105311346/tools/bin/../lib/gcc/arm-none-eabi/9.3.1/../../../../arm-none-eabi/lib/thumb/v7e-m+fp/hard\libc_nano.a
END GROUP
START GROUP
LOAD c:/st/stm32cubeide_1.7.0/stm32cubeide/plugins/com.st.stm32cube.ide.mcu.externaltools.gnu-tools-for-stm32.9-2020-q2-update.win32_2.0.0.202105311346/tools/bin/../lib/gcc/arm-none-eabi/9.3.1/thumb/v7e-m+fp/hard\libgcc.a
LOAD c:/st/stm32cubeide_1.7.0/stm32cubeide/plugins/com.st.stm32cube.ide.mcu.externaltools.gnu-tools-for-stm32.9-2020-q2-update.win32_2.0.0.202105311346/tools/bin/../lib/gcc/arm-none-eabi/9.3.1/../../../../arm-none-eabi/lib/thumb/v7e-m+fp/hard\libc_nano.a
LOAD c:/st/stm32cubeide_1.7.0/stm32cubeide/plugins/com.st.stm32cube.ide.mcu.externaltools.gnu-tools-for-stm32.9-2020-q2-update.win32_2.0.0.202105311346/tools/bin/../lib/gcc/arm-none-eabi/9.3.1/../../../../arm-none-eabi/lib/thumb/v7e-m+fp/hard\libnosys.a
END GROUP
START GROUP
LOAD c:/st/stm32cubeide_1.7.0/stm32cubeide/plugins/com.st.stm32cube.ide.mcu.externaltools.gnu-tools-for-stm32.9-2020-q2-update.win32_2.0.0.202105311346/tools/bin/../lib/gcc/arm-none-eabi/9.3.1/thumb/v7e-m+fp/hard\libgcc.a
LOAD c:/st/stm32cubeide_1.7.0/stm32cubeide/plugins/com.st.stm32cube.ide.mcu.externaltools.gnu-tools-for-stm32.9-2020-q2-update.win32_2.0.0.202105311346/tools/bin/../lib/gcc/arm-none-eabi/9.3.1/../../../../arm-none-eabi/lib/thumb/v7e-m+fp/hard\libc_nano.a
LOAD c:/st/stm32cubeide_1.7.0/stm32cubeide/plugins/com.st.stm32cube.ide.mcu.externaltools.gnu-tools-for-stm32.9-2020-q2-update.win32_2.0.0.202105311346/tools/bin/../lib/gcc/arm-none-eabi/9.3.1/../../../../arm-none-eabi/lib/thumb/v7e-m+fp/hard\libnosys.a
END GROUP
LOAD c:/st/stm32cubeide_1.7.0/stm32cubeide/plugins/com.st.stm32cube.ide.mcu.externaltools.gnu-tools-for-stm32.9-2020-q2-update.win32_2.0.0.202105311346/tools/bin/../lib/gcc/arm-none-eabi/9.3.1/thumb/v7e-m+fp/hard/crtend.o
LOAD c:/st/stm32cubeide_1.7.0/stm32cubeide/plugins/com.st.stm32cube.ide.mcu.externaltools.gnu-tools-for-stm32.9-2020-q2-update.win32_2.0.0.202105311346/tools/bin/../lib/gcc/arm-none-eabi/9.3.1/thumb/v7e-m+fp/hard/crtn.o
                0x0000000020030000                _estack = (ORIGIN (RAM) + LENGTH (RAM))
                0x0000000000000200                _Min_Heap_Size = 0x200
                0x0000000000000400                _Min_Stack_Size = 0x400

.isr_vector     0x0000000008000000      0x1ac
                0x0000000008000000                . = ALIGN (0x4)
 *(.isr_vector)
 .isr_vector    0x0000000008000000      0x1ac ./Core/Startup/startup_stm32f429zitx.o
                0x0000000008000000                g_pfnVectors
                0x00000000080001ac                . = ALIGN (0x4)

.text           0x00000000080001b0     0x7888
                0x00000000080001b0                . = ALIGN (0x4)
 *(.text)
 .text          0x00000000080001b0       0x40 c:/st/stm32cubeide_1.7.0/stm32cubeide/plugins/com.st.stm32cube.ide.mcu.externaltools.gnu-tools-for-stm32.9-2020-q2-update.win32_2.0.0.202105311346/tools/bin/../lib/gcc/arm-none-eabi/9.3.1/thumb/v7e-m+fp/hard/crtbegin.o
 .text          0x00000000080001f0       0xa0 c:/st/stm32cubeide_1.7.0/stm32cubeide/plugins/com.st.stm32cube.ide.mcu.externaltools.gnu-tools-for-stm32.9-2020-q2-update.win32_2.0.0.202105311346/tools/bin/../lib/gcc/arm-none-eabi/9.3.1/../../../../arm-none-eabi/lib/thumb/v7e-m+fp/hard\libc_nano.a(lib_a-memchr.o)
                0x00000000080001f0                memchr
 .text          0x0000000008000290       0x30 c:/st/stm32cubeide_1.7.0/stm32cubeide/plugins/com.st.stm32cube.ide.mcu.externaltools.gnu-tools-for-stm32.9-2020-q2-update.win32_2.0.0.202105311346/tools/bin/../lib/gcc/arm-none-eabi/9.3.1/thumb/v7e-m+fp/hard\libgcc.a(_aeabi_uldivmod.o)
                0x0000000008000290                __aeabi_uldivmod
 .text          0x00000000080002c0      0x2c4 c:/st/stm32cubeide_1.7.0/stm32cubeide/plugins/com.st.stm32cube.ide.mcu.externaltools.gnu-tools-for-stm32.9-2020-q2-update.win32_2.0.0.202105311346/tools/bin/../lib/gcc/arm-none-eabi/9.3.1/thumb/v7e-m+fp/hard\libgcc.a(_udivmoddi4.o)
                0x00000000080002c0                __udivmoddi4
 .text          0x0000000008000584        0x4 c:/st/stm32cubeide_1.7.0/stm32cubeide/plugins/com.st.stm32cube.ide.mcu.externaltools.gnu-tools-for-stm32.9-2020-q2-update.win32_2.0.0.202105311346/tools/bin/../lib/gcc/arm-none-eabi/9.3.1/thumb/v7e-m+fp/hard\libgcc.a(_dvmd_tls.o)
                0x0000000008000584                __aeabi_idiv0
                0x0000000008000584                __aeabi_ldiv0
 *(.text*)
 .text.TouchTask
                0x0000000008000588       0x98 ./App/Src/app_main.o
 .text.app_main
                0x0000000008000620       0x28 ./App/Src/app_main.o
                0x0000000008000620                app_main
 .text.ili9341_GetLcdPixelWidth
                0x0000000008000648        0x4 ./BSP/Src/ili9341.o
                0x0000000008000648                ili9341_GetLcdPixelWidth
 .text.ili9341_GetLcdPixelHeight
                0x000000000800064c        0x6 ./BSP/Src/ili9341.o
                0x000000000800064c                ili9341_GetLcdPixelHeight
 .text.ili9341_WriteReg
                0x0000000008000652        0x8 ./BSP/Src/ili9341.o
                0x0000000008000652                ili9341_WriteReg
 .text.ili9341_DisplayOn
                0x000000000800065a        0xa ./BSP/Src/ili9341.o
                0x000000000800065a                ili9341_DisplayOn
 .text.ili9341_DisplayOff
                0x0000000008000664        0xa ./BSP/Src/ili9341.o
                0x0000000008000664                ili9341_DisplayOff
 .text.ili9341_WriteData
                0x000000000800066e        0x8 ./BSP/Src/ili9341.o
                0x000000000800066e                ili9341_WriteData
 .text.ili9341_Init
                0x0000000008000676      0x290 ./BSP/Src/ili9341.o
                0x0000000008000676                ili9341_Init
 .text.ili9341_ReadData
                0x0000000008000906        0x8 ./BSP/Src/ili9341.o
                0x0000000008000906                ili9341_ReadData
 .text.ili9341_ReadID
                0x000000000800090e       0x12 ./BSP/Src/ili9341.o
                0x000000000800090e                ili9341_ReadID
 .text.SPIx_MspInit
                0x0000000008000920       0x5c ./BSP/Src/stm32f429i_discovery.o
 .text.I2Cx_MspInit
                0x000000000800097c       0xbc ./BSP/Src/stm32f429i_discovery.o
 .text.I2Cx_ITConfig
                0x0000000008000a38       0x54 ./BSP/Src/stm32f429i_discovery.o
 .text.SPIx_Init
                0x0000000008000a8c       0x4c ./BSP/Src/stm32f429i_discovery.o
 .text.SPIx_Error
                0x0000000008000ad8       0x14 ./BSP/Src/stm32f429i_discovery.o
 .text.SPIx_Write
                0x0000000008000aec       0x30 ./BSP/Src/stm32f429i_discovery.o
 .text.SPIx_Read
                0x0000000008000b1c       0x2c ./BSP/Src/stm32f429i_discovery.o
 .text.I2Cx_Init
                0x0000000008000b48       0x44 ./BSP/Src/stm32f429i_discovery.o
 .text.I2Cx_Error
                0x0000000008000b8c       0x14 ./BSP/Src/stm32f429i_discovery.o
 .text.I2Cx_WriteData
                0x0000000008000ba0       0x38 ./BSP/Src/stm32f429i_discovery.o
 .text.I2Cx_ReadData
                0x0000000008000bd8       0x40 ./BSP/Src/stm32f429i_discovery.o
 .text.I2Cx_ReadBuffer
                0x0000000008000c18       0x30 ./BSP/Src/stm32f429i_discovery.o
 .text.LCD_IO_Init
                0x0000000008000c48       0xc8 ./BSP/Src/stm32f429i_discovery.o
                0x0000000008000c48                LCD_IO_Init
 .text.LCD_IO_WriteData
                0x0000000008000d10       0x38 ./BSP/Src/stm32f429i_discovery.o
                0x0000000008000d10                LCD_IO_WriteData
 .text.LCD_IO_WriteReg
                0x0000000008000d48       0x38 ./BSP/Src/stm32f429i_discovery.o
                0x0000000008000d48                LCD_IO_WriteReg
 .text.LCD_IO_ReadData
                0x0000000008000d80       0x50 ./BSP/Src/stm32f429i_discovery.o
                0x0000000008000d80                LCD_IO_ReadData
 .text.LCD_Delay
                0x0000000008000dd0        0x8 ./BSP/Src/stm32f429i_discovery.o
                0x0000000008000dd0                LCD_Delay
 .text.IOE_Init
                0x0000000008000dd8        0x8 ./BSP/Src/stm32f429i_discovery.o
                0x0000000008000dd8                IOE_Init
 .text.IOE_ITConfig
                0x0000000008000de0        0x8 ./BSP/Src/stm32f429i_discovery.o
                0x0000000008000de0                IOE_ITConfig
 .text.IOE_Write
                0x0000000008000de8        0x8 ./BSP/Src/stm32f429i_discovery.o
                0x0000000008000de8                IOE_Write
 .text.IOE_Read
                0x0000000008000df0        0x8 ./BSP/Src/stm32f429i_discovery.o
                0x0000000008000df0                IOE_Read
 .text.IOE_ReadMultiple
                0x0000000008000df8        0xa ./BSP/Src/stm32f429i_discovery.o
                0x0000000008000df8                IOE_ReadMultiple
 .text.IOE_Delay
                0x0000000008000e02        0x8 ./BSP/Src/stm32f429i_discovery.o
                0x0000000008000e02                IOE_Delay
 *fill*         0x0000000008000e0a        0x2 
 .text.FillBuffer
                0x0000000008000e0c       0x5c ./BSP/Src/stm32f429i_discovery_lcd.o
 .text.BSP_LCD_GetXSize
                0x0000000008000e68       0x10 ./BSP/Src/stm32f429i_discovery_lcd.o
                0x0000000008000e68                BSP_LCD_GetXSize
 .text.BSP_LCD_GetYSize
                0x0000000008000e78       0x10 ./BSP/Src/stm32f429i_discovery_lcd.o
                0x0000000008000e78                BSP_LCD_GetYSize
 .text.BSP_LCD_LayerDefaultInit
                0x0000000008000e88       0x88 ./BSP/Src/stm32f429i_discovery_lcd.o
                0x0000000008000e88                BSP_LCD_LayerDefaultInit
 .text.BSP_LCD_SelectLayer
                0x0000000008000f10        0xc ./BSP/Src/stm32f429i_discovery_lcd.o
                0x0000000008000f10                BSP_LCD_SelectLayer
 .text.BSP_LCD_SetTextColor
                0x0000000008000f1c       0x18 ./BSP/Src/stm32f429i_discovery_lcd.o
                0x0000000008000f1c                BSP_LCD_SetTextColor
 .text.BSP_LCD_SetBackColor
                0x0000000008000f34       0x1c ./BSP/Src/stm32f429i_discovery_lcd.o
                0x0000000008000f34                BSP_LCD_SetBackColor
 .text.BSP_LCD_SetFont
                0x0000000008000f50       0x1c ./BSP/Src/stm32f429i_discovery_lcd.o
                0x0000000008000f50                BSP_LCD_SetFont
 .text.BSP_LCD_Clear
                0x0000000008000f6c       0x3c ./BSP/Src/stm32f429i_discovery_lcd.o
                0x0000000008000f6c                BSP_LCD_Clear
 .text.BSP_LCD_Init
                0x0000000008000fa8       0x5c ./BSP/Src/stm32f429i_discovery_lcd.o
                0x0000000008000fa8                BSP_LCD_Init
 .text.BSP_LCD_DrawPixel
                0x0000000008001004       0x2c ./BSP/Src/stm32f429i_discovery_lcd.o
                0x0000000008001004                BSP_LCD_DrawPixel
 .text.DrawChar
                0x0000000008001030       0xe8 ./BSP/Src/stm32f429i_discovery_lcd.o
 .text.BSP_LCD_DisplayChar
                0x0000000008001118       0x34 ./BSP/Src/stm32f429i_discovery_lcd.o
                0x0000000008001118                BSP_LCD_DisplayChar
 .text.BSP_LCD_DisplayStringAt
                0x000000000800114c       0xc4 ./BSP/Src/stm32f429i_discovery_lcd.o
                0x000000000800114c                BSP_LCD_DisplayStringAt
 .text.BSP_SDRAM_Initialization_sequence
                0x0000000008001210       0xa0 ./BSP/Src/stm32f429i_discovery_sdram.o
                0x0000000008001210                BSP_SDRAM_Initialization_sequence
 .text.BSP_SDRAM_Init
                0x00000000080012b0        0xe ./BSP/Src/stm32f429i_discovery_sdram.o
                0x00000000080012b0                BSP_SDRAM_Init
 *fill*         0x00000000080012be        0x2 
 .text.BSP_TS_Init
                0x00000000080012c0       0x48 ./BSP/Src/stm32f429i_discovery_ts.o
                0x00000000080012c0                BSP_TS_Init
 .text.BSP_TS_GetState
                0x0000000008001308       0xfc ./BSP/Src/stm32f429i_discovery_ts.o
                0x0000000008001308                BSP_TS_GetState
 .text.stmpe811_GetInstance
                0x0000000008001404       0x20 ./BSP/Src/stmpe811.o
 .text.stmpe811_Reset
                0x0000000008001424       0x26 ./BSP/Src/stmpe811.o
                0x0000000008001424                stmpe811_Reset
 *fill*         0x000000000800144a        0x2 
 .text.stmpe811_Init
                0x000000000800144c       0x2c ./BSP/Src/stmpe811.o
                0x000000000800144c                stmpe811_Init
 .text.stmpe811_ReadID
                0x0000000008001478       0x24 ./BSP/Src/stmpe811.o
                0x0000000008001478                stmpe811_ReadID
 .text.stmpe811_TS_DetectTouch
                0x000000000800149c       0x3a ./BSP/Src/stmpe811.o
                0x000000000800149c                stmpe811_TS_DetectTouch
 .text.stmpe811_TS_GetXY
                0x00000000080014d6       0x50 ./BSP/Src/stmpe811.o
                0x00000000080014d6                stmpe811_TS_GetXY
 .text.stmpe811_EnableGlobalIT
                0x0000000008001526       0x1c ./BSP/Src/stmpe811.o
                0x0000000008001526                stmpe811_EnableGlobalIT
 .text.stmpe811_DisableGlobalIT
                0x0000000008001542       0x1a ./BSP/Src/stmpe811.o
                0x0000000008001542                stmpe811_DisableGlobalIT
 .text.stmpe811_EnableITSource
                0x000000000800155c       0x1e ./BSP/Src/stmpe811.o
                0x000000000800155c                stmpe811_EnableITSource
 .text.stmpe811_TS_EnableIT
                0x000000000800157a       0x18 ./BSP/Src/stmpe811.o
                0x000000000800157a                stmpe811_TS_EnableIT
 .text.stmpe811_DisableITSource
                0x0000000008001592       0x1e ./BSP/Src/stmpe811.o
                0x0000000008001592                stmpe811_DisableITSource
 .text.stmpe811_TS_DisableIT
                0x00000000080015b0       0x12 ./BSP/Src/stmpe811.o
                0x00000000080015b0                stmpe811_TS_DisableIT
 .text.stmpe811_ReadGITStatus
                0x00000000080015c2       0x10 ./BSP/Src/stmpe811.o
                0x00000000080015c2                stmpe811_ReadGITStatus
 .text.stmpe811_TS_ITStatus
                0x00000000080015d2        0xa ./BSP/Src/stmpe811.o
                0x00000000080015d2                stmpe811_TS_ITStatus
 .text.stmpe811_ClearGlobalIT
                0x00000000080015dc        0xe ./BSP/Src/stmpe811.o
                0x00000000080015dc                stmpe811_ClearGlobalIT
 .text.stmpe811_TS_ClearIT
                0x00000000080015ea        0xa ./BSP/Src/stmpe811.o
                0x00000000080015ea                stmpe811_TS_ClearIT
 .text.stmpe811_IO_EnableAF
                0x00000000080015f4       0x1e ./BSP/Src/stmpe811.o
                0x00000000080015f4                stmpe811_IO_EnableAF
 .text.stmpe811_TS_Start
                0x0000000008001612       0xa2 ./BSP/Src/stmpe811.o
                0x0000000008001612                stmpe811_TS_Start
 .text.vApplicationIdleHook
                0x00000000080016b4        0x2 ./Core/Src/freertos.o
                0x00000000080016b4                vApplicationIdleHook
 .text.vApplicationStackOverflowHook
                0x00000000080016b6        0x2 ./Core/Src/freertos.o
                0x00000000080016b6                vApplicationStackOverflowHook
 .text.vApplicationMallocFailedHook
                0x00000000080016b8        0x2 ./Core/Src/freertos.o
                0x00000000080016b8                vApplicationMallocFailedHook
 *fill*         0x00000000080016ba        0x2 
 .text.vApplicationGetIdleTaskMemory
                0x00000000080016bc       0x18 ./Core/Src/freertos.o
                0x00000000080016bc                vApplicationGetIdleTaskMemory
 .text.MX_GPIO_Init
                0x00000000080016d4      0x1a4 ./Core/Src/main.o
 .text.HAL_TIM_PeriodElapsedCallback
                0x0000000008001878       0x18 ./Core/Src/main.o
                0x0000000008001878                HAL_TIM_PeriodElapsedCallback
 .text.Error_Handler
                0x0000000008001890        0x4 ./Core/Src/main.o
                0x0000000008001890                Error_Handler
 .text.MX_CRC_Init
                0x0000000008001894       0x1c ./Core/Src/main.o
 .text.MX_DMA2D_Init
                0x00000000080018b0       0x3c ./Core/Src/main.o
 .text.MX_FMC_Init
                0x00000000080018ec       0x64 ./Core/Src/main.o
 .text.MX_I2C3_Init
                0x0000000008001950       0x54 ./Core/Src/main.o
 .text.MX_LTDC_Init
                0x00000000080019a4       0xb4 ./Core/Src/main.o
 .text.MX_SPI5_Init
                0x0000000008001a58       0x40 ./Core/Src/main.o
 .text.MX_TIM1_Init
                0x0000000008001a98       0x68 ./Core/Src/main.o
 .text.MX_USART1_UART_Init
                0x0000000008001b00       0x34 ./Core/Src/main.o
 .text.MX_USB_OTG_HS_HCD_Init
                0x0000000008001b34       0x34 ./Core/Src/main.o
 .text.SystemClock_Config
                0x0000000008001b68       0xa8 ./Core/Src/main.o
                0x0000000008001b68                SystemClock_Config
 .text.main     0x0000000008001c10       0x4c ./Core/Src/main.o
                0x0000000008001c10                main
 .text.HAL_FMC_MspInit
                0x0000000008001c5c       0xdc ./Core/Src/stm32f4xx_hal_msp.o
 .text.HAL_MspInit
                0x0000000008001d38       0x44 ./Core/Src/stm32f4xx_hal_msp.o
                0x0000000008001d38                HAL_MspInit
 .text.HAL_CRC_MspInit
                0x0000000008001d7c       0x30 ./Core/Src/stm32f4xx_hal_msp.o
                0x0000000008001d7c                HAL_CRC_MspInit
 .text.HAL_DMA2D_MspInit
                0x0000000008001dac       0x40 ./Core/Src/stm32f4xx_hal_msp.o
                0x0000000008001dac                HAL_DMA2D_MspInit
 .text.HAL_I2C_MspInit
                0x0000000008001dec       0xac ./Core/Src/stm32f4xx_hal_msp.o
                0x0000000008001dec                HAL_I2C_MspInit
 .text.HAL_I2C_MspDeInit
                0x0000000008001e98       0x3c ./Core/Src/stm32f4xx_hal_msp.o
                0x0000000008001e98                HAL_I2C_MspDeInit
 .text.HAL_LTDC_MspInit
                0x0000000008001ed4      0x1cc ./Core/Src/stm32f4xx_hal_msp.o
                0x0000000008001ed4                HAL_LTDC_MspInit
 .text.HAL_SPI_MspInit
                0x00000000080020a0       0x70 ./Core/Src/stm32f4xx_hal_msp.o
                0x00000000080020a0                HAL_SPI_MspInit
 .text.HAL_SPI_MspDeInit
                0x0000000008002110       0x30 ./Core/Src/stm32f4xx_hal_msp.o
                0x0000000008002110                HAL_SPI_MspDeInit
 .text.HAL_TIM_Base_MspInit
                0x0000000008002140       0x30 ./Core/Src/stm32f4xx_hal_msp.o
                0x0000000008002140                HAL_TIM_Base_MspInit
 .text.HAL_UART_MspInit
                0x0000000008002170       0x74 ./Core/Src/stm32f4xx_hal_msp.o
                0x0000000008002170                HAL_UART_MspInit
 .text.HAL_HCD_MspInit
                0x00000000080021e4       0x98 ./Core/Src/stm32f4xx_hal_msp.o
                0x00000000080021e4                HAL_HCD_MspInit
 .text.HAL_SDRAM_MspInit
                0x000000000800227c        0x8 ./Core/Src/stm32f4xx_hal_msp.o
                0x000000000800227c                HAL_SDRAM_MspInit
 .text.HAL_InitTick
                0x0000000008002284       0x7c ./Core/Src/stm32f4xx_hal_timebase_tim.o
                0x0000000008002284                HAL_InitTick
 .text.NMI_Handler
                0x0000000008002300        0x2 ./Core/Src/stm32f4xx_it.o
                0x0000000008002300                NMI_Handler
 .text.HardFault_Handler
                0x0000000008002302        0x2 ./Core/Src/stm32f4xx_it.o
                0x0000000008002302                HardFault_Handler
 .text.MemManage_Handler
                0x0000000008002304        0x2 ./Core/Src/stm32f4xx_it.o
                0x0000000008002304                MemManage_Handler
 .text.BusFault_Handler
                0x0000000008002306        0x2 ./Core/Src/stm32f4xx_it.o
                0x0000000008002306                BusFault_Handler
 .text.UsageFault_Handler
                0x0000000008002308        0x2 ./Core/Src/stm32f4xx_it.o
                0x0000000008002308                UsageFault_Handler
 .text.DebugMon_Handler
                0x000000000800230a        0x2 ./Core/Src/stm32f4xx_it.o
                0x000000000800230a                DebugMon_Handler
 .text.TIM6_DAC_IRQHandler
                0x000000000800230c       0x10 ./Core/Src/stm32f4xx_it.o
                0x000000000800230c                TIM6_DAC_IRQHandler
 .text.OTG_HS_IRQHandler
                0x000000000800231c       0x10 ./Core/Src/stm32f4xx_it.o
                0x000000000800231c                OTG_HS_IRQHandler
 .text.LTDC_IRQHandler
                0x000000000800232c       0x10 ./Core/Src/stm32f4xx_it.o
                0x000000000800232c                LTDC_IRQHandler
 .text.DMA2D_IRQHandler
                0x000000000800233c       0x10 ./Core/Src/stm32f4xx_it.o
                0x000000000800233c                DMA2D_IRQHandler
 .text._sbrk    0x000000000800234c       0x48 ./Core/Src/sysmem.o
                0x000000000800234c                _sbrk
 .text.SystemInit
                0x0000000008002394       0x14 ./Core/Src/system_stm32f4xx.o
                0x0000000008002394                SystemInit
 .text.Reset_Handler
                0x00000000080023a8       0x50 ./Core/Startup/startup_stm32f429zitx.o
                0x00000000080023a8                Reset_Handler
 .text.Default_Handler
                0x00000000080023f8        0x2 ./Core/Startup/startup_stm32f429zitx.o
                0x00000000080023f8                RTC_Alarm_IRQHandler
                0x00000000080023f8                HASH_RNG_IRQHandler
                0x00000000080023f8                EXTI2_IRQHandler
                0x00000000080023f8                TIM8_CC_IRQHandler
                0x00000000080023f8                UART8_IRQHandler
                0x00000000080023f8                SPI4_IRQHandler
                0x00000000080023f8                TIM1_CC_IRQHandler
                0x00000000080023f8                DMA2_Stream5_IRQHandler
                0x00000000080023f8                DMA1_Stream5_IRQHandler
                0x00000000080023f8                PVD_IRQHandler
                0x00000000080023f8                SDIO_IRQHandler
                0x00000000080023f8                TAMP_STAMP_IRQHandler
                0x00000000080023f8                CAN2_RX1_IRQHandler
                0x00000000080023f8                EXTI3_IRQHandler
                0x00000000080023f8                TIM8_TRG_COM_TIM14_IRQHandler
                0x00000000080023f8                TIM1_UP_TIM10_IRQHandler
                0x00000000080023f8                TIM8_UP_TIM13_IRQHandler
                0x00000000080023f8                I2C3_ER_IRQHandler
                0x00000000080023f8                EXTI0_IRQHandler
                0x00000000080023f8                I2C2_EV_IRQHandler
                0x00000000080023f8                DMA1_Stream2_IRQHandler
                0x00000000080023f8                CAN1_RX0_IRQHandler
                0x00000000080023f8                FPU_IRQHandler
                0x00000000080023f8                OTG_HS_WKUP_IRQHandler
                0x00000000080023f8                LTDC_ER_IRQHandler
                0x00000000080023f8                CAN2_SCE_IRQHandler
                0x00000000080023f8                DMA2_Stream2_IRQHandler
                0x00000000080023f8                SPI1_IRQHandler
                0x00000000080023f8                TIM1_BRK_TIM9_IRQHandler
                0x00000000080023f8                DCMI_IRQHandler
                0x00000000080023f8                CAN2_RX0_IRQHandler
                0x00000000080023f8                DMA2_Stream3_IRQHandler
                0x00000000080023f8                USART6_IRQHandler
                0x00000000080023f8                USART3_IRQHandler
                0x00000000080023f8                CAN1_RX1_IRQHandler
                0x00000000080023f8                UART5_IRQHandler
                0x00000000080023f8                DMA2_Stream0_IRQHandler
                0x00000000080023f8                TIM4_IRQHandler
                0x00000000080023f8                I2C1_EV_IRQHandler
                0x00000000080023f8                DMA1_Stream6_IRQHandler
                0x00000000080023f8                DMA1_Stream1_IRQHandler
                0x00000000080023f8                UART4_IRQHandler
                0x00000000080023f8                TIM3_IRQHandler
                0x00000000080023f8                RCC_IRQHandler
                0x00000000080023f8                TIM8_BRK_TIM12_IRQHandler
                0x00000000080023f8                Default_Handler
                0x00000000080023f8                EXTI15_10_IRQHandler
                0x00000000080023f8                ADC_IRQHandler
                0x00000000080023f8                DMA1_Stream7_IRQHandler
                0x00000000080023f8                SPI5_IRQHandler
                0x00000000080023f8                TIM7_IRQHandler
                0x00000000080023f8                CAN2_TX_IRQHandler
                0x00000000080023f8                TIM5_IRQHandler
                0x00000000080023f8                DMA2_Stream7_IRQHandler
                0x00000000080023f8                I2C3_EV_IRQHandler
                0x00000000080023f8                EXTI9_5_IRQHandler
                0x00000000080023f8                RTC_WKUP_IRQHandler
                0x00000000080023f8                ETH_WKUP_IRQHandler
                0x00000000080023f8                SPI2_IRQHandler
                0x00000000080023f8                OTG_HS_EP1_IN_IRQHandler
                0x00000000080023f8                DMA1_Stream0_IRQHandler
                0x00000000080023f8                CAN1_TX_IRQHandler
                0x00000000080023f8                EXTI4_IRQHandler
                0x00000000080023f8                ETH_IRQHandler
                0x00000000080023f8                OTG_HS_EP1_OUT_IRQHandler
                0x00000000080023f8                WWDG_IRQHandler
                0x00000000080023f8                SPI6_IRQHandler
                0x00000000080023f8                TIM2_IRQHandler
                0x00000000080023f8                OTG_FS_WKUP_IRQHandler
                0x00000000080023f8                TIM1_TRG_COM_TIM11_IRQHandler
                0x00000000080023f8                EXTI1_IRQHandler
                0x00000000080023f8                UART7_IRQHandler
                0x00000000080023f8                USART2_IRQHandler
                0x00000000080023f8                I2C2_ER_IRQHandler
                0x00000000080023f8                DMA2_Stream1_IRQHandler
                0x00000000080023f8                CAN1_SCE_IRQHandler
                0x00000000080023f8                FLASH_IRQHandler
                0x00000000080023f8                DMA2_Stream4_IRQHandler
                0x00000000080023f8                USART1_IRQHandler
                0x00000000080023f8                OTG_FS_IRQHandler
                0x00000000080023f8                SPI3_IRQHandler
                0x00000000080023f8                DMA1_Stream4_IRQHandler
                0x00000000080023f8                I2C1_ER_IRQHandler
                0x00000000080023f8                FMC_IRQHandler
                0x00000000080023f8                DMA2_Stream6_IRQHandler
                0x00000000080023f8                SAI1_IRQHandler
                0x00000000080023f8                DMA1_Stream3_IRQHandler
 *fill*         0x00000000080023fa        0x2 
 .text.HAL_Init
                0x00000000080023fc       0x34 ./Drivers/STM32F4xx_HAL_Driver/Src/stm32f4xx_hal.o
                0x00000000080023fc                HAL_Init
 .text.HAL_IncTick
                0x0000000008002430       0x18 ./Drivers/STM32F4xx_HAL_Driver/Src/stm32f4xx_hal.o
                0x0000000008002430                HAL_IncTick
 .text.HAL_GetTick
                0x0000000008002448        0xc ./Drivers/STM32F4xx_HAL_Driver/Src/stm32f4xx_hal.o
                0x0000000008002448                HAL_GetTick
 .text.HAL_Delay
                0x0000000008002454       0x28 ./Drivers/STM32F4xx_HAL_Driver/Src/stm32f4xx_hal.o
                0x0000000008002454                HAL_Delay
 .text.HAL_NVIC_SetPriorityGrouping
                0x000000000800247c       0x24 ./Drivers/STM32F4xx_HAL_Driver/Src/stm32f4xx_hal_cortex.o
                0x000000000800247c                HAL_NVIC_SetPriorityGrouping
 .text.HAL_NVIC_SetPriority
                0x00000000080024a0       0x68 ./Drivers/STM32F4xx_HAL_Driver/Src/stm32f4xx_hal_cortex.o
                0x00000000080024a0                HAL_NVIC_SetPriority
 .text.HAL_NVIC_EnableIRQ
                0x0000000008002508       0x1c ./Drivers/STM32F4xx_HAL_Driver/Src/stm32f4xx_hal_cortex.o
                0x0000000008002508                HAL_NVIC_EnableIRQ
 .text.HAL_CRC_Init
                0x0000000008002524       0x1e ./Drivers/STM32F4xx_HAL_Driver/Src/stm32f4xx_hal_crc.o
                0x0000000008002524                HAL_CRC_Init
 .text.DMA2D_SetConfig
                0x0000000008002542       0x8c ./Drivers/STM32F4xx_HAL_Driver/Src/stm32f4xx_hal_dma2d.o
 .text.HAL_DMA2D_Init
                0x00000000080025ce       0x5a ./Drivers/STM32F4xx_HAL_Driver/Src/stm32f4xx_hal_dma2d.o
                0x00000000080025ce                HAL_DMA2D_Init
 .text.HAL_DMA2D_Start
                0x0000000008002628       0x38 ./Drivers/STM32F4xx_HAL_Driver/Src/stm32f4xx_hal_dma2d.o
                0x0000000008002628                HAL_DMA2D_Start
 .text.HAL_DMA2D_PollForTransfer
                0x0000000008002660      0x13e ./Drivers/STM32F4xx_HAL_Driver/Src/stm32f4xx_hal_dma2d.o
                0x0000000008002660                HAL_DMA2D_PollForTransfer
 .text.HAL_DMA2D_LineEventCallback
                0x000000000800279e        0x2 ./Drivers/STM32F4xx_HAL_Driver/Src/stm32f4xx_hal_dma2d.o
                0x000000000800279e                HAL_DMA2D_LineEventCallback
 .text.HAL_DMA2D_CLUTLoadingCpltCallback
                0x00000000080027a0        0x2 ./Drivers/STM32F4xx_HAL_Driver/Src/stm32f4xx_hal_dma2d.o
                0x00000000080027a0                HAL_DMA2D_CLUTLoadingCpltCallback
 .text.HAL_DMA2D_IRQHandler
                0x00000000080027a2      0x13c ./Drivers/STM32F4xx_HAL_Driver/Src/stm32f4xx_hal_dma2d.o
                0x00000000080027a2                HAL_DMA2D_IRQHandler
 *fill*         0x00000000080028de        0x2 
 .text.HAL_DMA2D_ConfigLayer
                0x00000000080028e0       0xc4 ./Drivers/STM32F4xx_HAL_Driver/Src/stm32f4xx_hal_dma2d.o
                0x00000000080028e0                HAL_DMA2D_ConfigLayer
 .text.HAL_GPIO_Init
                0x00000000080029a4      0x1f0 ./Drivers/STM32F4xx_HAL_Driver/Src/stm32f4xx_hal_gpio.o
                0x00000000080029a4                HAL_GPIO_Init
 .text.HAL_GPIO_DeInit
                0x0000000008002b94      0x14c ./Drivers/STM32F4xx_HAL_Driver/Src/stm32f4xx_hal_gpio.o
                0x0000000008002b94                HAL_GPIO_DeInit
 .text.HAL_GPIO_WritePin
                0x0000000008002ce0        0xc ./Drivers/STM32F4xx_HAL_Driver/Src/stm32f4xx_hal_gpio.o
                0x0000000008002ce0                HAL_GPIO_WritePin
 .text.HCD_RXQLVL_IRQHandler
                0x0000000008002cec       0x9e ./Drivers/STM32F4xx_HAL_Driver/Src/stm32f4xx_hal_hcd.o
 .text.HAL_HCD_Init
                0x0000000008002d8a       0x94 ./Drivers/STM32F4xx_HAL_Driver/Src/stm32f4xx_hal_hcd.o
                0x0000000008002d8a                HAL_HCD_Init
 .text.HAL_HCD_SOF_Callback
                0x0000000008002e1e        0x2 ./Drivers/STM32F4xx_HAL_Driver/Src/stm32f4xx_hal_hcd.o
                0x0000000008002e1e                HAL_HCD_SOF_Callback
 .text.HAL_HCD_Connect_Callback
                0x0000000008002e20        0x2 ./Drivers/STM32F4xx_HAL_Driver/Src/stm32f4xx_hal_hcd.o
                0x0000000008002e20                HAL_HCD_Connect_Callback
 .text.HAL_HCD_Disconnect_Callback
                0x0000000008002e22        0x2 ./Drivers/STM32F4xx_HAL_Driver/Src/stm32f4xx_hal_hcd.o
                0x0000000008002e22                HAL_HCD_Disconnect_Callback
 .text.HAL_HCD_PortEnabled_Callback
                0x0000000008002e24        0x2 ./Drivers/STM32F4xx_HAL_Driver/Src/stm32f4xx_hal_hcd.o
                0x0000000008002e24                HAL_HCD_PortEnabled_Callback
 .text.HAL_HCD_PortDisabled_Callback
                0x0000000008002e26        0x2 ./Drivers/STM32F4xx_HAL_Driver/Src/stm32f4xx_hal_hcd.o
                0x0000000008002e26                HAL_HCD_PortDisabled_Callback
 .text.HCD_Port_IRQHandler
                0x0000000008002e28       0xb0 ./Drivers/STM32F4xx_HAL_Driver/Src/stm32f4xx_hal_hcd.o
 .text.HAL_HCD_HC_NotifyURBChange_Callback
                0x0000000008002ed8        0x2 ./Drivers/STM32F4xx_HAL_Driver/Src/stm32f4xx_hal_hcd.o
                0x0000000008002ed8                HAL_HCD_HC_NotifyURBChange_Callback
 .text.HCD_HC_IN_IRQHandler
                0x0000000008002eda      0x324 ./Drivers/STM32F4xx_HAL_Driver/Src/stm32f4xx_hal_hcd.o
 .text.HCD_HC_OUT_IRQHandler
                0x00000000080031fe      0x30a ./Drivers/STM32F4xx_HAL_Driver/Src/stm32f4xx_hal_hcd.o
 .text.HAL_HCD_IRQHandler
                0x0000000008003508      0x156 ./Drivers/STM32F4xx_HAL_Driver/Src/stm32f4xx_hal_hcd.o
                0x0000000008003508                HAL_HCD_IRQHandler
 .text.I2C_IsAcknowledgeFailed
                0x000000000800365e       0x32 ./Drivers/STM32F4xx_HAL_Driver/Src/stm32f4xx_hal_i2c.o
 .text.I2C_WaitOnFlagUntilTimeout
                0x0000000008003690       0x74 ./Drivers/STM32F4xx_HAL_Driver/Src/stm32f4xx_hal_i2c.o
 .text.I2C_WaitOnMasterAddressFlagUntilTimeout
                0x0000000008003704       0xaa ./Drivers/STM32F4xx_HAL_Driver/Src/stm32f4xx_hal_i2c.o
 .text.I2C_WaitOnTXEFlagUntilTimeout
                0x00000000080037ae       0x54 ./Drivers/STM32F4xx_HAL_Driver/Src/stm32f4xx_hal_i2c.o
 *fill*         0x0000000008003802        0x2 
 .text.I2C_RequestMemoryWrite
                0x0000000008003804       0xd8 ./Drivers/STM32F4xx_HAL_Driver/Src/stm32f4xx_hal_i2c.o
 .text.I2C_RequestMemoryRead
                0x00000000080038dc      0x154 ./Drivers/STM32F4xx_HAL_Driver/Src/stm32f4xx_hal_i2c.o
 .text.I2C_WaitOnBTFFlagUntilTimeout
                0x0000000008003a30       0x54 ./Drivers/STM32F4xx_HAL_Driver/Src/stm32f4xx_hal_i2c.o
 .text.I2C_WaitOnRXNEFlagUntilTimeout
                0x0000000008003a84       0x6a ./Drivers/STM32F4xx_HAL_Driver/Src/stm32f4xx_hal_i2c.o
 *fill*         0x0000000008003aee        0x2 
 .text.HAL_I2C_Init
                0x0000000008003af0      0x1bc ./Drivers/STM32F4xx_HAL_Driver/Src/stm32f4xx_hal_i2c.o
                0x0000000008003af0                HAL_I2C_Init
 .text.HAL_I2C_DeInit
                0x0000000008003cac       0x32 ./Drivers/STM32F4xx_HAL_Driver/Src/stm32f4xx_hal_i2c.o
                0x0000000008003cac                HAL_I2C_DeInit
 *fill*         0x0000000008003cde        0x2 
 .text.HAL_I2C_Mem_Write
                0x0000000008003ce0      0x164 ./Drivers/STM32F4xx_HAL_Driver/Src/stm32f4xx_hal_i2c.o
                0x0000000008003ce0                HAL_I2C_Mem_Write
 .text.HAL_I2C_Mem_Read
                0x0000000008003e44      0x2e4 ./Drivers/STM32F4xx_HAL_Driver/Src/stm32f4xx_hal_i2c.o
                0x0000000008003e44                HAL_I2C_Mem_Read
 .text.HAL_I2C_GetState
                0x0000000008004128        0x6 ./Drivers/STM32F4xx_HAL_Driver/Src/stm32f4xx_hal_i2c.o
                0x0000000008004128                HAL_I2C_GetState
 .text.HAL_I2CEx_ConfigAnalogFilter
                0x000000000800412e       0x44 ./Drivers/STM32F4xx_HAL_Driver/Src/stm32f4xx_hal_i2c_ex.o
                0x000000000800412e                HAL_I2CEx_ConfigAnalogFilter
 .text.HAL_I2CEx_ConfigDigitalFilter
                0x0000000008004172       0x42 ./Drivers/STM32F4xx_HAL_Driver/Src/stm32f4xx_hal_i2c_ex.o
                0x0000000008004172                HAL_I2CEx_ConfigDigitalFilter
 .text.LTDC_SetConfig
                0x00000000080041b4      0x1ac ./Drivers/STM32F4xx_HAL_Driver/Src/stm32f4xx_hal_ltdc.o
 .text.HAL_LTDC_Init
                0x0000000008004360       0xf4 ./Drivers/STM32F4xx_HAL_Driver/Src/stm32f4xx_hal_ltdc.o
                0x0000000008004360                HAL_LTDC_Init
 .text.HAL_LTDC_ErrorCallback
                0x0000000008004454        0x2 ./Drivers/STM32F4xx_HAL_Driver/Src/stm32f4xx_hal_ltdc.o
                0x0000000008004454                HAL_LTDC_ErrorCallback
 .text.HAL_LTDC_LineEventCallback
                0x0000000008004456        0x2 ./Drivers/STM32F4xx_HAL_Driver/Src/stm32f4xx_hal_ltdc.o
                0x0000000008004456                HAL_LTDC_LineEventCallback
 .text.HAL_LTDC_ReloadEventCallback
                0x0000000008004458        0x2 ./Drivers/STM32F4xx_HAL_Driver/Src/stm32f4xx_hal_ltdc.o
                0x0000000008004458                HAL_LTDC_ReloadEventCallback
 .text.HAL_LTDC_IRQHandler
                0x000000000800445a       0xda ./Drivers/STM32F4xx_HAL_Driver/Src/stm32f4xx_hal_ltdc.o
                0x000000000800445a                HAL_LTDC_IRQHandler
 .text.HAL_LTDC_ConfigLayer
                0x0000000008004534       0x5c ./Drivers/STM32F4xx_HAL_Driver/Src/stm32f4xx_hal_ltdc.o
                0x0000000008004534                HAL_LTDC_ConfigLayer
 .text.HAL_LTDC_EnableDither
                0x0000000008004590       0x34 ./Drivers/STM32F4xx_HAL_Driver/Src/stm32f4xx_hal_ltdc.o
                0x0000000008004590                HAL_LTDC_EnableDither
 .text.HAL_RCC_OscConfig
                0x00000000080045c4      0x3f8 ./Drivers/STM32F4xx_HAL_Driver/Src/stm32f4xx_hal_rcc.o
                0x00000000080045c4                HAL_RCC_OscConfig
 .text.HAL_RCC_GetSysClockFreq
                0x00000000080049bc       0xcc ./Drivers/STM32F4xx_HAL_Driver/Src/stm32f4xx_hal_rcc.o
                0x00000000080049bc                HAL_RCC_GetSysClockFreq
 .text.HAL_RCC_ClockConfig
                0x0000000008004a88      0x160 ./Drivers/STM32F4xx_HAL_Driver/Src/stm32f4xx_hal_rcc.o
                0x0000000008004a88                HAL_RCC_ClockConfig
 .text.HAL_RCC_GetHCLKFreq
                0x0000000008004be8        0xc ./Drivers/STM32F4xx_HAL_Driver/Src/stm32f4xx_hal_rcc.o
                0x0000000008004be8                HAL_RCC_GetHCLKFreq
 .text.HAL_RCC_GetPCLK1Freq
                0x0000000008004bf4       0x20 ./Drivers/STM32F4xx_HAL_Driver/Src/stm32f4xx_hal_rcc.o
                0x0000000008004bf4                HAL_RCC_GetPCLK1Freq
 .text.HAL_RCC_GetPCLK2Freq
                0x0000000008004c14       0x20 ./Drivers/STM32F4xx_HAL_Driver/Src/stm32f4xx_hal_rcc.o
                0x0000000008004c14                HAL_RCC_GetPCLK2Freq
 .text.HAL_RCC_GetClockConfig
                0x0000000008004c34       0x3c ./Drivers/STM32F4xx_HAL_Driver/Src/stm32f4xx_hal_rcc.o
                0x0000000008004c34                HAL_RCC_GetClockConfig
 .text.HAL_RCCEx_PeriphCLKConfig
                0x0000000008004c70      0x288 ./Drivers/STM32F4xx_HAL_Driver/Src/stm32f4xx_hal_rcc_ex.o
                0x0000000008004c70                HAL_RCCEx_PeriphCLKConfig
 .text.HAL_SDRAM_Init
                0x0000000008004ef8       0x40 ./Drivers/STM32F4xx_HAL_Driver/Src/stm32f4xx_hal_sdram.o
                0x0000000008004ef8                HAL_SDRAM_Init
 .text.HAL_SDRAM_SendCommand
                0x0000000008004f38       0x36 ./Drivers/STM32F4xx_HAL_Driver/Src/stm32f4xx_hal_sdram.o
                0x0000000008004f38                HAL_SDRAM_SendCommand
 .text.HAL_SDRAM_ProgramRefreshRate
                0x0000000008004f6e       0x24 ./Drivers/STM32F4xx_HAL_Driver/Src/stm32f4xx_hal_sdram.o
                0x0000000008004f6e                HAL_SDRAM_ProgramRefreshRate
 *fill*         0x0000000008004f92        0x2 
 .text.SPI_WaitFlagStateUntilTimeout
                0x0000000008004f94       0xd0 ./Drivers/STM32F4xx_HAL_Driver/Src/stm32f4xx_hal_spi.o
 .text.SPI_EndRxTxTransaction
                0x0000000008005064       0x68 ./Drivers/STM32F4xx_HAL_Driver/Src/stm32f4xx_hal_spi.o
 .text.SPI_EndRxTransaction
                0x00000000080050cc       0x8c ./Drivers/STM32F4xx_HAL_Driver/Src/stm32f4xx_hal_spi.o
 .text.HAL_SPI_Init
                0x0000000008005158       0xbe ./Drivers/STM32F4xx_HAL_Driver/Src/stm32f4xx_hal_spi.o
                0x0000000008005158                HAL_SPI_Init
 .text.HAL_SPI_DeInit
                0x0000000008005216       0x2c ./Drivers/STM32F4xx_HAL_Driver/Src/stm32f4xx_hal_spi.o
                0x0000000008005216                HAL_SPI_DeInit
 .text.HAL_SPI_Transmit
                0x0000000008005242      0x1ae ./Drivers/STM32F4xx_HAL_Driver/Src/stm32f4xx_hal_spi.o
                0x0000000008005242                HAL_SPI_Transmit
 .text.HAL_SPI_TransmitReceive
                0x00000000080053f0      0x238 ./Drivers/STM32F4xx_HAL_Driver/Src/stm32f4xx_hal_spi.o
                0x00000000080053f0                HAL_SPI_TransmitReceive
 .text.HAL_SPI_Receive
                0x0000000008005628      0x174 ./Drivers/STM32F4xx_HAL_Driver/Src/stm32f4xx_hal_spi.o
                0x0000000008005628                HAL_SPI_Receive
 .text.HAL_SPI_GetState
                0x000000000800579c        0x6 ./Drivers/STM32F4xx_HAL_Driver/Src/stm32f4xx_hal_spi.o
                0x000000000800579c                HAL_SPI_GetState
 .text.TIM_TI1_ConfigInputStage
                0x00000000080057a2       0x24 ./Drivers/STM32F4xx_HAL_Driver/Src/stm32f4xx_hal_tim.o
 .text.TIM_TI2_ConfigInputStage
                0x00000000080057c6       0x26 ./Drivers/STM32F4xx_HAL_Driver/Src/stm32f4xx_hal_tim.o
 .text.TIM_ITRx_SetConfig
                0x00000000080057ec       0x10 ./Drivers/STM32F4xx_HAL_Driver/Src/stm32f4xx_hal_tim.o
 .text.HAL_TIM_Base_Start_IT
                0x00000000080057fc       0x88 ./Drivers/STM32F4xx_HAL_Driver/Src/stm32f4xx_hal_tim.o
                0x00000000080057fc                HAL_TIM_Base_Start_IT
 .text.HAL_TIM_OC_DelayElapsedCallback
                0x0000000008005884        0x2 ./Drivers/STM32F4xx_HAL_Driver/Src/stm32f4xx_hal_tim.o
                0x0000000008005884                HAL_TIM_OC_DelayElapsedCallback
 .text.HAL_TIM_IC_CaptureCallback
                0x0000000008005886        0x2 ./Drivers/STM32F4xx_HAL_Driver/Src/stm32f4xx_hal_tim.o
                0x0000000008005886                HAL_TIM_IC_CaptureCallback
 .text.HAL_TIM_PWM_PulseFinishedCallback
                0x0000000008005888        0x2 ./Drivers/STM32F4xx_HAL_Driver/Src/stm32f4xx_hal_tim.o
                0x0000000008005888                HAL_TIM_PWM_PulseFinishedCallback
 .text.HAL_TIM_TriggerCallback
                0x000000000800588a        0x2 ./Drivers/STM32F4xx_HAL_Driver/Src/stm32f4xx_hal_tim.o
                0x000000000800588a                HAL_TIM_TriggerCallback
 .text.HAL_TIM_IRQHandler
                0x000000000800588c      0x17a ./Drivers/STM32F4xx_HAL_Driver/Src/stm32f4xx_hal_tim.o
                0x000000000800588c                HAL_TIM_IRQHandler
 *fill*         0x0000000008005a06        0x2 
 .text.TIM_Base_SetConfig
                0x0000000008005a08       0xc8 ./Drivers/STM32F4xx_HAL_Driver/Src/stm32f4xx_hal_tim.o
                0x0000000008005a08                TIM_Base_SetConfig
 .text.HAL_TIM_Base_Init
                0x0000000008005ad0       0x58 ./Drivers/STM32F4xx_HAL_Driver/Src/stm32f4xx_hal_tim.o
                0x0000000008005ad0                HAL_TIM_Base_Init
 .text.TIM_ETR_SetConfig
                0x0000000008005b28       0x18 ./Drivers/STM32F4xx_HAL_Driver/Src/stm32f4xx_hal_tim.o
                0x0000000008005b28                TIM_ETR_SetConfig
 .text.HAL_TIM_ConfigClockSource
                0x0000000008005b40       0xfe ./Drivers/STM32F4xx_HAL_Driver/Src/stm32f4xx_hal_tim.o
                0x0000000008005b40                HAL_TIM_ConfigClockSource
 *fill*         0x0000000008005c3e        0x2 
 .text.HAL_TIMEx_MasterConfigSynchronization
                0x0000000008005c40       0x88 ./Drivers/STM32F4xx_HAL_Driver/Src/stm32f4xx_hal_tim_ex.o
                0x0000000008005c40                HAL_TIMEx_MasterConfigSynchronization
 .text.HAL_TIMEx_CommutCallback
                0x0000000008005cc8        0x2 ./Drivers/STM32F4xx_HAL_Driver/Src/stm32f4xx_hal_tim_ex.o
                0x0000000008005cc8                HAL_TIMEx_CommutCallback
 .text.HAL_TIMEx_BreakCallback
                0x0000000008005cca        0x2 ./Drivers/STM32F4xx_HAL_Driver/Src/stm32f4xx_hal_tim_ex.o
                0x0000000008005cca                HAL_TIMEx_BreakCallback
 .text.UART_SetConfig
                0x0000000008005ccc      0x11c ./Drivers/STM32F4xx_HAL_Driver/Src/stm32f4xx_hal_uart.o
 .text.HAL_UART_Init
                0x0000000008005de8       0x5e ./Drivers/STM32F4xx_HAL_Driver/Src/stm32f4xx_hal_uart.o
                0x0000000008005de8                HAL_UART_Init
 .text.FMC_SDRAM_Init
                0x0000000008005e46       0x78 ./Drivers/STM32F4xx_HAL_Driver/Src/stm32f4xx_ll_fmc.o
                0x0000000008005e46                FMC_SDRAM_Init
 .text.FMC_SDRAM_Timing_Init
                0x0000000008005ebe       0x96 ./Drivers/STM32F4xx_HAL_Driver/Src/stm32f4xx_ll_fmc.o
                0x0000000008005ebe                FMC_SDRAM_Timing_Init
 .text.FMC_SDRAM_SendCommand
                0x0000000008005f54       0x50 ./Drivers/STM32F4xx_HAL_Driver/Src/stm32f4xx_ll_fmc.o
                0x0000000008005f54                FMC_SDRAM_SendCommand
 .text.FMC_SDRAM_ProgramRefreshRate
                0x0000000008005fa4        0xc ./Drivers/STM32F4xx_HAL_Driver/Src/stm32f4xx_ll_fmc.o
                0x0000000008005fa4                FMC_SDRAM_ProgramRefreshRate
 .text.USB_CoreReset
                0x0000000008005fb0       0x4c ./Drivers/STM32F4xx_HAL_Driver/Src/stm32f4xx_ll_usb.o
 .text.USB_CoreInit
                0x0000000008005ffc       0x8a ./Drivers/STM32F4xx_HAL_Driver/Src/stm32f4xx_ll_usb.o
                0x0000000008005ffc                USB_CoreInit
 .text.USB_DisableGlobalInt
                0x0000000008006086        0xc ./Drivers/STM32F4xx_HAL_Driver/Src/stm32f4xx_ll_usb.o
                0x0000000008006086                USB_DisableGlobalInt
 *fill*         0x0000000008006092        0x2 
 .text.USB_FlushTxFifo
                0x0000000008006094       0x30 ./Drivers/STM32F4xx_HAL_Driver/Src/stm32f4xx_ll_usb.o
                0x0000000008006094                USB_FlushTxFifo
 .text.USB_FlushRxFifo
                0x00000000080060c4       0x2c ./Drivers/STM32F4xx_HAL_Driver/Src/stm32f4xx_ll_usb.o
                0x00000000080060c4                USB_FlushRxFifo
 .text.USB_ReadPacket
                0x00000000080060f0       0x4c ./Drivers/STM32F4xx_HAL_Driver/Src/stm32f4xx_ll_usb.o
                0x00000000080060f0                USB_ReadPacket
 .text.USB_ReadInterrupts
                0x000000000800613c        0x8 ./Drivers/STM32F4xx_HAL_Driver/Src/stm32f4xx_ll_usb.o
                0x000000000800613c                USB_ReadInterrupts
 .text.USB_GetMode
                0x0000000008006144        0x8 ./Drivers/STM32F4xx_HAL_Driver/Src/stm32f4xx_ll_usb.o
                0x0000000008006144                USB_GetMode
 .text.USB_SetCurrentMode
                0x000000000800614c       0x62 ./Drivers/STM32F4xx_HAL_Driver/Src/stm32f4xx_ll_usb.o
                0x000000000800614c                USB_SetCurrentMode
 *fill*         0x00000000080061ae        0x2 
 .text.USB_HostInit
                0x00000000080061b0       0xf0 ./Drivers/STM32F4xx_HAL_Driver/Src/stm32f4xx_ll_usb.o
                0x00000000080061b0                USB_HostInit
 .text.USB_InitFSLSPClkSel
                0x00000000080062a0       0x40 ./Drivers/STM32F4xx_HAL_Driver/Src/stm32f4xx_ll_usb.o
                0x00000000080062a0                USB_InitFSLSPClkSel
 .text.USB_HC_ReadInterrupt
                0x00000000080062e0        0xa ./Drivers/STM32F4xx_HAL_Driver/Src/stm32f4xx_ll_usb.o
                0x00000000080062e0                USB_HC_ReadInterrupt
 .text.USB_HC_Halt
                0x00000000080062ea       0xe4 ./Drivers/STM32F4xx_HAL_Driver/Src/stm32f4xx_ll_usb.o
                0x00000000080062ea                USB_HC_Halt
 .text.vListInitialise
                0x00000000080063ce       0x16 ./Middlewares/Third_Party/FreeRTOS/Source/list.o
                0x00000000080063ce                vListInitialise
 .text.vListInitialiseItem
                0x00000000080063e4        0x6 ./Middlewares/Third_Party/FreeRTOS/Source/list.o
                0x00000000080063e4                vListInitialiseItem
 .text.vListInsertEnd
                0x00000000080063ea       0x16 ./Middlewares/Third_Party/FreeRTOS/Source/list.o
                0x00000000080063ea                vListInsertEnd
 .text.vListInsert
                0x0000000008006400       0x32 ./Middlewares/Third_Party/FreeRTOS/Source/list.o
                0x0000000008006400                vListInsert
 .text.uxListRemove
                0x0000000008006432       0x26 ./Middlewares/Third_Party/FreeRTOS/Source/list.o
                0x0000000008006432                uxListRemove
 .text.prvResetNextTaskUnblockTime
                0x0000000008006458       0x2c ./Middlewares/Third_Party/FreeRTOS/Source/tasks.o
 .text.prvInitialiseNewTask
                0x0000000008006484       0x9c ./Middlewares/Third_Party/FreeRTOS/Source/tasks.o
 .text.prvInitialiseTaskLists
                0x0000000008006520       0x68 ./Middlewares/Third_Party/FreeRTOS/Source/tasks.o
 .text.prvAddNewTaskToReadyList
                0x0000000008006588       0xa8 ./Middlewares/Third_Party/FreeRTOS/Source/tasks.o
 .text.prvDeleteTCB
                0x0000000008006630       0x38 ./Middlewares/Third_Party/FreeRTOS/Source/tasks.o
 .text.prvCheckTasksWaitingTermination
                0x0000000008006668       0x4c ./Middlewares/Third_Party/FreeRTOS/Source/tasks.o
 .text.prvAddCurrentTaskToDelayedList
                0x00000000080066b4       0x98 ./Middlewares/Third_Party/FreeRTOS/Source/tasks.o
 .text.prvIdleTask
                0x000000000800674c       0x30 ./Middlewares/Third_Party/FreeRTOS/Source/tasks.o
 .text.xTaskCreateStatic
                0x000000000800677c       0x74 ./Middlewares/Third_Party/FreeRTOS/Source/tasks.o
                0x000000000800677c                xTaskCreateStatic
 .text.xTaskCreate
                0x00000000080067f0       0x68 ./Middlewares/Third_Party/FreeRTOS/Source/tasks.o
                0x00000000080067f0                xTaskCreate
 .text.vTaskStartScheduler
                0x0000000008006858       0x6c ./Middlewares/Third_Party/FreeRTOS/Source/tasks.o
                0x0000000008006858                vTaskStartScheduler
 .text.vTaskSuspendAll
                0x00000000080068c4       0x10 ./Middlewares/Third_Party/FreeRTOS/Source/tasks.o
                0x00000000080068c4                vTaskSuspendAll
 .text.xTaskIncrementTick
                0x00000000080068d4      0x118 ./Middlewares/Third_Party/FreeRTOS/Source/tasks.o
                0x00000000080068d4                xTaskIncrementTick
 .text.xTaskResumeAll
                0x00000000080069ec       0xf8 ./Middlewares/Third_Party/FreeRTOS/Source/tasks.o
                0x00000000080069ec                xTaskResumeAll
 .text.vTaskDelay
                0x0000000008006ae4       0x4c ./Middlewares/Third_Party/FreeRTOS/Source/tasks.o
                0x0000000008006ae4                vTaskDelay
 .text.vTaskSwitchContext
                0x0000000008006b30       0xc8 ./Middlewares/Third_Party/FreeRTOS/Source/tasks.o
                0x0000000008006b30                vTaskSwitchContext
 .text.prvTaskExitError
                0x0000000008006bf8       0x40 ./Middlewares/Third_Party/FreeRTOS/Source/portable/GCC/ARM_CM4F/port.o
 .text.prvPortStartFirstTask
                0x0000000008006c38       0x28 ./Middlewares/Third_Party/FreeRTOS/Source/portable/GCC/ARM_CM4F/port.o
 .text.vPortEnableVFP
                0x0000000008006c60       0x14 ./Middlewares/Third_Party/FreeRTOS/Source/portable/GCC/ARM_CM4F/port.o
 .text.pxPortInitialiseStack
                0x0000000008006c74       0x2c ./Middlewares/Third_Party/FreeRTOS/Source/portable/GCC/ARM_CM4F/port.o
                0x0000000008006c74                pxPortInitialiseStack
 .text.SVC_Handler
                0x0000000008006ca0       0x24 ./Middlewares/Third_Party/FreeRTOS/Source/portable/GCC/ARM_CM4F/port.o
                0x0000000008006ca0                SVC_Handler
 .text.vPortEnterCritical
                0x0000000008006cc4       0x44 ./Middlewares/Third_Party/FreeRTOS/Source/portable/GCC/ARM_CM4F/port.o
                0x0000000008006cc4                vPortEnterCritical
 .text.vPortExitCritical
                0x0000000008006d08       0x2c ./Middlewares/Third_Party/FreeRTOS/Source/portable/GCC/ARM_CM4F/port.o
                0x0000000008006d08                vPortExitCritical
 *fill*         0x0000000008006d34        0xc 
 .text.PendSV_Handler
                0x0000000008006d40       0x64 ./Middlewares/Third_Party/FreeRTOS/Source/portable/GCC/ARM_CM4F/port.o
                0x0000000008006d40                PendSV_Handler
 .text.SysTick_Handler
                0x0000000008006da4       0x2c ./Middlewares/Third_Party/FreeRTOS/Source/portable/GCC/ARM_CM4F/port.o
                0x0000000008006da4                SysTick_Handler
 .text.vPortSetupTimerInterrupt
                0x0000000008006dd0       0x38 ./Middlewares/Third_Party/FreeRTOS/Source/portable/GCC/ARM_CM4F/port.o
                0x0000000008006dd0                vPortSetupTimerInterrupt
 .text.xPortStartScheduler
                0x0000000008006e08      0x110 ./Middlewares/Third_Party/FreeRTOS/Source/portable/GCC/ARM_CM4F/port.o
                0x0000000008006e08                xPortStartScheduler
 .text.prvHeapInit
                0x0000000008006f18       0x64 ./Middlewares/Third_Party/FreeRTOS/Source/portable/MemMang/heap_4.o
 .text.prvInsertBlockIntoFreeList
                0x0000000008006f7c       0x58 ./Middlewares/Third_Party/FreeRTOS/Source/portable/MemMang/heap_4.o
 .text.pvPortMalloc
                0x0000000008006fd4      0x110 ./Middlewares/Third_Party/FreeRTOS/Source/portable/MemMang/heap_4.o
                0x0000000008006fd4                pvPortMalloc
 .text.vPortFree
                0x00000000080070e4       0x7c ./Middlewares/Third_Party/FreeRTOS/Source/portable/MemMang/heap_4.o
                0x00000000080070e4                vPortFree
 .text.__errno  0x0000000008007160        0xc c:/st/stm32cubeide_1.7.0/stm32cubeide/plugins/com.st.stm32cube.ide.mcu.externaltools.gnu-tools-for-stm32.9-2020-q2-update.win32_2.0.0.202105311346/tools/bin/../lib/gcc/arm-none-eabi/9.3.1/../../../../arm-none-eabi/lib/thumb/v7e-m+fp/hard\libc_nano.a(lib_a-errno.o)
                0x0000000008007160                __errno
 .text.__libc_init_array
                0x000000000800716c       0x48 c:/st/stm32cubeide_1.7.0/stm32cubeide/plugins/com.st.stm32cube.ide.mcu.externaltools.gnu-tools-for-stm32.9-2020-q2-update.win32_2.0.0.202105311346/tools/bin/../lib/gcc/arm-none-eabi/9.3.1/../../../../arm-none-eabi/lib/thumb/v7e-m+fp/hard\libc_nano.a(lib_a-init.o)
                0x000000000800716c                __libc_init_array
 .text.memcpy   0x00000000080071b4       0x1c c:/st/stm32cubeide_1.7.0/stm32cubeide/plugins/com.st.stm32cube.ide.mcu.externaltools.gnu-tools-for-stm32.9-2020-q2-update.win32_2.0.0.202105311346/tools/bin/../lib/gcc/arm-none-eabi/9.3.1/../../../../arm-none-eabi/lib/thumb/v7e-m+fp/hard\libc_nano.a(lib_a-memcpy-stub.o)
                0x00000000080071b4                memcpy
 .text.memset   0x00000000080071d0       0x10 c:/st/stm32cubeide_1.7.0/stm32cubeide/plugins/com.st.stm32cube.ide.mcu.externaltools.gnu-tools-for-stm32.9-2020-q2-update.win32_2.0.0.202105311346/tools/bin/../lib/gcc/arm-none-eabi/9.3.1/../../../../arm-none-eabi/lib/thumb/v7e-m+fp/hard\libc_nano.a(lib_a-memset.o)
                0x00000000080071d0                memset
 .text.sprintf  0x00000000080071e0       0x40 c:/st/stm32cubeide_1.7.0/stm32cubeide/plugins/com.st.stm32cube.ide.mcu.externaltools.gnu-tools-for-stm32.9-2020-q2-update.win32_2.0.0.202105311346/tools/bin/../lib/gcc/arm-none-eabi/9.3.1/../../../../arm-none-eabi/lib/thumb/v7e-m+fp/hard\libc_nano.a(lib_a-sprintf.o)
                0x00000000080071e0                siprintf
                0x00000000080071e0                sprintf
 .text.__retarget_lock_acquire_recursive
                0x0000000008007220        0x2 c:/st/stm32cubeide_1.7.0/stm32cubeide/plugins/com.st.stm32cube.ide.mcu.externaltools.gnu-tools-for-stm32.9-2020-q2-update.win32_2.0.0.202105311346/tools/bin/../lib/gcc/arm-none-eabi/9.3.1/../../../../arm-none-eabi/lib/thumb/v7e-m+fp/hard\libc_nano.a(lib_a-lock.o)
                0x0000000008007220                __retarget_lock_acquire_recursive
 .text.__retarget_lock_release_recursive
                0x0000000008007222        0x2 c:/st/stm32cubeide_1.7.0/stm32cubeide/plugins/com.st.stm32cube.ide.mcu.externaltools.gnu-tools-for-stm32.9-2020-q2-update.win32_2.0.0.202105311346/tools/bin/../lib/gcc/arm-none-eabi/9.3.1/../../../../arm-none-eabi/lib/thumb/v7e-m+fp/hard\libc_nano.a(lib_a-lock.o)
                0x0000000008007222                __retarget_lock_release_recursive
 .text._malloc_r
                0x0000000008007224       0xb4 c:/st/stm32cubeide_1.7.0/stm32cubeide/plugins/com.st.stm32cube.ide.mcu.externaltools.gnu-tools-for-stm32.9-2020-q2-update.win32_2.0.0.202105311346/tools/bin/../lib/gcc/arm-none-eabi/9.3.1/../../../../arm-none-eabi/lib/thumb/v7e-m+fp/hard\libc_nano.a(lib_a-nano-mallocr.o)
                0x0000000008007224                _malloc_r
 .text.__ssputs_r
                0x00000000080072d8       0xb6 c:/st/stm32cubeide_1.7.0/stm32cubeide/plugins/com.st.stm32cube.ide.mcu.externaltools.gnu-tools-for-stm32.9-2020-q2-update.win32_2.0.0.202105311346/tools/bin/../lib/gcc/arm-none-eabi/9.3.1/../../../../arm-none-eabi/lib/thumb/v7e-m+fp/hard\libc_nano.a(lib_a-nano-svfprintf.o)
                0x00000000080072d8                __ssputs_r
 *fill*         0x000000000800738e        0x2 
 .text._svfprintf_r
                0x0000000008007390      0x200 c:/st/stm32cubeide_1.7.0/stm32cubeide/plugins/com.st.stm32cube.ide.mcu.externaltools.gnu-tools-for-stm32.9-2020-q2-update.win32_2.0.0.202105311346/tools/bin/../lib/gcc/arm-none-eabi/9.3.1/../../../../arm-none-eabi/lib/thumb/v7e-m+fp/hard\libc_nano.a(lib_a-nano-svfprintf.o)
                0x0000000008007390                _svfiprintf_r
                0x0000000008007390                _svfprintf_r
 .text._printf_common
                0x0000000008007590       0xda c:/st/stm32cubeide_1.7.0/stm32cubeide/plugins/com.st.stm32cube.ide.mcu.externaltools.gnu-tools-for-stm32.9-2020-q2-update.win32_2.0.0.202105311346/tools/bin/../lib/gcc/arm-none-eabi/9.3.1/../../../../arm-none-eabi/lib/thumb/v7e-m+fp/hard\libc_nano.a(lib_a-nano-vfprintf_i.o)
                0x0000000008007590                _printf_common
 *fill*         0x000000000800766a        0x2 
 .text._printf_i
                0x000000000800766c      0x24c c:/st/stm32cubeide_1.7.0/stm32cubeide/plugins/com.st.stm32cube.ide.mcu.externaltools.gnu-tools-for-stm32.9-2020-q2-update.win32_2.0.0.202105311346/tools/bin/../lib/gcc/arm-none-eabi/9.3.1/../../../../arm-none-eabi/lib/thumb/v7e-m+fp/hard\libc_nano.a(lib_a-nano-vfprintf_i.o)
                0x000000000800766c                _printf_i
 .text._sbrk_r  0x00000000080078b8       0x20 c:/st/stm32cubeide_1.7.0/stm32cubeide/plugins/com.st.stm32cube.ide.mcu.externaltools.gnu-tools-for-stm32.9-2020-q2-update.win32_2.0.0.202105311346/tools/bin/../lib/gcc/arm-none-eabi/9.3.1/../../../../arm-none-eabi/lib/thumb/v7e-m+fp/hard\libc_nano.a(lib_a-sbrkr.o)
                0x00000000080078b8                _sbrk_r
 .text.memmove  0x00000000080078d8       0x34 c:/st/stm32cubeide_1.7.0/stm32cubeide/plugins/com.st.stm32cube.ide.mcu.externaltools.gnu-tools-for-stm32.9-2020-q2-update.win32_2.0.0.202105311346/tools/bin/../lib/gcc/arm-none-eabi/9.3.1/../../../../arm-none-eabi/lib/thumb/v7e-m+fp/hard\libc_nano.a(lib_a-memmove.o)
                0x00000000080078d8                memmove
 .text.__malloc_lock
                0x000000000800790c        0xc c:/st/stm32cubeide_1.7.0/stm32cubeide/plugins/com.st.stm32cube.ide.mcu.externaltools.gnu-tools-for-stm32.9-2020-q2-update.win32_2.0.0.202105311346/tools/bin/../lib/gcc/arm-none-eabi/9.3.1/../../../../arm-none-eabi/lib/thumb/v7e-m+fp/hard\libc_nano.a(lib_a-mlock.o)
                0x000000000800790c                __malloc_lock
 .text.__malloc_unlock
                0x0000000008007918        0xc c:/st/stm32cubeide_1.7.0/stm32cubeide/plugins/com.st.stm32cube.ide.mcu.externaltools.gnu-tools-for-stm32.9-2020-q2-update.win32_2.0.0.202105311346/tools/bin/../lib/gcc/arm-none-eabi/9.3.1/../../../../arm-none-eabi/lib/thumb/v7e-m+fp/hard\libc_nano.a(lib_a-mlock.o)
                0x0000000008007918                __malloc_unlock
 .text._free_r  0x0000000008007924       0xa0 c:/st/stm32cubeide_1.7.0/stm32cubeide/plugins/com.st.stm32cube.ide.mcu.externaltools.gnu-tools-for-stm32.9-2020-q2-update.win32_2.0.0.202105311346/tools/bin/../lib/gcc/arm-none-eabi/9.3.1/../../../../arm-none-eabi/lib/thumb/v7e-m+fp/hard\libc_nano.a(lib_a-nano-freer.o)
                0x0000000008007924                _free_r
 .text._realloc_r
                0x00000000080079c4       0x4c c:/st/stm32cubeide_1.7.0/stm32cubeide/plugins/com.st.stm32cube.ide.mcu.externaltools.gnu-tools-for-stm32.9-2020-q2-update.win32_2.0.0.202105311346/tools/bin/../lib/gcc/arm-none-eabi/9.3.1/../../../../arm-none-eabi/lib/thumb/v7e-m+fp/hard\libc_nano.a(lib_a-nano-reallocr.o)
                0x00000000080079c4                _realloc_r
 .text._malloc_usable_size_r
                0x0000000008007a10       0x10 c:/st/stm32cubeide_1.7.0/stm32cubeide/plugins/com.st.stm32cube.ide.mcu.externaltools.gnu-tools-for-stm32.9-2020-q2-update.win32_2.0.0.202105311346/tools/bin/../lib/gcc/arm-none-eabi/9.3.1/../../../../arm-none-eabi/lib/thumb/v7e-m+fp/hard\libc_nano.a(lib_a-nano-msizer.o)
                0x0000000008007a10                _malloc_usable_size_r
 *(.glue_7)
 .glue_7        0x0000000008007a20        0x0 linker stubs
 *(.glue_7t)
 .glue_7t       0x0000000008007a20        0x0 linker stubs
 *(.eh_frame)
 .eh_frame      0x0000000008007a20        0x0 c:/st/stm32cubeide_1.7.0/stm32cubeide/plugins/com.st.stm32cube.ide.mcu.externaltools.gnu-tools-for-stm32.9-2020-q2-update.win32_2.0.0.202105311346/tools/bin/../lib/gcc/arm-none-eabi/9.3.1/thumb/v7e-m+fp/hard/crtbegin.o
 *(.init)
 .init          0x0000000008007a20        0x4 c:/st/stm32cubeide_1.7.0/stm32cubeide/plugins/com.st.stm32cube.ide.mcu.externaltools.gnu-tools-for-stm32.9-2020-q2-update.win32_2.0.0.202105311346/tools/bin/../lib/gcc/arm-none-eabi/9.3.1/thumb/v7e-m+fp/hard/crti.o
                0x0000000008007a20                _init
 .init          0x0000000008007a24        0x8 c:/st/stm32cubeide_1.7.0/stm32cubeide/plugins/com.st.stm32cube.ide.mcu.externaltools.gnu-tools-for-stm32.9-2020-q2-update.win32_2.0.0.202105311346/tools/bin/../lib/gcc/arm-none-eabi/9.3.1/thumb/v7e-m+fp/hard/crtn.o
 *(.fini)
 .fini          0x0000000008007a2c        0x4 c:/st/stm32cubeide_1.7.0/stm32cubeide/plugins/com.st.stm32cube.ide.mcu.externaltools.gnu-tools-for-stm32.9-2020-q2-update.win32_2.0.0.202105311346/tools/bin/../lib/gcc/arm-none-eabi/9.3.1/thumb/v7e-m+fp/hard/crti.o
                0x0000000008007a2c                _fini
 .fini          0x0000000008007a30        0x8 c:/st/stm32cubeide_1.7.0/stm32cubeide/plugins/com.st.stm32cube.ide.mcu.externaltools.gnu-tools-for-stm32.9-2020-q2-update.win32_2.0.0.202105311346/tools/bin/../lib/gcc/arm-none-eabi/9.3.1/thumb/v7e-m+fp/hard/crtn.o
                0x0000000008007a38                . = ALIGN (0x4)
                0x0000000008007a38                _etext = .

.vfp11_veneer   0x0000000008007a38        0x0
 .vfp11_veneer  0x0000000008007a38        0x0 linker stubs

.v4_bx          0x0000000008007a38        0x0
 .v4_bx         0x0000000008007a38        0x0 linker stubs

.iplt           0x0000000008007a38        0x0
 .iplt          0x0000000008007a38        0x0 c:/st/stm32cubeide_1.7.0/stm32cubeide/plugins/com.st.stm32cube.ide.mcu.externaltools.gnu-tools-for-stm32.9-2020-q2-update.win32_2.0.0.202105311346/tools/bin/../lib/gcc/arm-none-eabi/9.3.1/thumb/v7e-m+fp/hard/crtbegin.o

.rodata         0x0000000008007a38     0x278c
                0x0000000008007a38                . = ALIGN (0x4)
 *(.rodata)
 *(.rodata*)
 .rodata.TouchTask.str1.4
                0x0000000008007a38       0x35 ./App/Src/app_main.o
 *fill*         0x0000000008007a6d        0x3 
 .rodata.app_main.str1.4
                0x0000000008007a70        0x8 ./App/Src/app_main.o
 .rodata.Font16_Table
                0x0000000008007a78      0xbe0 ./BSP/Src/font16.o
                0x0000000008007a78                Font16_Table
 .rodata.Font24_Table
                0x0000000008008658     0x1ab8 ./BSP/Src/font24.o
                0x0000000008008658                Font24_Table
 .rodata.AHBPrescTable
                0x000000000800a110       0x10 ./Core/Src/system_stm32f4xx.o
                0x000000000800a110                AHBPrescTable
 .rodata.APBPrescTable
                0x000000000800a120        0x8 ./Core/Src/system_stm32f4xx.o
                0x000000000800a120                APBPrescTable
 .rodata.vTaskStartScheduler.str1.4
                0x000000000800a128        0x5 ./Middlewares/Third_Party/FreeRTOS/Source/tasks.o
 *fill*         0x000000000800a12d        0x3 
 .rodata.__sf_fake_stderr
                0x000000000800a130       0x20 c:/st/stm32cubeide_1.7.0/stm32cubeide/plugins/com.st.stm32cube.ide.mcu.externaltools.gnu-tools-for-stm32.9-2020-q2-update.win32_2.0.0.202105311346/tools/bin/../lib/gcc/arm-none-eabi/9.3.1/../../../../arm-none-eabi/lib/thumb/v7e-m+fp/hard\libc_nano.a(lib_a-findfp.o)
                0x000000000800a130                __sf_fake_stderr
 .rodata.__sf_fake_stdin
                0x000000000800a150       0x20 c:/st/stm32cubeide_1.7.0/stm32cubeide/plugins/com.st.stm32cube.ide.mcu.externaltools.gnu-tools-for-stm32.9-2020-q2-update.win32_2.0.0.202105311346/tools/bin/../lib/gcc/arm-none-eabi/9.3.1/../../../../arm-none-eabi/lib/thumb/v7e-m+fp/hard\libc_nano.a(lib_a-findfp.o)
                0x000000000800a150                __sf_fake_stdin
 .rodata.__sf_fake_stdout
                0x000000000800a170       0x20 c:/st/stm32cubeide_1.7.0/stm32cubeide/plugins/com.st.stm32cube.ide.mcu.externaltools.gnu-tools-for-stm32.9-2020-q2-update.win32_2.0.0.202105311346/tools/bin/../lib/gcc/arm-none-eabi/9.3.1/../../../../arm-none-eabi/lib/thumb/v7e-m+fp/hard\libc_nano.a(lib_a-findfp.o)
                0x000000000800a170                __sf_fake_stdout
 .rodata._svfprintf_r.str1.1
                0x000000000800a190       0x11 c:/st/stm32cubeide_1.7.0/stm32cubeide/plugins/com.st.stm32cube.ide.mcu.externaltools.gnu-tools-for-stm32.9-2020-q2-update.win32_2.0.0.202105311346/tools/bin/../lib/gcc/arm-none-eabi/9.3.1/../../../../arm-none-eabi/lib/thumb/v7e-m+fp/hard\libc_nano.a(lib_a-nano-svfprintf.o)
 .rodata._printf_i.str1.1
                0x000000000800a1a1       0x22 c:/st/stm32cubeide_1.7.0/stm32cubeide/plugins/com.st.stm32cube.ide.mcu.externaltools.gnu-tools-for-stm32.9-2020-q2-update.win32_2.0.0.202105311346/tools/bin/../lib/gcc/arm-none-eabi/9.3.1/../../../../arm-none-eabi/lib/thumb/v7e-m+fp/hard\libc_nano.a(lib_a-nano-vfprintf_i.o)
                0x000000000800a1c4                . = ALIGN (0x4)
 *fill*         0x000000000800a1c3        0x1 

.ARM.extab      0x000000000800a1c4        0x0
                0x000000000800a1c4                . = ALIGN (0x4)
 *(.ARM.extab* .gnu.linkonce.armextab.*)
                0x000000000800a1c4                . = ALIGN (0x4)

.ARM            0x000000000800a1c4        0x8
                0x000000000800a1c4                . = ALIGN (0x4)
                0x000000000800a1c4                __exidx_start = .
 *(.ARM.exidx*)
 .ARM.exidx     0x000000000800a1c4        0x8 c:/st/stm32cubeide_1.7.0/stm32cubeide/plugins/com.st.stm32cube.ide.mcu.externaltools.gnu-tools-for-stm32.9-2020-q2-update.win32_2.0.0.202105311346/tools/bin/../lib/gcc/arm-none-eabi/9.3.1/thumb/v7e-m+fp/hard\libgcc.a(_udivmoddi4.o)
                0x000000000800a1cc                __exidx_end = .
                0x000000000800a1cc                . = ALIGN (0x4)

.rel.dyn        0x000000000800a1cc        0x0
 .rel.iplt      0x000000000800a1cc        0x0 c:/st/stm32cubeide_1.7.0/stm32cubeide/plugins/com.st.stm32cube.ide.mcu.externaltools.gnu-tools-for-stm32.9-2020-q2-update.win32_2.0.0.202105311346/tools/bin/../lib/gcc/arm-none-eabi/9.3.1/thumb/v7e-m+fp/hard/crtbegin.o

.preinit_array  0x000000000800a1cc        0x0
                0x000000000800a1cc                . = ALIGN (0x4)
                0x000000000800a1cc                PROVIDE (__preinit_array_start = .)
 *(.preinit_array*)
                0x000000000800a1cc                PROVIDE (__preinit_array_end = .)
                0x000000000800a1cc                . = ALIGN (0x4)

.init_array     0x000000000800a1cc        0x4
                0x000000000800a1cc                . = ALIGN (0x4)
                0x000000000800a1cc                PROVIDE (__init_array_start = .)
 *(SORT_BY_NAME(.init_array.*))
 *(.init_array*)
 .init_array    0x000000000800a1cc        0x4 c:/st/stm32cubeide_1.7.0/stm32cubeide/plugins/com.st.stm32cube.ide.mcu.externaltools.gnu-tools-for-stm32.9-2020-q2-update.win32_2.0.0.202105311346/tools/bin/../lib/gcc/arm-none-eabi/9.3.1/thumb/v7e-m+fp/hard/crtbegin.o
                0x000000000800a1d0                PROVIDE (__init_array_end = .)
                0x000000000800a1d0                . = ALIGN (0x4)

.fini_array     0x000000000800a1d0        0x4
                0x000000000800a1d0                . = ALIGN (0x4)
                [!provide]                        PROVIDE (__fini_array_start = .)
 *(SORT_BY_NAME(.fini_array.*))
 *(.fini_array*)
 .fini_array    0x000000000800a1d0        0x4 c:/st/stm32cubeide_1.7.0/stm32cubeide/plugins/com.st.stm32cube.ide.mcu.externaltools.gnu-tools-for-stm32.9-2020-q2-update.win32_2.0.0.202105311346/tools/bin/../lib/gcc/arm-none-eabi/9.3.1/thumb/v7e-m+fp/hard/crtbegin.o
                [!provide]                        PROVIDE (__fini_array_end = .)
                0x000000000800a1d4                . = ALIGN (0x4)
                0x000000000800a1d4                _sidata = LOADADDR (.data)

.data           0x0000000020000000       0xec load address 0x000000000800a1d4
                0x0000000020000000                . = ALIGN (0x4)
                0x0000000020000000                _sdata = .
 *(.data)
 *(.data*)
 .data.Font16   0x0000000020000000        0x8 ./BSP/Src/font16.o
                0x0000000020000000                Font16
 .data.Font24   0x0000000020000008        0x8 ./BSP/Src/font24.o
                0x0000000020000008                Font24
 .data.ili9341_drv
                0x0000000020000010       0x38 ./BSP/Src/ili9341.o
                0x0000000020000010                ili9341_drv
 .data.I2cxTimeout
                0x0000000020000048        0x4 ./BSP/Src/stm32f429i_discovery.o
                0x0000000020000048                I2cxTimeout
 .data.SpixTimeout
                0x000000002000004c        0x4 ./BSP/Src/stm32f429i_discovery.o
                0x000000002000004c                SpixTimeout
 .data.stmpe811_ts_drv
                0x0000000020000050       0x28 ./BSP/Src/stmpe811.o
                0x0000000020000050                stmpe811_ts_drv
 .data.SystemCoreClock
                0x0000000020000078        0x4 ./Core/Src/system_stm32f4xx.o
                0x0000000020000078                SystemCoreClock
 .data.uwTickFreq
                0x000000002000007c        0x1 ./Drivers/STM32F4xx_HAL_Driver/Src/stm32f4xx_hal.o
                0x000000002000007c                uwTickFreq
 *fill*         0x000000002000007d        0x3 
 .data.uwTickPrio
                0x0000000020000080        0x4 ./Drivers/STM32F4xx_HAL_Driver/Src/stm32f4xx_hal.o
                0x0000000020000080                uwTickPrio
 .data.uxCriticalNesting
                0x0000000020000084        0x4 ./Middlewares/Third_Party/FreeRTOS/Source/portable/GCC/ARM_CM4F/port.o
 .data._impure_ptr
                0x0000000020000088        0x4 c:/st/stm32cubeide_1.7.0/stm32cubeide/plugins/com.st.stm32cube.ide.mcu.externaltools.gnu-tools-for-stm32.9-2020-q2-update.win32_2.0.0.202105311346/tools/bin/../lib/gcc/arm-none-eabi/9.3.1/../../../../arm-none-eabi/lib/thumb/v7e-m+fp/hard\libc_nano.a(lib_a-impure.o)
                0x0000000020000088                _impure_ptr
 .data.impure_data
                0x000000002000008c       0x60 c:/st/stm32cubeide_1.7.0/stm32cubeide/plugins/com.st.stm32cube.ide.mcu.externaltools.gnu-tools-for-stm32.9-2020-q2-update.win32_2.0.0.202105311346/tools/bin/../lib/gcc/arm-none-eabi/9.3.1/../../../../arm-none-eabi/lib/thumb/v7e-m+fp/hard\libc_nano.a(lib_a-impure.o)
 *(.RamFunc)
 *(.RamFunc*)
                0x00000000200000ec                . = ALIGN (0x4)
                0x00000000200000ec                _edata = .
                0x000000000800a2c0                _siccmram = LOADADDR (.ccmram)

.igot.plt       0x00000000200000ec        0x0 load address 0x000000000800a2c0
 .igot.plt      0x00000000200000ec        0x0 c:/st/stm32cubeide_1.7.0/stm32cubeide/plugins/com.st.stm32cube.ide.mcu.externaltools.gnu-tools-for-stm32.9-2020-q2-update.win32_2.0.0.202105311346/tools/bin/../lib/gcc/arm-none-eabi/9.3.1/thumb/v7e-m+fp/hard/crtbegin.o

.ccmram         0x0000000010000000        0x0 load address 0x000000000800a2c0
                0x0000000010000000                . = ALIGN (0x4)
                0x0000000010000000                _sccmram = .
 *(.ccmram)
 *(.ccmram*)
                0x0000000010000000                . = ALIGN (0x4)
                0x0000000010000000                _eccmram = .
                0x0000000010000000                . = ALIGN (0x4)

.bss            0x00000000200000ec     0x8acc
                0x00000000200000ec                _sbss = .
                0x00000000200000ec                __bss_start__ = _sbss
 *(.bss)
 .bss           0x00000000200000ec       0x1c c:/st/stm32cubeide_1.7.0/stm32cubeide/plugins/com.st.stm32cube.ide.mcu.externaltools.gnu-tools-for-stm32.9-2020-q2-update.win32_2.0.0.202105311346/tools/bin/../lib/gcc/arm-none-eabi/9.3.1/thumb/v7e-m+fp/hard/crtbegin.o
 *(.bss*)
 .bss.Is_LCD_IO_Initialized
                0x0000000020000108        0x1 ./BSP/Src/stm32f429i_discovery.o
 *fill*         0x0000000020000109        0x3 
 .bss.SpiHandle
                0x000000002000010c       0x58 ./BSP/Src/stm32f429i_discovery.o
 .bss.ActiveLayer
                0x0000000020000164        0x4 ./BSP/Src/stm32f429i_discovery_lcd.o
 .bss.Dma2dHandler
                0x0000000020000168       0x40 ./BSP/Src/stm32f429i_discovery_lcd.o
 .bss.DrawProp  0x00000000200001a8       0x18 ./BSP/Src/stm32f429i_discovery_lcd.o
 .bss.Command   0x00000000200001c0       0x10 ./BSP/Src/stm32f429i_discovery_sdram.o
 .bss.TsDrv     0x00000000200001d0        0x4 ./BSP/Src/stm32f429i_discovery_ts.o
 .bss.TsXBoundary
                0x00000000200001d4        0x2 ./BSP/Src/stm32f429i_discovery_ts.o
 .bss.TsYBoundary
                0x00000000200001d6        0x2 ./BSP/Src/stm32f429i_discovery_ts.o
 .bss._x.9881   0x00000000200001d8        0x4 ./BSP/Src/stm32f429i_discovery_ts.o
 .bss._y.9882   0x00000000200001dc        0x4 ./BSP/Src/stm32f429i_discovery_ts.o
 .bss.stmpe811  0x00000000200001e0        0x2 ./BSP/Src/stmpe811.o
                0x00000000200001e0                stmpe811
 *fill*         0x00000000200001e2        0x2 
 .bss.xIdleStack
                0x00000000200001e4      0x200 ./Core/Src/freertos.o
 .bss.xIdleTaskTCBBuffer
                0x00000000200003e4       0x58 ./Core/Src/freertos.o
 .bss.FMC_Initialized
                0x000000002000043c        0x4 ./Core/Src/stm32f4xx_hal_msp.o
 .bss.__sbrk_heap_end
                0x0000000020000440        0x4 ./Core/Src/sysmem.o
 .bss.pxCurrentTCB
                0x0000000020000444        0x4 ./Middlewares/Third_Party/FreeRTOS/Source/tasks.o
                0x0000000020000444                pxCurrentTCB
 .bss.pxDelayedTaskList
                0x0000000020000448        0x4 ./Middlewares/Third_Party/FreeRTOS/Source/tasks.o
 .bss.pxOverflowDelayedTaskList
                0x000000002000044c        0x4 ./Middlewares/Third_Party/FreeRTOS/Source/tasks.o
 .bss.pxReadyTasksLists
                0x0000000020000450       0x8c ./Middlewares/Third_Party/FreeRTOS/Source/tasks.o
 .bss.uxCurrentNumberOfTasks
                0x00000000200004dc        0x4 ./Middlewares/Third_Party/FreeRTOS/Source/tasks.o
 .bss.uxDeletedTasksWaitingCleanUp
                0x00000000200004e0        0x4 ./Middlewares/Third_Party/FreeRTOS/Source/tasks.o
 .bss.uxSchedulerSuspended
                0x00000000200004e4        0x4 ./Middlewares/Third_Party/FreeRTOS/Source/tasks.o
 .bss.uxTaskNumber
                0x00000000200004e8        0x4 ./Middlewares/Third_Party/FreeRTOS/Source/tasks.o
 .bss.uxTopReadyPriority
                0x00000000200004ec        0x4 ./Middlewares/Third_Party/FreeRTOS/Source/tasks.o
 .bss.xDelayedTaskList1
                0x00000000200004f0       0x14 ./Middlewares/Third_Party/FreeRTOS/Source/tasks.o
 .bss.xDelayedTaskList2
                0x0000000020000504       0x14 ./Middlewares/Third_Party/FreeRTOS/Source/tasks.o
 .bss.xNextTaskUnblockTime
                0x0000000020000518        0x4 ./Middlewares/Third_Party/FreeRTOS/Source/tasks.o
 .bss.xNumOfOverflows
                0x000000002000051c        0x4 ./Middlewares/Third_Party/FreeRTOS/Source/tasks.o
 .bss.xPendedTicks
                0x0000000020000520        0x4 ./Middlewares/Third_Party/FreeRTOS/Source/tasks.o
 .bss.xPendingReadyList
                0x0000000020000524       0x14 ./Middlewares/Third_Party/FreeRTOS/Source/tasks.o
 .bss.xSchedulerRunning
                0x0000000020000538        0x4 ./Middlewares/Third_Party/FreeRTOS/Source/tasks.o
 .bss.xSuspendedTaskList
                0x000000002000053c       0x14 ./Middlewares/Third_Party/FreeRTOS/Source/tasks.o
 .bss.xTasksWaitingTermination
                0x0000000020000550       0x14 ./Middlewares/Third_Party/FreeRTOS/Source/tasks.o
 .bss.xTickCount
                0x0000000020000564        0x4 ./Middlewares/Third_Party/FreeRTOS/Source/tasks.o
 .bss.xYieldPending
                0x0000000020000568        0x4 ./Middlewares/Third_Party/FreeRTOS/Source/tasks.o
 .bss.ucMaxSysCallPriority
                0x000000002000056c        0x1 ./Middlewares/Third_Party/FreeRTOS/Source/portable/GCC/ARM_CM4F/port.o
 *fill*         0x000000002000056d        0x3 
 .bss.ulMaxPRIGROUPValue
                0x0000000020000570        0x4 ./Middlewares/Third_Party/FreeRTOS/Source/portable/GCC/ARM_CM4F/port.o
 .bss.pxEnd     0x0000000020000574        0x4 ./Middlewares/Third_Party/FreeRTOS/Source/portable/MemMang/heap_4.o
 .bss.ucHeap    0x0000000020000578     0x8000 ./Middlewares/Third_Party/FreeRTOS/Source/portable/MemMang/heap_4.o
 .bss.xBlockAllocatedBit
                0x0000000020008578        0x4 ./Middlewares/Third_Party/FreeRTOS/Source/portable/MemMang/heap_4.o
 .bss.xFreeBytesRemaining
                0x000000002000857c        0x4 ./Middlewares/Third_Party/FreeRTOS/Source/portable/MemMang/heap_4.o
 .bss.xMinimumEverFreeBytesRemaining
                0x0000000020008580        0x4 ./Middlewares/Third_Party/FreeRTOS/Source/portable/MemMang/heap_4.o
 .bss.xNumberOfSuccessfulAllocations
                0x0000000020008584        0x4 ./Middlewares/Third_Party/FreeRTOS/Source/portable/MemMang/heap_4.o
 .bss.xNumberOfSuccessfulFrees
                0x0000000020008588        0x4 ./Middlewares/Third_Party/FreeRTOS/Source/portable/MemMang/heap_4.o
 .bss.xStart    0x000000002000858c        0x8 ./Middlewares/Third_Party/FreeRTOS/Source/portable/MemMang/heap_4.o
 .bss.__malloc_free_list
                0x0000000020008594        0x4 c:/st/stm32cubeide_1.7.0/stm32cubeide/plugins/com.st.stm32cube.ide.mcu.externaltools.gnu-tools-for-stm32.9-2020-q2-update.win32_2.0.0.202105311346/tools/bin/../lib/gcc/arm-none-eabi/9.3.1/../../../../arm-none-eabi/lib/thumb/v7e-m+fp/hard\libc_nano.a(lib_a-nano-mallocr.o)
                0x0000000020008594                __malloc_free_list
 .bss.__malloc_sbrk_start
                0x0000000020008598        0x4 c:/st/stm32cubeide_1.7.0/stm32cubeide/plugins/com.st.stm32cube.ide.mcu.externaltools.gnu-tools-for-stm32.9-2020-q2-update.win32_2.0.0.202105311346/tools/bin/../lib/gcc/arm-none-eabi/9.3.1/../../../../arm-none-eabi/lib/thumb/v7e-m+fp/hard\libc_nano.a(lib_a-nano-mallocr.o)
                0x0000000020008598                __malloc_sbrk_start
 *(COMMON)
 COMMON         0x000000002000859c       0x54 ./BSP/Src/stm32f429i_discovery.o
                0x000000002000859c                I2cHandle
 COMMON         0x00000000200085f0        0x4 ./BSP/Src/stm32f429i_discovery_lcd.o
                0x00000000200085f0                LcdDrv
 COMMON         0x00000000200085f4      0x568 ./Core/Src/main.o
                0x00000000200085f4                defaultTaskHandle
                0x00000000200085f8                hi2c3
                0x000000002000864c                hspi5
                0x00000000200086a4                hcrc
                0x00000000200086ac                hltdc
                0x0000000020008754                huart1
                0x0000000020008798                hhcd_USB_OTG_HS
                0x0000000020008a9c                myTask02Handle
                0x0000000020008aa0                htim1
                0x0000000020008ae8                hdma2d
                0x0000000020008b28                hsdram1
 COMMON         0x0000000020008b5c       0x48 ./Core/Src/stm32f4xx_hal_timebase_tim.o
                0x0000000020008b5c                htim6
 COMMON         0x0000000020008ba4        0x4 ./Drivers/STM32F4xx_HAL_Driver/Src/stm32f4xx_hal.o
                0x0000000020008ba4                uwTick
 COMMON         0x0000000020008ba8        0x9 c:/st/stm32cubeide_1.7.0/stm32cubeide/plugins/com.st.stm32cube.ide.mcu.externaltools.gnu-tools-for-stm32.9-2020-q2-update.win32_2.0.0.202105311346/tools/bin/../lib/gcc/arm-none-eabi/9.3.1/../../../../arm-none-eabi/lib/thumb/v7e-m+fp/hard\libc_nano.a(lib_a-lock.o)
                0x0000000020008ba8                __lock___atexit_recursive_mutex
                0x0000000020008ba9                __lock___arc4random_mutex
                0x0000000020008baa                __lock___env_recursive_mutex
                0x0000000020008bab                __lock___sinit_recursive_mutex
                0x0000000020008bac                __lock___malloc_recursive_mutex
                0x0000000020008bad                __lock___at_quick_exit_mutex
                0x0000000020008bae                __lock___dd_hash_mutex
                0x0000000020008baf                __lock___tz_mutex
                0x0000000020008bb0                __lock___sfp_recursive_mutex
 *fill*         0x0000000020008bb1        0x3 
 COMMON         0x0000000020008bb4        0x4 c:/st/stm32cubeide_1.7.0/stm32cubeide/plugins/com.st.stm32cube.ide.mcu.externaltools.gnu-tools-for-stm32.9-2020-q2-update.win32_2.0.0.202105311346/tools/bin/../lib/gcc/arm-none-eabi/9.3.1/../../../../arm-none-eabi/lib/thumb/v7e-m+fp/hard\libc_nano.a(lib_a-reent.o)
                0x0000000020008bb4                errno
                0x0000000020008bb8                . = ALIGN (0x4)
                0x0000000020008bb8                _ebss = .
                0x0000000020008bb8                __bss_end__ = _ebss

._user_heap_stack
                0x0000000020008bb8      0x600
                0x0000000020008bb8                . = ALIGN (0x8)
                [!provide]                        PROVIDE (end = .)
                0x0000000020008bb8                PROVIDE (_end = .)
                0x0000000020008db8                . = (. + _Min_Heap_Size)
 *fill*         0x0000000020008bb8      0x200 
                0x00000000200091b8                . = (. + _Min_Stack_Size)
 *fill*         0x0000000020008db8      0x400 
                0x00000000200091b8                . = ALIGN (0x8)

/DISCARD/
 libc.a(*)
 libm.a(*)
 libgcc.a(*)

.ARM.attributes
                0x0000000000000000       0x30
 *(.ARM.attributes)
 .ARM.attributes
                0x0000000000000000       0x1e c:/st/stm32cubeide_1.7.0/stm32cubeide/plugins/com.st.stm32cube.ide.mcu.externaltools.gnu-tools-for-stm32.9-2020-q2-update.win32_2.0.0.202105311346/tools/bin/../lib/gcc/arm-none-eabi/9.3.1/thumb/v7e-m+fp/hard/crti.o
 .ARM.attributes
                0x000000000000001e       0x34 c:/st/stm32cubeide_1.7.0/stm32cubeide/plugins/com.st.stm32cube.ide.mcu.externaltools.gnu-tools-for-stm32.9-2020-q2-update.win32_2.0.0.202105311346/tools/bin/../lib/gcc/arm-none-eabi/9.3.1/thumb/v7e-m+fp/hard/crtbegin.o
 .ARM.attributes
                0x0000000000000052       0x34 ./App/Src/app_main.o
 .ARM.attributes
                0x0000000000000086       0x39 ./BSP/Src/font16.o
 .ARM.attributes
                0x00000000000000bf       0x39 ./BSP/Src/font24.o
 .ARM.attributes
                0x00000000000000f8       0x34 ./BSP/Src/ili9341.o
 .ARM.attributes
                0x000000000000012c       0x34 ./BSP/Src/stm32f429i_discovery.o
 .ARM.attributes
                0x0000000000000160       0x34 ./BSP/Src/stm32f429i_discovery_lcd.o
 .ARM.attributes
                0x0000000000000194       0x34 ./BSP/Src/stm32f429i_discovery_sdram.o
 .ARM.attributes
                0x00000000000001c8       0x34 ./BSP/Src/stm32f429i_discovery_ts.o
 .ARM.attributes
                0x00000000000001fc       0x34 ./BSP/Src/stmpe811.o
 .ARM.attributes
                0x0000000000000230       0x34 ./Core/Src/freertos.o
 .ARM.attributes
                0x0000000000000264       0x34 ./Core/Src/main.o
 .ARM.attributes
                0x0000000000000298       0x34 ./Core/Src/stm32f4xx_hal_msp.o
 .ARM.attributes
                0x00000000000002cc       0x34 ./Core/Src/stm32f4xx_hal_timebase_tim.o
 .ARM.attributes
                0x0000000000000300       0x34 ./Core/Src/stm32f4xx_it.o
 .ARM.attributes
                0x0000000000000334       0x34 ./Core/Src/sysmem.o
 .ARM.attributes
                0x0000000000000368       0x34 ./Core/Src/system_stm32f4xx.o
 .ARM.attributes
                0x000000000000039c       0x21 ./Core/Startup/startup_stm32f429zitx.o
 .ARM.attributes
                0x00000000000003bd       0x34 ./Drivers/STM32F4xx_HAL_Driver/Src/stm32f4xx_hal.o
 .ARM.attributes
                0x00000000000003f1       0x34 ./Drivers/STM32F4xx_HAL_Driver/Src/stm32f4xx_hal_cortex.o
 .ARM.attributes
                0x0000000000000425       0x34 ./Drivers/STM32F4xx_HAL_Driver/Src/stm32f4xx_hal_crc.o
 .ARM.attributes
                0x0000000000000459       0x34 ./Drivers/STM32F4xx_HAL_Driver/Src/stm32f4xx_hal_dma2d.o
 .ARM.attributes
                0x000000000000048d       0x34 ./Drivers/STM32F4xx_HAL_Driver/Src/stm32f4xx_hal_gpio.o
 .ARM.attributes
                0x00000000000004c1       0x34 ./Drivers/STM32F4xx_HAL_Driver/Src/stm32f4xx_hal_hcd.o
 .ARM.attributes
                0x00000000000004f5       0x34 ./Drivers/STM32F4xx_HAL_Driver/Src/stm32f4xx_hal_i2c.o
 .ARM.attributes
                0x0000000000000529       0x34 ./Drivers/STM32F4xx_HAL_Driver/Src/stm32f4xx_hal_i2c_ex.o
 .ARM.attributes
                0x000000000000055d       0x34 ./Drivers/STM32F4xx_HAL_Driver/Src/stm32f4xx_hal_ltdc.o
 .ARM.attributes
                0x0000000000000591       0x34 ./Drivers/STM32F4xx_HAL_Driver/Src/stm32f4xx_hal_rcc.o
 .ARM.attributes
                0x00000000000005c5       0x34 ./Drivers/STM32F4xx_HAL_Driver/Src/stm32f4xx_hal_rcc_ex.o
 .ARM.attributes
                0x00000000000005f9       0x34 ./Drivers/STM32F4xx_HAL_Driver/Src/stm32f4xx_hal_sdram.o
 .ARM.attributes
                0x000000000000062d       0x34 ./Drivers/STM32F4xx_HAL_Driver/Src/stm32f4xx_hal_spi.o
 .ARM.attributes
                0x0000000000000661       0x34 ./Drivers/STM32F4xx_HAL_Driver/Src/stm32f4xx_hal_tim.o
 .ARM.attributes
                0x0000000000000695       0x34 ./Drivers/STM32F4xx_HAL_Driver/Src/stm32f4xx_hal_tim_ex.o
 .ARM.attributes
                0x00000000000006c9       0x34 ./Drivers/STM32F4xx_HAL_Driver/Src/stm32f4xx_hal_uart.o
 .ARM.attributes
                0x00000000000006fd       0x34 ./Drivers/STM32F4xx_HAL_Driver/Src/stm32f4xx_ll_fmc.o
 .ARM.attributes
                0x0000000000000731       0x34 ./Drivers/STM32F4xx_HAL_Driver/Src/stm32f4xx_ll_usb.o
 .ARM.attributes
                0x0000000000000765       0x34 ./Middlewares/Third_Party/FreeRTOS/Source/list.o
 .ARM.attributes
                0x0000000000000799       0x34 ./Middlewares/Third_Party/FreeRTOS/Source/tasks.o
 .ARM.attributes
                0x00000000000007cd       0x34 ./Middlewares/Third_Party/FreeRTOS/Source/portable/GCC/ARM_CM4F/port.o
 .ARM.attributes
                0x0000000000000801       0x34 ./Middlewares/Third_Party/FreeRTOS/Source/portable/MemMang/heap_4.o
 .ARM.attributes