Archive member included to satisfy reference by file (symbol)

c:/st/stm32cubeide_1.7.0/stm32cubeide/plugins/com.st.stm32cube.ide.mcu.externaltools.gnu-tools-for-stm32.9-2020-q2-update.win32_2.0.0.202105311346/tools/bin/../lib/gcc/arm-none-eabi/9.3.1/../../../../arm-none-eabi/lib/thumb/v7e-m+fp/hard\libc_nano.a(lib_a-errno.o)
                              ./Core/Src/syscalls.o (__errno)
c:/st/stm32cubeide_1.7.0/stm32cubeide/plugins/com.st.stm32cube.ide.mcu.externaltools.gnu-tools-for-stm32.9-2020-q2-update.win32_2.0.0.202105311346/tools/bin/../lib/gcc/arm-none-eabi/9.3.1/../../../../arm-none-eabi/lib/thumb/v7e-m+fp/hard\libc_nano.a(lib_a-exit.o)
                              c:/st/stm32cubeide_1.7.0/stm32cubeide/plugins/com.st.stm32cube.ide.mcu.externaltools.gnu-tools-for-stm32.9-2020-q2-update.win32_2.0.0.202105311346/tools/bin/../lib/gcc/arm-none-eabi/9.3.1/../../../../arm-none-eabi/lib/thumb/v7e-m+fp/hard/crt0.o (exit)
c:/st/stm32cubeide_1.7.0/stm32cubeide/plugins/com.st.stm32cube.ide.mcu.externaltools.gnu-tools-for-stm32.9-2020-q2-update.win32_2.0.0.202105311346/tools/bin/../lib/gcc/arm-none-eabi/9.3.1/../../../../arm-none-eabi/lib/thumb/v7e-m+fp/hard\libc_nano.a(lib_a-impure.o)
                              c:/st/stm32cubeide_1.7.0/stm32cubeide/plugins/com.st.stm32cube.ide.mcu.externaltools.gnu-tools-for-stm32.9-2020-q2-update.win32_2.0.0.202105311346/tools/bin/../lib/gcc/arm-none-eabi/9.3.1/../../../../arm-none-eabi/lib/thumb/v7e-m+fp/hard\libc_nano.a(lib_a-exit.o) (_global_impure_ptr)
c:/st/stm32cubeide_1.7.0/stm32cubeide/plugins/com.st.stm32cube.ide.mcu.externaltools.gnu-tools-for-stm32.9-2020-q2-update.win32_2.0.0.202105311346/tools/bin/../lib/gcc/arm-none-eabi/9.3.1/../../../../arm-none-eabi/lib/thumb/v7e-m+fp/hard\libc_nano.a(lib_a-init.o)
                              c:/st/stm32cubeide_1.7.0/stm32cubeide/plugins/com.st.stm32cube.ide.mcu.externaltools.gnu-tools-for-stm32.9-2020-q2-update.win32_2.0.0.202105311346/tools/bin/../lib/gcc/arm-none-eabi/9.3.1/../../../../arm-none-eabi/lib/thumb/v7e-m+fp/hard/crt0.o (__libc_init_array)
c:/st/stm32cubeide_1.7.0/stm32cubeide/plugins/com.st.stm32cube.ide.mcu.externaltools.gnu-tools-for-stm32.9-2020-q2-update.win32_2.0.0.202105311346/tools/bin/../lib/gcc/arm-none-eabi/9.3.1/../../../../arm-none-eabi/lib/thumb/v7e-m+fp/hard\libc_nano.a(lib_a-memcpy-stub.o)
                              ./Middlewares/Third_Party/FreeRTOS/Source/queue.o (memcpy)
c:/st/stm32cubeide_1.7.0/stm32cubeide/plugins/com.st.stm32cube.ide.mcu.externaltools.gnu-tools-for-stm32.9-2020-q2-update.win32_2.0.0.202105311346/tools/bin/../lib/gcc/arm-none-eabi/9.3.1/../../../../arm-none-eabi/lib/thumb/v7e-m+fp/hard\libc_nano.a(lib_a-memset.o)
                              c:/st/stm32cubeide_1.7.0/stm32cubeide/plugins/com.st.stm32cube.ide.mcu.externaltools.gnu-tools-for-stm32.9-2020-q2-update.win32_2.0.0.202105311346/tools/bin/../lib/gcc/arm-none-eabi/9.3.1/../../../../arm-none-eabi/lib/thumb/v7e-m+fp/hard/crt0.o (memset)
c:/st/stm32cubeide_1.7.0/stm32cubeide/plugins/com.st.stm32cube.ide.mcu.externaltools.gnu-tools-for-stm32.9-2020-q2-update.win32_2.0.0.202105311346/tools/bin/../lib/gcc/arm-none-eabi/9.3.1/../../../../arm-none-eabi/lib/thumb/v7e-m+fp/hard\libc_nano.a(lib_a-printf.o)
                              ./BSP/Src/lcd_log.o (printf)
c:/st/stm32cubeide_1.7.0/stm32cubeide/plugins/com.st.stm32cube.ide.mcu.externaltools.gnu-tools-for-stm32.9-2020-q2-update.win32_2.0.0.202105311346/tools/bin/../lib/gcc/arm-none-eabi/9.3.1/../../../../arm-none-eabi/lib/thumb/v7e-m+fp/hard\libc_nano.a(lib_a-snprintf.o)
                              ./App/Src/app_main.o (snprintf)
c:/st/stm32cubeide_1.7.0/stm32cubeide/plugins/com.st.stm32cube.ide.mcu.externaltools.gnu-tools-for-stm32.9-2020-q2-update.win32_2.0.0.202105311346/tools/bin/../lib/gcc/arm-none-eabi/9.3.1/../../../../arm-none-eabi/lib/thumb/v7e-m+fp/hard\libc_nano.a(lib_a-findfp.o)
                              c:/st/stm32cubeide_1.7.0/stm32cubeide/plugins/com.st.stm32cube.ide.mcu.externaltools.gnu-tools-for-stm32.9-2020-q2-update.win32_2.0.0.202105311346/tools/bin/../lib/gcc/arm-none-eabi/9.3.1/../../../../arm-none-eabi/lib/thumb/v7e-m+fp/hard\libc_nano.a(lib_a-printf.o) (__sinit)
c:/st/stm32cubeide_1.7.0/stm32cubeide/plugins/com.st.stm32cube.ide.mcu.externaltools.gnu-tools-for-stm32.9-2020-q2-update.win32_2.0.0.202105311346/tools/bin/../lib/gcc/arm-none-eabi/9.3.1/../../../../arm-none-eabi/lib/thumb/v7e-m+fp/hard\libc_nano.a(lib_a-fwalk.o)
                              c:/st/stm32cubeide_1.7.0/stm32cubeide/plugins/com.st.stm32cube.ide.mcu.externaltools.gnu-tools-for-stm32.9-2020-q2-update.win32_2.0.0.202105311346/tools/bin/../lib/gcc/arm-none-eabi/9.3.1/../../../../arm-none-eabi/lib/thumb/v7e-m+fp/hard\libc_nano.a(lib_a-findfp.o) (_fwalk)
[...]
Memory Configuration

Name             Origin             Length             Attributes
CCMRAM           0x0000000010000000 0x0000000000010000 xrw
RAM              0x0000000020000000 0x0000000000030000 xrw
FLASH            0x0000000008000000 0x0000000000200000 xr
*default*        0x0000000000000000 0xffffffffffffffff

Linker script and memory map

LOAD c:/st/stm32cubeide_1.7.0/stm32cubeide/plugins/com.st.stm32cube.ide.mcu.externaltools.gnu-tools-for-stm32.9-2020-q2-update.win32_2.0.0.202105311346/tools/bin/../lib/gcc/arm-none-eabi/9.3.1/thumb/v7e-m+fp/hard/crti.o
LOAD c:/st/stm32cubeide_1.7.0/stm32cubeide/plugins/com.st.stm32cube.ide.mcu.externaltools.gnu-tools-for-stm32.9-2020-q2-update.win32_2.0.0.202105311346/tools/bin/../lib/gcc/arm-none-eabi/9.3.1/thumb/v7e-m+fp/hard/crtbegin.o
LOAD c:/st/stm32cubeide_1.7.0/stm32cubeide/plugins/com.st.stm32cube.ide.mcu.externaltools.gnu-tools-for-stm32.9-2020-q2-update.win32_2.0.0.202105311346/tools/bin/../lib/gcc/arm-none-eabi/9.3.1/../../../../arm-none-eabi/lib/thumb/v7e-m+fp/hard/crt0.o
LOAD ./App/Src/app_main.o
LOAD ./BSP/Src/font12.o
LOAD ./BSP/Src/font16.o
LOAD ./BSP/Src/font20.o
LOAD ./BSP/Src/font24.o
LOAD ./BSP/Src/font8.o
LOAD ./BSP/Src/ili9341.o
LOAD ./BSP/Src/l3gd20.o
LOAD ./BSP/Src/lcd_log.o
LOAD ./BSP/Src/stm32f429i_discovery.o
LOAD ./BSP/Src/stm32f429i_discovery_eeprom.o
LOAD ./BSP/Src/stm32f429i_discovery_gyroscope.o
LOAD ./BSP/Src/stm32f429i_discovery_io.o
LOAD ./BSP/Src/stm32f429i_discovery_lcd.o
LOAD ./BSP/Src/stm32f429i_discovery_sdram.o
LOAD ./BSP/Src/stm32f429i_discovery_ts.o
LOAD ./BSP/Src/stmpe811.o
LOAD ./Core/Src/freertos.o
LOAD ./Core/Src/main.o
LOAD ./Core/Src/stm32f4xx_hal_msp.o
LOAD ./Core/Src/stm32f4xx_hal_timebase_tim.o
LOAD ./Core/Src/stm32f4xx_it.o
LOAD ./Core/Src/syscalls.o
LOAD ./Core/Src/sysmem.o
LOAD ./Core/Src/system_stm32f4xx.o
LOAD ./Core/Startup/startup_stm32f429zitx.o
LOAD ./Drivers/STM32F4xx_HAL_Driver/Src/stm32f4xx_hal.o
LOAD ./Drivers/STM32F4xx_HAL_Driver/Src/stm32f4xx_hal_cortex.o
LOAD ./Drivers/STM32F4xx_HAL_Driver/Src/stm32f4xx_hal_crc.o
LOAD ./Drivers/STM32F4xx_HAL_Driver/Src/stm32f4xx_hal_dma.o
LOAD ./Drivers/STM32F4xx_HAL_Driver/Src/stm32f4xx_hal_dma2d.o
LOAD ./Drivers/STM32F4xx_HAL_Driver/Src/stm32f4xx_hal_dma_ex.o
LOAD ./Drivers/STM32F4xx_HAL_Driver/Src/stm32f4xx_hal_dsi.o
LOAD ./Drivers/STM32F4xx_HAL_Driver/Src/stm32f4xx_hal_exti.o
LOAD ./Drivers/STM32F4xx_HAL_Driver/Src/stm32f4xx_hal_flash.o
LOAD ./Drivers/STM32F4xx_HAL_Driver/Src/stm32f4xx_hal_flash_ex.o
LOAD ./Drivers/STM32F4xx_HAL_Driver/Src/stm32f4xx_hal_flash_ramfunc.o
LOAD ./Drivers/STM32F4xx_HAL_Driver/Src/stm32f4xx_hal_gpio.o
LOAD ./Drivers/STM32F4xx_HAL_Driver/Src/stm32f4xx_hal_hcd.o
LOAD ./Drivers/STM32F4xx_HAL_Driver/Src/stm32f4xx_hal_i2c.o
LOAD ./Drivers/STM32F4xx_HAL_Driver/Src/stm32f4xx_hal_i2c_ex.o
LOAD ./Drivers/STM32F4xx_HAL_Driver/Src/stm32f4xx_hal_ltdc.o
LOAD ./Drivers/STM32F4xx_HAL_Driver/Src/stm32f4xx_hal_ltdc_ex.o
LOAD ./Drivers/STM32F4xx_HAL_Driver/Src/stm32f4xx_hal_pwr.o
LOAD ./Drivers/STM32F4xx_HAL_Driver/Src/stm32f4xx_hal_pwr_ex.o
LOAD ./Drivers/STM32F4xx_HAL_Driver/Src/stm32f4xx_hal_rcc.o
LOAD ./Drivers/STM32F4xx_HAL_Driver/Src/stm32f4xx_hal_rcc_ex.o
LOAD ./Drivers/STM32F4xx_HAL_Driver/Src/stm32f4xx_hal_sdram.o
LOAD ./Drivers/STM32F4xx_HAL_Driver/Src/stm32f4xx_hal_spi.o
LOAD ./Drivers/STM32F4xx_HAL_Driver/Src/stm32f4xx_hal_tim.o
LOAD ./Drivers/STM32F4xx_HAL_Driver/Src/stm32f4xx_hal_tim_ex.o
LOAD ./Drivers/STM32F4xx_HAL_Driver/Src/stm32f4xx_hal_uart.o
LOAD ./Drivers/STM32F4xx_HAL_Driver/Src/stm32f4xx_ll_fmc.o
LOAD ./Drivers/STM32F4xx_HAL_Driver/Src/stm32f4xx_ll_usb.o
LOAD ./Middlewares/Third_Party/FreeRTOS/Source/CMSIS_RTOS/cmsis_os.o
LOAD ./Middlewares/Third_Party/FreeRTOS/Source/croutine.o
LOAD ./Middlewares/Third_Party/FreeRTOS/Source/event_groups.o
LOAD ./Middlewares/Third_Party/FreeRTOS/Source/list.o
LOAD ./Middlewares/Third_Party/FreeRTOS/Source/queue.o
LOAD ./Middlewares/Third_Party/FreeRTOS/Source/stream_buffer.o
LOAD ./Middlewares/Third_Party/FreeRTOS/Source/tasks.o
LOAD ./Middlewares/Third_Party/FreeRTOS/Source/timers.o
LOAD ./Middlewares/Third_Party/FreeRTOS/Source/portable/GCC/ARM_CM4F/port.o
LOAD ./Middlewares/Third_Party/FreeRTOS/Source/portable/MemMang/heap_4.o
START GROUP
LOAD c:/st/stm32cubeide_1.7.0/stm32cubeide/plugins/com.st.stm32cube.ide.mcu.externaltools.gnu-tools-for-stm32.9-2020-q2-update.win32_2.0.0.202105311346/tools/bin/../lib/gcc/arm-none-eabi/9.3.1/../../../../arm-none-eabi/lib/thumb/v7e-m+fp/hard\libc_nano.a
LOAD c:/st/stm32cubeide_1.7.0/stm32cubeide/plugins/com.st.stm32cube.ide.mcu.externaltools.gnu-tools-for-stm32.9-2020-q2-update.win32_2.0.0.202105311346/tools/bin/../lib/gcc/arm-none-eabi/9.3.1/../../../../arm-none-eabi/lib/thumb/v7e-m+fp/hard\libm.a
END GROUP
START GROUP
LOAD c:/st/stm32cubeide_1.7.0/stm32cubeide/plugins/com.st.stm32cube.ide.mcu.externaltools.gnu-tools-for-stm32.9-2020-q2-update.win32_2.0.0.202105311346/tools/bin/../lib/gcc/arm-none-eabi/9.3.1/thumb/v7e-m+fp/hard\libgcc.a
LOAD c:/st/stm32cubeide_1.7.0/stm32cubeide/plugins/com.st.stm32cube.ide.mcu.externaltools.gnu-tools-for-stm32.9-2020-q2-update.win32_2.0.0.202105311346/tools/bin/../lib/gcc/arm-none-eabi/9.3.1/../../../../arm-none-eabi/lib/thumb/v7e-m+fp/hard\libc_nano.a
END GROUP
START GROUP
LOAD c:/st/stm32cubeide_1.7.0/stm32cubeide/plugins/com.st.stm32cube.ide.mcu.externaltools.gnu-tools-for-stm32.9-2020-q2-update.win32_2.0.0.202105311346/tools/bin/../lib/gcc/arm-none-eabi/9.3.1/thumb/v7e-m+fp/hard\libgcc.a
LOAD c:/st/stm32cubeide_1.7.0/stm32cubeide/plugins/com.st.stm32cube.ide.mcu.externaltools.gnu-tools-for-stm32.9-2020-q2-update.win32_2.0.0.202105311346/tools/bin/../lib/gcc/arm-none-eabi/9.3.1/../../../../arm-none-eabi/lib/thumb/v7e-m+fp/hard\libc_nano.a
LOAD c:/st/stm32cubeide_1.7.0/stm32cubeide/plugins/com.st.stm32cube.ide.mcu.externaltools.gnu-tools-for-stm32.9-2020-q2-update.win32_2.0.0.202105311346/tools/bin/../lib/gcc/arm-none-eabi/9.3.1/../../../../arm-none-eabi/lib/thumb/v7e-m+fp/hard\libnosys.a
END GROUP
START GROUP
LOAD c:/st/stm32cubeide_1.7.0/stm32cubeide/plugins/com.st.stm32cube.ide.mcu.externaltools.gnu-tools-for-stm32.9-2020-q2-update.win32_2.0.0.202105311346/tools/bin/../lib/gcc/arm-none-eabi/9.3.1/thumb/v7e-m+fp/hard\libgcc.a
LOAD c:/st/stm32cubeide_1.7.0/stm32cubeide/plugins/com.st.stm32cube.ide.mcu.externaltools.gnu-tools-for-stm32.9-2020-q2-update.win32_2.0.0.202105311346/tools/bin/../lib/gcc/arm-none-eabi/9.3.1/../../../../arm-none-eabi/lib/thumb/v7e-m+fp/hard\libc_nano.a
LOAD c:/st/stm32cubeide_1.7.0/stm32cubeide/plugins/com.st.stm32cube.ide.mcu.externaltools.gnu-tools-for-stm32.9-2020-q2-update.win32_2.0.0.202105311346/tools/bin/../lib/gcc/arm-none-eabi/9.3.1/../../../../arm-none-eabi/lib/thumb/v7e-m+fp/hard\libnosys.a
END GROUP
LOAD c:/st/stm32cubeide_1.7.0/stm32cubeide/plugins/com.st.stm32cube.ide.mcu.externaltools.gnu-tools-for-stm32.9-2020-q2-update.win32_2.0.0.202105311346/tools/bin/../lib/gcc/arm-none-eabi/9.3.1/thumb/v7e-m+fp/hard/crtend.o
LOAD c:/st/stm32cubeide_1.7.0/stm32cubeide/plugins/com.st.stm32cube.ide.mcu.externaltools.gnu-tools-for-stm32.9-2020-q2-update.win32_2.0.0.202105311346/tools/bin/../lib/gcc/arm-none-eabi/9.3.1/thumb/v7e-m+fp/hard/crtn.o
                0x0000000020030000                _estack = (ORIGIN (RAM) + LENGTH (RAM))
                0x0000000000000200                _Min_Heap_Size = 0x200
                0x0000000000000400                _Min_Stack_Size = 0x400

.isr_vector     0x0000000008000000      0x1ac
                0x0000000008000000                . = ALIGN (0x4)
 *(.isr_vector)
 .isr_vector    0x0000000008000000      0x1ac ./Core/Startup/startup_stm32f429zitx.o
                0x0000000008000000                g_pfnVectors
                0x00000000080001ac                . = ALIGN (0x4)

.text           0x00000000080001b0     0x7320
                0x00000000080001b0                . = ALIGN (0x4)
 *(.text)
 .text          0x00000000080001b0       0x40 c:/st/stm32cubeide_1.7.0/stm32cubeide/plugins/com.st.stm32cube.ide.mcu.externaltools.gnu-tools-for-stm32.9-2020-q2-update.win32_2.0.0.202105311346/tools/bin/../lib/gcc/arm-none-eabi/9.3.1/thumb/v7e-m+fp/hard/crtbegin.o
 .text          0x00000000080001f0       0xa0 c:/st/stm32cubeide_1.7.0/stm32cubeide/plugins/com.st.stm32cube.ide.mcu.externaltools.gnu-tools-for-stm32.9-2020-q2-update.win32_2.0.0.202105311346/tools/bin/../lib/gcc/arm-none-eabi/9.3.1/../../../../arm-none-eabi/lib/thumb/v7e-m+fp/hard\libc_nano.a(lib_a-memchr.o)
                0x00000000080001f0                memchr
 .text          0x0000000008000290       0x30 c:/st/stm32cubeide_1.7.0/stm32cubeide/plugins/com.st.stm32cube.ide.mcu.externaltools.gnu-tools-for-stm32.9-2020-q2-update.win32_2.0.0.202105311346/tools/bin/../lib/gcc/arm-none-eabi/9.3.1/thumb/v7e-m+fp/hard\libgcc.a(_aeabi_uldivmod.o)
                0x0000000008000290                __aeabi_uldivmod
 .text          0x00000000080002c0      0x2c4 c:/st/stm32cubeide_1.7.0/stm32cubeide/plugins/com.st.stm32cube.ide.mcu.externaltools.gnu-tools-for-stm32.9-2020-q2-update.win32_2.0.0.202105311346/tools/bin/../lib/gcc/arm-none-eabi/9.3.1/thumb/v7e-m+fp/hard\libgcc.a(_udivmoddi4.o)
                0x00000000080002c0                __udivmoddi4
 .text          0x0000000008000584        0x4 c:/st/stm32cubeide_1.7.0/stm32cubeide/plugins/com.st.stm32cube.ide.mcu.externaltools.gnu-tools-for-stm32.9-2020-q2-update.win32_2.0.0.202105311346/tools/bin/../lib/gcc/arm-none-eabi/9.3.1/thumb/v7e-m+fp/hard\libgcc.a(_dvmd_tls.o)
                0x0000000008000584                __aeabi_idiv0
                0x0000000008000584                __aeabi_ldiv0
 *(.text*)
 .text.WorkerTask
                0x0000000008000588       0x58 ./App/Src/app_main.o
 .text.HeartbeatTask
                0x00000000080005e0       0x2c ./App/Src/app_main.o
 .text.CounterTask
                0x000000000800060c       0xa0 ./App/Src/app_main.o
 .text.app_main
                0x00000000080006ac       0x90 ./App/Src/app_main.o
                0x00000000080006ac                app_main
 .text.ili9341_GetLcdPixelWidth
                0x000000000800073c        0x4 ./BSP/Src/ili9341.o
                0x000000000800073c                ili9341_GetLcdPixelWidth
 .text.ili9341_GetLcdPixelHeight
                0x0000000008000740        0x6 ./BSP/Src/ili9341.o
                0x0000000008000740                ili9341_GetLcdPixelHeight
 .text.ili9341_WriteReg
                0x0000000008000746        0x8 ./BSP/Src/ili9341.o
                0x0000000008000746                ili9341_WriteReg
 .text.ili9341_DisplayOn
                0x000000000800074e        0xa ./BSP/Src/ili9341.o
                0x000000000800074e                ili9341_DisplayOn
 .text.ili9341_DisplayOff
                0x0000000008000758        0xa ./BSP/Src/ili9341.o
                0x0000000008000758                ili9341_DisplayOff
 .text.ili9341_WriteData
                0x0000000008000762        0x8 ./BSP/Src/ili9341.o
                0x0000000008000762                ili9341_WriteData
 .text.ili9341_Init
                0x000000000800076a      0x290 ./BSP/Src/ili9341.o
                0x000000000800076a                ili9341_Init
 .text.ili9341_ReadData
                0x00000000080009fa        0x8 ./BSP/Src/ili9341.o
                0x00000000080009fa                ili9341_ReadData
 .text.ili9341_ReadID
                0x0000000008000a02       0x12 ./BSP/Src/ili9341.o
                0x0000000008000a02                ili9341_ReadID
 .text.SPIx_MspInit
                0x0000000008000a14       0x5c ./BSP/Src/stm32f429i_discovery.o
 .text.SPIx_Init
                0x0000000008000a70       0x4c ./BSP/Src/stm32f429i_discovery.o
 .text.SPIx_Error
                0x0000000008000abc       0x14 ./BSP/Src/stm32f429i_discovery.o
 .text.SPIx_Write
                0x0000000008000ad0       0x30 ./BSP/Src/stm32f429i_discovery.o
 .text.SPIx_Read
                0x0000000008000b00       0x2c ./BSP/Src/stm32f429i_discovery.o
 .text.LCD_IO_Init
                0x0000000008000b2c       0xc8 ./BSP/Src/stm32f429i_discovery.o
                0x0000000008000b2c                LCD_IO_Init
 .text.LCD_IO_WriteData
                0x0000000008000bf4       0x38 ./BSP/Src/stm32f429i_discovery.o
                0x0000000008000bf4                LCD_IO_WriteData
 .text.LCD_IO_WriteReg
                0x0000000008000c2c       0x38 ./BSP/Src/stm32f429i_discovery.o
                0x0000000008000c2c                LCD_IO_WriteReg
 .text.LCD_IO_ReadData
                0x0000000008000c64       0x50 ./BSP/Src/stm32f429i_discovery.o
                0x0000000008000c64                LCD_IO_ReadData
 .text.LCD_Delay
                0x0000000008000cb4        0x8 ./BSP/Src/stm32f429i_discovery.o
                0x0000000008000cb4                LCD_Delay
 .text.FillBuffer
                0x0000000008000cbc       0x5c ./BSP/Src/stm32f429i_discovery_lcd.o
 .text.BSP_LCD_GetXSize
                0x0000000008000d18       0x10 ./BSP/Src/stm32f429i_discovery_lcd.o
                0x0000000008000d18                BSP_LCD_GetXSize
 .text.BSP_LCD_GetYSize
                0x0000000008000d28       0x10 ./BSP/Src/stm32f429i_discovery_lcd.o
                0x0000000008000d28                BSP_LCD_GetYSize
 .text.BSP_LCD_LayerDefaultInit
                0x0000000008000d38       0x88 ./BSP/Src/stm32f429i_discovery_lcd.o
                0x0000000008000d38                BSP_LCD_LayerDefaultInit
 .text.BSP_LCD_SelectLayer
                0x0000000008000dc0        0xc ./BSP/Src/stm32f429i_discovery_lcd.o
                0x0000000008000dc0                BSP_LCD_SelectLayer
 .text.BSP_LCD_SetTextColor
                0x0000000008000dcc       0x18 ./BSP/Src/stm32f429i_discovery_lcd.o
                0x0000000008000dcc                BSP_LCD_SetTextColor
 .text.BSP_LCD_SetBackColor
                0x0000000008000de4       0x1c ./BSP/Src/stm32f429i_discovery_lcd.o
                0x0000000008000de4                BSP_LCD_SetBackColor
 .text.BSP_LCD_SetFont
                0x0000000008000e00       0x1c ./BSP/Src/stm32f429i_discovery_lcd.o
                0x0000000008000e00                BSP_LCD_SetFont
 .text.BSP_LCD_Clear
                0x0000000008000e1c       0x3c ./BSP/Src/stm32f429i_discovery_lcd.o
                0x0000000008000e1c                BSP_LCD_Clear
 .text.BSP_LCD_Init
                0x0000000008000e58       0x5c ./BSP/Src/stm32f429i_discovery_lcd.o
                0x0000000008000e58                BSP_LCD_Init
 .text.BSP_LCD_DrawPixel
                0x0000000008000eb4       0x2c ./BSP/Src/stm32f429i_discovery_lcd.o
                0x0000000008000eb4                BSP_LCD_DrawPixel
 .text.DrawChar
                0x0000000008000ee0       0xe8 ./BSP/Src/stm32f429i_discovery_lcd.o
 .text.BSP_LCD_DisplayChar
                0x0000000008000fc8       0x34 ./BSP/Src/stm32f429i_discovery_lcd.o
                0x0000000008000fc8                BSP_LCD_DisplayChar
 .text.BSP_LCD_DisplayStringAt
                0x0000000008000ffc       0xc4 ./BSP/Src/stm32f429i_discovery_lcd.o
                0x0000000008000ffc                BSP_LCD_DisplayStringAt
 .text.BSP_SDRAM_Initialization_sequence
                0x00000000080010c0       0xa0 ./BSP/Src/stm32f429i_discovery_sdram.o
                0x00000000080010c0                BSP_SDRAM_Initialization_sequence
 .text.BSP_SDRAM_Init
                0x0000000008001160        0xe ./BSP/Src/stm32f429i_discovery_sdram.o
                0x0000000008001160                BSP_SDRAM_Init
 .text.vApplicationIdleHook
                0x000000000800116e        0x2 ./Core/Src/freertos.o
                0x000000000800116e                vApplicationIdleHook
 .text.vApplicationStackOverflowHook
                0x0000000008001170        0x2 ./Core/Src/freertos.o
                0x0000000008001170                vApplicationStackOverflowHook
 .text.vApplicationMallocFailedHook
                0x0000000008001172        0x2 ./Core/Src/freertos.o
                0x0000000008001172                vApplicationMallocFailedHook
 .text.vApplicationGetIdleTaskMemory
                0x0000000008001174       0x18 ./Core/Src/freertos.o
                0x0000000008001174                vApplicationGetIdleTaskMemory
 .text.MX_GPIO_Init
                0x000000000800118c      0x1a4 ./Core/Src/main.o
 .text.HAL_TIM_PeriodElapsedCallback
                0x0000000008001330       0x18 ./Core/Src/main.o
                0x0000000008001330                HAL_TIM_PeriodElapsedCallback
 .text.Error_Handler
                0x0000000008001348        0x4 ./Core/Src/main.o
                0x0000000008001348                Error_Handler
 .text.MX_CRC_Init
                0x000000000800134c       0x1c ./Core/Src/main.o
 .text.MX_DMA2D_Init
                0x0000000008001368       0x3c ./Core/Src/main.o
 .text.MX_FMC_Init
                0x00000000080013a4       0x64 ./Core/Src/main.o
 .text.MX_I2C3_Init
                0x0000000008001408       0x54 ./Core/Src/main.o
 .text.MX_LTDC_Init
                0x000000000800145c       0xb4 ./Core/Src/main.o
 .text.MX_SPI5_Init
                0x0000000008001510       0x40 ./Core/Src/main.o
 .text.MX_TIM1_Init
                0x0000000008001550       0x68 ./Core/Src/main.o
 .text.MX_USART1_UART_Init
                0x00000000080015b8       0x34 ./Core/Src/main.o
 .text.MX_USB_OTG_HS_HCD_Init
                0x00000000080015ec       0x34 ./Core/Src/main.o
 .text.SystemClock_Config
                0x0000000008001620       0xa8 ./Core/Src/main.o
                0x0000000008001620                SystemClock_Config
 .text.main     0x00000000080016c8       0x4c ./Core/Src/main.o
                0x00000000080016c8                main
 .text.HAL_FMC_MspInit
                0x0000000008001714       0xdc ./Core/Src/stm32f4xx_hal_msp.o
 .text.HAL_MspInit
                0x00000000080017f0       0x44 ./Core/Src/stm32f4xx_hal_msp.o
                0x00000000080017f0                HAL_MspInit
 .text.HAL_CRC_MspInit
                0x0000000008001834       0x30 ./Core/Src/stm32f4xx_hal_msp.o
                0x0000000008001834                HAL_CRC_MspInit
 .text.HAL_DMA2D_MspInit
                0x0000000008001864       0x40 ./Core/Src/stm32f4xx_hal_msp.o
                0x0000000008001864                HAL_DMA2D_MspInit
 .text.HAL_I2C_MspInit
                0x00000000080018a4       0xac ./Core/Src/stm32f4xx_hal_msp.o
                0x00000000080018a4                HAL_I2C_MspInit
 .text.HAL_LTDC_MspInit
                0x0000000008001950      0x1cc ./Core/Src/stm32f4xx_hal_msp.o
                0x0000000008001950                HAL_LTDC_MspInit
 .text.HAL_SPI_MspInit
                0x0000000008001b1c       0x70 ./Core/Src/stm32f4xx_hal_msp.o
                0x0000000008001b1c                HAL_SPI_MspInit
 .text.HAL_SPI_MspDeInit
                0x0000000008001b8c       0x30 ./Core/Src/stm32f4xx_hal_msp.o
                0x0000000008001b8c                HAL_SPI_MspDeInit
 .text.HAL_TIM_Base_MspInit
                0x0000000008001bbc       0x30 ./Core/Src/stm32f4xx_hal_msp.o
                0x0000000008001bbc                HAL_TIM_Base_MspInit
 .text.HAL_UART_MspInit
                0x0000000008001bec       0x74 ./Core/Src/stm32f4xx_hal_msp.o
                0x0000000008001bec                HAL_UART_MspInit
 .text.HAL_HCD_MspInit
                0x0000000008001c60       0x98 ./Core/Src/stm32f4xx_hal_msp.o
                0x0000000008001c60                HAL_HCD_MspInit
 .text.HAL_SDRAM_MspInit
                0x0000000008001cf8        0x8 ./Core/Src/stm32f4xx_hal_msp.o
                0x0000000008001cf8                HAL_SDRAM_MspInit
 .text.HAL_InitTick
                0x0000000008001d00       0x7c ./Core/Src/stm32f4xx_hal_timebase_tim.o
                0x0000000008001d00                HAL_InitTick
 .text.NMI_Handler
                0x0000000008001d7c        0x2 ./Core/Src/stm32f4xx_it.o
                0x0000000008001d7c                NMI_Handler
 .text.HardFault_Handler
                0x0000000008001d7e        0x2 ./Core/Src/stm32f4xx_it.o
                0x0000000008001d7e                HardFault_Handler
 .text.MemManage_Handler
                0x0000000008001d80        0x2 ./Core/Src/stm32f4xx_it.o
                0x0000000008001d80                MemManage_Handler
 .text.BusFault_Handler
                0x0000000008001d82        0x2 ./Core/Src/stm32f4xx_it.o
                0x0000000008001d82                BusFault_Handler
 .text.UsageFault_Handler
                0x0000000008001d84        0x2 ./Core/Src/stm32f4xx_it.o
                0x0000000008001d84                UsageFault_Handler
 .text.DebugMon_Handler
                0x0000000008001d86        0x2 ./Core/Src/stm32f4xx_it.o
                0x0000000008001d86                DebugMon_Handler
 .text.TIM6_DAC_IRQHandler
                0x0000000008001d88       0x10 ./Core/Src/stm32f4xx_it.o
                0x0000000008001d88                TIM6_DAC_IRQHandler
 .text.OTG_HS_IRQHandler
                0x0000000008001d98       0x10 ./Core/Src/stm32f4xx_it.o
                0x0000000008001d98                OTG_HS_IRQHandler
 .text.LTDC_IRQHandler
                0x0000000008001da8       0x10 ./Core/Src/stm32f4xx_it.o
                0x0000000008001da8                LTDC_IRQHandler
 .text.DMA2D_IRQHandler
                0x0000000008001db8       0x10 ./Core/Src/stm32f4xx_it.o
                0x0000000008001db8                DMA2D_IRQHandler
 .text._sbrk    0x0000000008001dc8       0x48 ./Core/Src/sysmem.o
                0x0000000008001dc8                _sbrk
 .text.SystemInit
                0x0000000008001e10       0x14 ./Core/Src/system_stm32f4xx.o
                0x0000000008001e10                SystemInit
 .text.Reset_Handler
                0x0000000008001e24       0x50 ./Core/Startup/startup_stm32f429zitx.o
                0x0000000008001e24                Reset_Handler
 .text.Default_Handler
                0x0000000008001e74        0x2 ./Core/Startup/startup_stm32f429zitx.o
                0x0000000008001e74                RTC_Alarm_IRQHandler
                0x0000000008001e74                HASH_RNG_IRQHandler
                0x0000000008001e74                EXTI2_IRQHandler
                0x0000000008001e74                TIM8_CC_IRQHandler
                0x0000000008001e74                UART8_IRQHandler
                0x0000000008001e74                SPI4_IRQHandler
                0x0000000008001e74                TIM1_CC_IRQHandler
                0x0000000008001e74                DMA2_Stream5_IRQHandler
                0x0000000008001e74                DMA1_Stream5_IRQHandler
                0x0000000008001e74                PVD_IRQHandler
                0x0000000008001e74                SDIO_IRQHandler
                0x0000000008001e74                TAMP_STAMP_IRQHandler
                0x0000000008001e74                CAN2_RX1_IRQHandler
                0x0000000008001e74                EXTI3_IRQHandler
                0x0000000008001e74                TIM8_TRG_COM_TIM14_IRQHandler
                0x0000000008001e74                TIM1_UP_TIM10_IRQHandler
                0x0000000008001e74                TIM8_UP_TIM13_IRQHandler
                0x0000000008001e74                I2C3_ER_IRQHandler
                0x0000000008001e74                EXTI0_IRQHandler
                0x0000000008001e74                I2C2_EV_IRQHandler
                0x0000000008001e74                DMA1_Stream2_IRQHandler
                0x0000000008001e74                CAN1_RX0_IRQHandler
                0x0000000008001e74                FPU_IRQHandler
                0x0000000008001e74                OTG_HS_WKUP_IRQHandler
                0x0000000008001e74                LTDC_ER_IRQHandler
                0x0000000008001e74                CAN2_SCE_IRQHandler
                0x0000000008001e74                DMA2_Stream2_IRQHandler
                0x0000000008001e74                SPI1_IRQHandler
                0x0000000008001e74                TIM1_BRK_TIM9_IRQHandler
                0x0000000008001e74                DCMI_IRQHandler
                0x0000000008001e74                CAN2_RX0_IRQHandler
                0x0000000008001e74                DMA2_Stream3_IRQHandler
                0x0000000008001e74                USART6_IRQHandler
                0x0000000008001e74                USART3_IRQHandler
                0x0000000008001e74                CAN1_RX1_IRQHandler
                0x0000000008001e74                UART5_IRQHandler
                0x0000000008001e74                DMA2_Stream0_IRQHandler
                0x0000000008001e74                TIM4_IRQHandler
                0x0000000008001e74                I2C1_EV_IRQHandler
                0x0000000008001e74                DMA1_Stream6_IRQHandler
                0x0000000008001e74                DMA1_Stream1_IRQHandler
                0x0000000008001e74                UART4_IRQHandler
                0x0000000008001e74                TIM3_IRQHandler
                0x0000000008001e74                RCC_IRQHandler
                0x0000000008001e74                TIM8_BRK_TIM12_IRQHandler
                0x0000000008001e74                Default_Handler
                0x0000000008001e74                EXTI15_10_IRQHandler
                0x0000000008001e74                ADC_IRQHandler
                0x0000000008001e74                DMA1_Stream7_IRQHandler
                0x0000000008001e74                SPI5_IRQHandler
                0x0000000008001e74                TIM7_IRQHandler
                0x0000000008001e74                CAN2_TX_IRQHandler
                0x0000000008001e74                TIM5_IRQHandler
                0x0000000008001e74                DMA2_Stream7_IRQHandler
                0x0000000008001e74                I2C3_EV_IRQHandler
                0x0000000008001e74                EXTI9_5_IRQHandler
                0x0000000008001e74                RTC_WKUP_IRQHandler
                0x0000000008001e74                ETH_WKUP_IRQHandler
                0x0000000008001e74                SPI2_IRQHandler
                0x0000000008001e74                OTG_HS_EP1_IN_IRQHandler
                0x0000000008001e74                DMA1_Stream0_IRQHandler
                0x0000000008001e74                CAN1_TX_IRQHandler
                0x0000000008001e74                EXTI4_IRQHandler
                0x0000000008001e74                ETH_IRQHandler
                0x0000000008001e74                OTG_HS_EP1_OUT_IRQHandler
                0x0000000008001e74                WWDG_IRQHandler
                0x0000000008001e74                SPI6_IRQHandler
                0x0000000008001e74                TIM2_IRQHandler
                0x0000000008001e74                OTG_FS_WKUP_IRQHandler
                0x0000000008001e74                TIM1_TRG_COM_TIM11_IRQHandler
                0x0000000008001e74                EXTI1_IRQHandler
                0x0000000008001e74                UART7_IRQHandler
                0x0000000008001e74                USART2_IRQHandler
                0x0000000008001e74                I2C2_ER_IRQHandler
                0x0000000008001e74                DMA2_Stream1_IRQHandler
                0x0000000008001e74                CAN1_SCE_IRQHandler
                0x0000000008001e74                FLASH_IRQHandler
                0x0000000008001e74                DMA2_Stream4_IRQHandler
                0x0000000008001e74                USART1_IRQHandler
                0x0000000008001e74                OTG_FS_IRQHandler
                0x0000000008001e74                SPI3_IRQHandler
                0x0000000008001e74                DMA1_Stream4_IRQHandler
                0x0000000008001e74                I2C1_ER_IRQHandler
                0x0000000008001e74                FMC_IRQHandler
                0x0000000008001e74                DMA2_Stream6_IRQHandler
                0x0000000008001e74                SAI1_IRQHandler
                0x0000000008001e74                DMA1_Stream3_IRQHandler
 *fill*         0x0000000008001e76        0x2 
 .text.HAL_Init
                0x0000000008001e78       0x34 ./Drivers/STM32F4xx_HAL_Driver/Src/stm32f4xx_hal.o
                0x0000000008001e78                HAL_Init
 .text.HAL_IncTick
                0x0000000008001eac       0x18 ./Drivers/STM32F4xx_HAL_Driver/Src/stm32f4xx_hal.o
                0x0000000008001eac                HAL_IncTick
 .text.HAL_GetTick
                0x0000000008001ec4        0xc ./Drivers/STM32F4xx_HAL_Driver/Src/stm32f4xx_hal.o
                0x0000000008001ec4                HAL_GetTick
 .text.HAL_Delay
                0x0000000008001ed0       0x28 ./Drivers/STM32F4xx_HAL_Driver/Src/stm32f4xx_hal.o
                0x0000000008001ed0                HAL_Delay
 .text.HAL_NVIC_SetPriorityGrouping
                0x0000000008001ef8       0x24 ./Drivers/STM32F4xx_HAL_Driver/Src/stm32f4xx_hal_cortex.o
                0x0000000008001ef8                HAL_NVIC_SetPriorityGrouping
 .text.HAL_NVIC_SetPriority
                0x0000000008001f1c       0x68 ./Drivers/STM32F4xx_HAL_Driver/Src/stm32f4xx_hal_cortex.o
                0x0000000008001f1c                HAL_NVIC_SetPriority
 .text.HAL_NVIC_EnableIRQ
                0x0000000008001f84       0x1c ./Drivers/STM32F4xx_HAL_Driver/Src/stm32f4xx_hal_cortex.o
                0x0000000008001f84                HAL_NVIC_EnableIRQ
 .text.HAL_CRC_Init
                0x0000000008001fa0       0x1e ./Drivers/STM32F4xx_HAL_Driver/Src/stm32f4xx_hal_crc.o
                0x0000000008001fa0                HAL_CRC_Init
 .text.DMA2D_SetConfig
                0x0000000008001fbe       0x8c ./Drivers/STM32F4xx_HAL_Driver/Src/stm32f4xx_hal_dma2d.o
 .text.HAL_DMA2D_Init
                0x000000000800204a       0x5a ./Drivers/STM32F4xx_HAL_Driver/Src/stm32f4xx_hal_dma2d.o
                0x000000000800204a                HAL_DMA2D_Init
 .text.HAL_DMA2D_Start
                0x00000000080020a4       0x38 ./Drivers/STM32F4xx_HAL_Driver/Src/stm32f4xx_hal_dma2d.o
                0x00000000080020a4                HAL_DMA2D_Start
 .text.HAL_DMA2D_PollForTransfer
                0x00000000080020dc      0x13e ./Drivers/STM32F4xx_HAL_Driver/Src/stm32f4xx_hal_dma2d.o
                0x00000000080020dc                HAL_DMA2D_PollForTransfer
 .text.HAL_DMA2D_LineEventCallback
                0x000000000800221a        0x2 ./Drivers/STM32F4xx_HAL_Driver/Src/stm32f4xx_hal_dma2d.o
                0x000000000800221a                HAL_DMA2D_LineEventCallback
 .text.HAL_DMA2D_CLUTLoadingCpltCallback
                0x000000000800221c        0x2 ./Drivers/STM32F4xx_HAL_Driver/Src/stm32f4xx_hal_dma2d.o
                0x000000000800221c                HAL_DMA2D_CLUTLoadingCpltCallback
 .text.HAL_DMA2D_IRQHandler
                0x000000000800221e      0x13c ./Drivers/STM32F4xx_HAL_Driver/Src/stm32f4xx_hal_dma2d.o
                0x000000000800221e                HAL_DMA2D_IRQHandler
 *fill*         0x000000000800235a        0x2 
 .text.HAL_DMA2D_ConfigLayer
                0x000000000800235c       0xc4 ./Drivers/STM32F4xx_HAL_Driver/Src/stm32f4xx_hal_dma2d.o
                0x000000000800235c                HAL_DMA2D_ConfigLayer
 .text.HAL_GPIO_Init
                0x0000000008002420      0x1f0 ./Drivers/STM32F4xx_HAL_Driver/Src/stm32f4xx_hal_gpio.o
                0x0000000008002420                HAL_GPIO_Init
 .text.HAL_GPIO_DeInit
                0x0000000008002610      0x14c ./Drivers/STM32F4xx_HAL_Driver/Src/stm32f4xx_hal_gpio.o
                0x0000000008002610                HAL_GPIO_DeInit
 .text.HAL_GPIO_WritePin
                0x000000000800275c        0xc ./Drivers/STM32F4xx_HAL_Driver/Src/stm32f4xx_hal_gpio.o
                0x000000000800275c                HAL_GPIO_WritePin
 .text.HAL_GPIO_TogglePin
                0x0000000008002768       0x12 ./Drivers/STM32F4xx_HAL_Driver/Src/stm32f4xx_hal_gpio.o
                0x0000000008002768                HAL_GPIO_TogglePin
 .text.HCD_RXQLVL_IRQHandler
                0x000000000800277a       0x9e ./Drivers/STM32F4xx_HAL_Driver/Src/stm32f4xx_hal_hcd.o
 .text.HAL_HCD_Init
                0x0000000008002818       0x94 ./Drivers/STM32F4xx_HAL_Driver/Src/stm32f4xx_hal_hcd.o
                0x0000000008002818                HAL_HCD_Init
 .text.HAL_HCD_SOF_Callback
                0x00000000080028ac        0x2 ./Drivers/STM32F4xx_HAL_Driver/Src/stm32f4xx_hal_hcd.o
                0x00000000080028ac                HAL_HCD_SOF_Callback
 .text.HAL_HCD_Connect_Callback
                0x00000000080028ae        0x2 ./Drivers/STM32F4xx_HAL_Driver/Src/stm32f4xx_hal_hcd.o
                0x00000000080028ae                HAL_HCD_Connect_Callback
 .text.HAL_HCD_Disconnect_Callback
                0x00000000080028b0        0x2 ./Drivers/STM32F4xx_HAL_Driver/Src/stm32f4xx_hal_hcd.o
                0x00000000080028b0                HAL_HCD_Disconnect_Callback
 .text.HAL_HCD_PortEnabled_Callback
                0x00000000080028b2        0x2 ./Drivers/STM32F4xx_HAL_Driver/Src/stm32f4xx_hal_hcd.o
                0x00000000080028b2                HAL_HCD_PortEnabled_Callback
 .text.HAL_HCD_PortDisabled_Callback
                0x00000000080028b4        0x2 ./Drivers/STM32F4xx_HAL_Driver/Src/stm32f4xx_hal_hcd.o
                0x00000000080028b4                HAL_HCD_PortDisabled_Callback
 .text.HCD_Port_IRQHandler
                0x00000000080028b6       0xb0 ./Drivers/STM32F4xx_HAL_Driver/Src/stm32f4xx_hal_hcd.o
 .text.HAL_HCD_HC_NotifyURBChange_Callback
                0x0000000008002966        0x2 ./Drivers/STM32F4xx_HAL_Driver/Src/stm32f4xx_hal_hcd.o
                0x0000000008002966                HAL_HCD_HC_NotifyURBChange_Callback
 .text.HCD_HC_IN_IRQHandler
                0x0000000008002968      0x324 ./Drivers/STM32F4xx_HAL_Driver/Src/stm32f4xx_hal_hcd.o
 .text.HCD_HC_OUT_IRQHandler
                0x0000000008002c8c      0x30a ./Drivers/STM32F4xx_HAL_Driver/Src/stm32f4xx_hal_hcd.o
 .text.HAL_HCD_IRQHandler
                0x0000000008002f96      0x156 ./Drivers/STM32F4xx_HAL_Driver/Src/stm32f4xx_hal_hcd.o
                0x0000000008002f96                HAL_HCD_IRQHandler
 .text.HAL_I2C_Init
                0x00000000080030ec      0x1bc ./Drivers/STM32F4xx_HAL_Driver/Src/stm32f4xx_hal_i2c.o
                0x00000000080030ec                HAL_I2C_Init
 .text.HAL_I2CEx_ConfigAnalogFilter
                0x00000000080032a8       0x44 ./Drivers/STM32F4xx_HAL_Driver/Src/stm32f4xx_hal_i2c_ex.o
                0x00000000080032a8                HAL_I2CEx_ConfigAnalogFilter
 .text.HAL_I2CEx_ConfigDigitalFilter
                0x00000000080032ec       0x42 ./Drivers/STM32F4xx_HAL_Driver/Src/stm32f4xx_hal_i2c_ex.o
                0x00000000080032ec                HAL_I2CEx_ConfigDigitalFilter
 .text.LTDC_SetConfig
                0x000000000800332e      0x1ac ./Drivers/STM32F4xx_HAL_Driver/Src/stm32f4xx_hal_ltdc.o
 *fill*         0x00000000080034da        0x2 
 .text.HAL_LTDC_Init
                0x00000000080034dc       0xf4 ./Drivers/STM32F4xx_HAL_Driver/Src/stm32f4xx_hal_ltdc.o
                0x00000000080034dc                HAL_LTDC_Init
 .text.HAL_LTDC_ErrorCallback
                0x00000000080035d0        0x2 ./Drivers/STM32F4xx_HAL_Driver/Src/stm32f4xx_hal_ltdc.o
                0x00000000080035d0                HAL_LTDC_ErrorCallback
 .text.HAL_LTDC_LineEventCallback
                0x00000000080035d2        0x2 ./Drivers/STM32F4xx_HAL_Driver/Src/stm32f4xx_hal_ltdc.o
                0x00000000080035d2                HAL_LTDC_LineEventCallback
 .text.HAL_LTDC_ReloadEventCallback
                0x00000000080035d4        0x2 ./Drivers/STM32F4xx_HAL_Driver/Src/stm32f4xx_hal_ltdc.o
                0x00000000080035d4                HAL_LTDC_ReloadEventCallback
 .text.HAL_LTDC_IRQHandler
                0x00000000080035d6       0xda ./Drivers/STM32F4xx_HAL_Driver/Src/stm32f4xx_hal_ltdc.o
                0x00000000080035d6                HAL_LTDC_IRQHandler
 .text.HAL_LTDC_ConfigLayer
                0x00000000080036b0       0x5c ./Drivers/STM32F4xx_HAL_Driver/Src/stm32f4xx_hal_ltdc.o
                0x00000000080036b0                HAL_LTDC_ConfigLayer
 .text.HAL_LTDC_EnableDither
                0x000000000800370c       0x34 ./Drivers/STM32F4xx_HAL_Driver/Src/stm32f4xx_hal_ltdc.o
                0x000000000800370c                HAL_LTDC_EnableDither
 .text.HAL_RCC_OscConfig
                0x0000000008003740      0x3f8 ./Drivers/STM32F4xx_HAL_Driver/Src/stm32f4xx_hal_rcc.o
                0x0000000008003740                HAL_RCC_OscConfig
 .text.HAL_RCC_GetSysClockFreq
                0x0000000008003b38       0xcc ./Drivers/STM32F4xx_HAL_Driver/Src/stm32f4xx_hal_rcc.o
                0x0000000008003b38                HAL_RCC_GetSysClockFreq
 .text.HAL_RCC_ClockConfig
                0x0000000008003c04      0x160 ./Drivers/STM32F4xx_HAL_Driver/Src/stm32f4xx_hal_rcc.o
                0x0000000008003c04                HAL_RCC_ClockConfig
 .text.HAL_RCC_GetHCLKFreq
                0x0000000008003d64        0xc ./Drivers/STM32F4xx_HAL_Driver/Src/stm32f4xx_hal_rcc.o
                0x0000000008003d64                HAL_RCC_GetHCLKFreq
 .text.HAL_RCC_GetPCLK1Freq
                0x0000000008003d70       0x20 ./Drivers/STM32F4xx_HAL_Driver/Src/stm32f4xx_hal_rcc.o
                0x0000000008003d70                HAL_RCC_GetPCLK1Freq
 .text.HAL_RCC_GetPCLK2Freq
                0x0000000008003d90       0x20 ./Drivers/STM32F4xx_HAL_Driver/Src/stm32f4xx_hal_rcc.o
                0x0000000008003d90                HAL_RCC_GetPCLK2Freq
 .text.HAL_RCC_GetClockConfig
                0x0000000008003db0       0x3c ./Drivers/STM32F4xx_HAL_Driver/Src/stm32f4xx_hal_rcc.o
                0x0000000008003db0                HAL_RCC_GetClockConfig
 .text.HAL_RCCEx_PeriphCLKConfig
                0x0000000008003dec      0x288 ./Drivers/STM32F4xx_HAL_Driver/Src/stm32f4xx_hal_rcc_ex.o
                0x0000000008003dec                HAL_RCCEx_PeriphCLKConfig
 .text.HAL_SDRAM_Init
                0x0000000008004074       0x40 ./Drivers/STM32F4xx_HAL_Driver/Src/stm32f4xx_hal_sdram.o
                0x0000000008004074                HAL_SDRAM_Init
 .text.HAL_SDRAM_SendCommand
                0x00000000080040b4       0x36 ./Drivers/STM32F4xx_HAL_Driver/Src/stm32f4xx_hal_sdram.o
                0x00000000080040b4                HAL_SDRAM_SendCommand
 .text.HAL_SDRAM_ProgramRefreshRate
                0x00000000080040ea       0x24 ./Drivers/STM32F4xx_HAL_Driver/Src/stm32f4xx_hal_sdram.o
                0x00000000080040ea                HAL_SDRAM_ProgramRefreshRate
 *fill*         0x000000000800410e        0x2 
 .text.SPI_WaitFlagStateUntilTimeout
                0x0000000008004110       0xd0 ./Drivers/STM32F4xx_HAL_Driver/Src/stm32f4xx_hal_spi.o
 .text.SPI_EndRxTxTransaction
                0x00000000080041e0       0x68 ./Drivers/STM32F4xx_HAL_Driver/Src/stm32f4xx_hal_spi.o
 .text.SPI_EndRxTransaction
                0x0000000008004248       0x8c ./Drivers/STM32F4xx_HAL_Driver/Src/stm32f4xx_hal_spi.o
 .text.HAL_SPI_Init
                0x00000000080042d4       0xbe ./Drivers/STM32F4xx_HAL_Driver/Src/stm32f4xx_hal_spi.o
                0x00000000080042d4                HAL_SPI_Init
 .text.HAL_SPI_DeInit
                0x0000000008004392       0x2c ./Drivers/STM32F4xx_HAL_Driver/Src/stm32f4xx_hal_spi.o
                0x0000000008004392                HAL_SPI_DeInit
 .text.HAL_SPI_Transmit
                0x00000000080043be      0x1ae ./Drivers/STM32F4xx_HAL_Driver/Src/stm32f4xx_hal_spi.o
                0x00000000080043be                HAL_SPI_Transmit
 .text.HAL_SPI_TransmitReceive
                0x000000000800456c      0x238 ./Drivers/STM32F4xx_HAL_Driver/Src/stm32f4xx_hal_spi.o
                0x000000000800456c                HAL_SPI_TransmitReceive
 .text.HAL_SPI_Receive
                0x00000000080047a4      0x174 ./Drivers/STM32F4xx_HAL_Driver/Src/stm32f4xx_hal_spi.o
                0x00000000080047a4                HAL_SPI_Receive
 .text.HAL_SPI_GetState
                0x0000000008004918        0x6 ./Drivers/STM32F4xx_HAL_Driver/Src/stm32f4xx_hal_spi.o
                0x0000000008004918                HAL_SPI_GetState
 .text.TIM_TI1_ConfigInputStage
                0x000000000800491e       0x24 ./Drivers/STM32F4xx_HAL_Driver/Src/stm32f4xx_hal_tim.o
 .text.TIM_TI2_ConfigInputStage
                0x0000000008004942       0x26 ./Drivers/STM32F4xx_HAL_Driver/Src/stm32f4xx_hal_tim.o
 .text.TIM_ITRx_SetConfig
                0x0000000008004968       0x10 ./Drivers/STM32F4xx_HAL_Driver/Src/stm32f4xx_hal_tim.o
 .text.HAL_TIM_Base_Start_IT
                0x0000000008004978       0x88 ./Drivers/STM32F4xx_HAL_Driver/Src/stm32f4xx_hal_tim.o
                0x0000000008004978                HAL_TIM_Base_Start_IT
 .text.HAL_TIM_OC_DelayElapsedCallback
                0x0000000008004a00        0x2 ./Drivers/STM32F4xx_HAL_Driver/Src/stm32f4xx_hal_tim.o
                0x0000000008004a00                HAL_TIM_OC_DelayElapsedCallback
 .text.HAL_TIM_IC_CaptureCallback
                0x0000000008004a02        0x2 ./Drivers/STM32F4xx_HAL_Driver/Src/stm32f4xx_hal_tim.o
                0x0000000008004a02                HAL_TIM_IC_CaptureCallback
 .text.HAL_TIM_PWM_PulseFinishedCallback
                0x0000000008004a04        0x2 ./Drivers/STM32F4xx_HAL_Driver/Src/stm32f4xx_hal_tim.o
                0x0000000008004a04                HAL_TIM_PWM_PulseFinishedCallback
 .text.HAL_TIM_TriggerCallback
                0x0000000008004a06        0x2 ./Drivers/STM32F4xx_HAL_Driver/Src/stm32f4xx_hal_tim.o
                0x0000000008004a06                HAL_TIM_TriggerCallback
 .text.HAL_TIM_IRQHandler
                0x0000000008004a08      0x17a ./Drivers/STM32F4xx_HAL_Driver/Src/stm32f4xx_hal_tim.o
                0x0000000008004a08                HAL_TIM_IRQHandler
 *fill*         0x0000000008004b82        0x2 
 .text.TIM_Base_SetConfig
                0x0000000008004b84       0xc8 ./Drivers/STM32F4xx_HAL_Driver/Src/stm32f4xx_hal_tim.o
                0x0000000008004b84                TIM_Base_SetConfig
 .text.HAL_TIM_Base_Init
                0x0000000008004c4c       0x58 ./Drivers/STM32F4xx_HAL_Driver/Src/stm32f4xx_hal_tim.o
                0x0000000008004c4c                HAL_TIM_Base_Init
 .text.TIM_ETR_SetConfig
                0x0000000008004ca4       0x18 ./Drivers/STM32F4xx_HAL_Driver/Src/stm32f4xx_hal_tim.o
                0x0000000008004ca4                TIM_ETR_SetConfig
 .text.HAL_TIM_ConfigClockSource
                0x0000000008004cbc       0xfe ./Drivers/STM32F4xx_HAL_Driver/Src/stm32f4xx_hal_tim.o
                0x0000000008004cbc                HAL_TIM_ConfigClockSource
 *fill*         0x0000000008004dba        0x2 
 .text.HAL_TIMEx_MasterConfigSynchronization
                0x0000000008004dbc       0x88 ./Drivers/STM32F4xx_HAL_Driver/Src/stm32f4xx_hal_tim_ex.o
                0x0000000008004dbc                HAL_TIMEx_MasterConfigSynchronization
 .text.HAL_TIMEx_CommutCallback
                0x0000000008004e44        0x2 ./Drivers/STM32F4xx_HAL_Driver/Src/stm32f4xx_hal_tim_ex.o
                0x0000000008004e44                HAL_TIMEx_CommutCallback
 .text.HAL_TIMEx_BreakCallback
                0x0000000008004e46        0x2 ./Drivers/STM32F4xx_HAL_Driver/Src/stm32f4xx_hal_tim_ex.o
                0x0000000008004e46                HAL_TIMEx_BreakCallback
 .text.UART_SetConfig
                0x0000000008004e48      0x11c ./Drivers/STM32F4xx_HAL_Driver/Src/stm32f4xx_hal_uart.o
 .text.HAL_UART_Init
                0x0000000008004f64       0x5e ./Drivers/STM32F4xx_HAL_Driver/Src/stm32f4xx_hal_uart.o
                0x0000000008004f64                HAL_UART_Init
 .text.FMC_SDRAM_Init
                0x0000000008004fc2       0x78 ./Drivers/STM32F4xx_HAL_Driver/Src/stm32f4xx_ll_fmc.o
                0x0000000008004fc2                FMC_SDRAM_Init
 .text.FMC_SDRAM_Timing_Init
                0x000000000800503a       0x96 ./Drivers/STM32F4xx_HAL_Driver/Src/stm32f4xx_ll_fmc.o
                0x000000000800503a                FMC_SDRAM_Timing_Init
 .text.FMC_SDRAM_SendCommand
                0x00000000080050d0       0x50 ./Drivers/STM32F4xx_HAL_Driver/Src/stm32f4xx_ll_fmc.o
                0x00000000080050d0                FMC_SDRAM_SendCommand
 .text.FMC_SDRAM_ProgramRefreshRate
                0x0000000008005120        0xc ./Drivers/STM32F4xx_HAL_Driver/Src/stm32f4xx_ll_fmc.o
                0x0000000008005120                FMC_SDRAM_ProgramRefreshRate
 .text.USB_CoreReset
                0x000000000800512c       0x4c ./Drivers/STM32F4xx_HAL_Driver/Src/stm32f4xx_ll_usb.o
 .text.USB_CoreInit
                0x0000000008005178       0x8a ./Drivers/STM32F4xx_HAL_Driver/Src/stm32f4xx_ll_usb.o
                0x0000000008005178                USB_CoreInit
 .text.USB_DisableGlobalInt
                0x0000000008005202        0xc ./Drivers/STM32F4xx_HAL_Driver/Src/stm32f4xx_ll_usb.o
                0x0000000008005202                USB_DisableGlobalInt
 *fill*         0x000000000800520e        0x2 
 .text.USB_FlushTxFifo
                0x0000000008005210       0x30 ./Drivers/STM32F4xx_HAL_Driver/Src/stm32f4xx_ll_usb.o
                0x0000000008005210                USB_FlushTxFifo
 .text.USB_FlushRxFifo
                0x0000000008005240       0x2c ./Drivers/STM32F4xx_HAL_Driver/Src/stm32f4xx_ll_usb.o
                0x0000000008005240                USB_FlushRxFifo
 .text.USB_ReadPacket
                0x000000000800526c       0x4c ./Drivers/STM32F4xx_HAL_Driver/Src/stm32f4xx_ll_usb.o
                0x000000000800526c                USB_ReadPacket
 .text.USB_ReadInterrupts
                0x00000000080052b8        0x8 ./Drivers/STM32F4xx_HAL_Driver/Src/stm32f4xx_ll_usb.o
                0x00000000080052b8                USB_ReadInterrupts
 .text.USB_GetMode
                0x00000000080052c0        0x8 ./Drivers/STM32F4xx_HAL_Driver/Src/stm32f4xx_ll_usb.o
                0x00000000080052c0                USB_GetMode
 .text.USB_SetCurrentMode
                0x00000000080052c8       0x62 ./Drivers/STM32F4xx_HAL_Driver/Src/stm32f4xx_ll_usb.o
                0x00000000080052c8                USB_SetCurrentMode
 *fill*         0x000000000800532a        0x2 
 .text.USB_HostInit
                0x000000000800532c       0xf0 ./Drivers/STM32F4xx_HAL_Driver/Src/stm32f4xx_ll_usb.o
                0x000000000800532c                USB_HostInit
 .text.USB_InitFSLSPClkSel
                0x000000000800541c       0x40 ./Drivers/STM32F4xx_HAL_Driver/Src/stm32f4xx_ll_usb.o
                0x000000000800541c                USB_InitFSLSPClkSel
 .text.USB_HC_ReadInterrupt
                0x000000000800545c        0xa ./Drivers/STM32F4xx_HAL_Driver/Src/stm32f4xx_ll_usb.o
                0x000000000800545c                USB_HC_ReadInterrupt
 .text.USB_HC_Halt
                0x0000000008005466       0xe4 ./Drivers/STM32F4xx_HAL_Driver/Src/stm32f4xx_ll_usb.o
                0x0000000008005466                USB_HC_Halt
 .text.vListInitialise
                0x000000000800554a       0x16 ./Middlewares/Third_Party/FreeRTOS/Source/list.o
                0x000000000800554a                vListInitialise
 .text.vListInitialiseItem
                0x0000000008005560        0x6 ./Middlewares/Third_Party/FreeRTOS/Source/list.o
                0x0000000008005560                vListInitialiseItem
 .text.vListInsertEnd
                0x0000000008005566       0x16 ./Middlewares/Third_Party/FreeRTOS/Source/list.o
                0x0000000008005566                vListInsertEnd
 .text.vListInsert
                0x000000000800557c       0x32 ./Middlewares/Third_Party/FreeRTOS/Source/list.o
                0x000000000800557c                vListInsert
 .text.uxListRemove
                0x00000000080055ae       0x26 ./Middlewares/Third_Party/FreeRTOS/Source/list.o
                0x00000000080055ae                uxListRemove
 .text.prvGetDisinheritPriorityAfterTimeout
                0x00000000080055d4       0x10 ./Middlewares/Third_Party/FreeRTOS/Source/queue.o
 .text.prvIsQueueFull
                0x00000000080055e4       0x1e ./Middlewares/Third_Party/FreeRTOS/Source/queue.o
 .text.prvIsQueueEmpty
                0x0000000008005602       0x1a ./Middlewares/Third_Party/FreeRTOS/Source/queue.o
 .text.prvCopyDataToQueue
                0x000000000800561c       0x76 ./Middlewares/Third_Party/FreeRTOS/Source/queue.o
 .text.prvUnlockQueue
                0x0000000008005692       0x6e ./Middlewares/Third_Party/FreeRTOS/Source/queue.o
 .text.xQueueGenericReset
                0x0000000008005700       0x84 ./Middlewares/Third_Party/FreeRTOS/Source/queue.o
                0x0000000008005700                xQueueGenericReset
 .text.prvInitialiseNewQueue
                0x0000000008005784       0x1c ./Middlewares/Third_Party/FreeRTOS/Source/queue.o
 .text.xQueueGenericCreate
                0x00000000080057a0       0x48 ./Middlewares/Third_Party/FreeRTOS/Source/queue.o
                0x00000000080057a0                xQueueGenericCreate
 .text.xQueueGenericSend
                0x00000000080057e8      0x180 ./Middlewares/Third_Party/FreeRTOS/Source/queue.o
                0x00000000080057e8                xQueueGenericSend
 .text.xQueueSemaphoreTake
                0x0000000008005968      0x1a4 ./Middlewares/Third_Party/FreeRTOS/Source/queue.o
                0x0000000008005968                xQueueSemaphoreTake
 .text.prvResetNextTaskUnblockTime
                0x0000000008005b0c       0x2c ./Middlewares/Third_Party/FreeRTOS/Source/tasks.o
 .text.prvInitialiseNewTask
                0x0000000008005b38       0x9c ./Middlewares/Third_Party/FreeRTOS/Source/tasks.o
 .text.prvInitialiseTaskLists
                0x0000000008005bd4       0x68 ./Middlewares/Third_Party/FreeRTOS/Source/tasks.o
 .text.prvAddNewTaskToReadyList
                0x0000000008005c3c       0xa8 ./Middlewares/Third_Party/FreeRTOS/Source/tasks.o
 .text.prvDeleteTCB
                0x0000000008005ce4       0x38 ./Middlewares/Third_Party/FreeRTOS/Source/tasks.o
 .text.prvCheckTasksWaitingTermination
                0x0000000008005d1c       0x4c ./Middlewares/Third_Party/FreeRTOS/Source/tasks.o
 .text.prvAddCurrentTaskToDelayedList
                0x0000000008005d68       0x98 ./Middlewares/Third_Party/FreeRTOS/Source/tasks.o
 .text.prvIdleTask
                0x0000000008005e00       0x30 ./Middlewares/Third_Party/FreeRTOS/Source/tasks.o
 .text.xTaskCreateStatic
                0x0000000008005e30       0x74 ./Middlewares/Third_Party/FreeRTOS/Source/tasks.o
                0x0000000008005e30                xTaskCreateStatic
 .text.xTaskCreate
                0x0000000008005ea4       0x68 ./Middlewares/Third_Party/FreeRTOS/Source/tasks.o
                0x0000000008005ea4                xTaskCreate
 .text.vTaskStartScheduler
                0x0000000008005f0c       0x6c ./Middlewares/Third_Party/FreeRTOS/Source/tasks.o
                0x0000000008005f0c                vTaskStartScheduler
 .text.vTaskSuspendAll
                0x0000000008005f78       0x10 ./Middlewares/Third_Party/FreeRTOS/Source/tasks.o
                0x0000000008005f78                vTaskSuspendAll
 .text.xTaskIncrementTick
                0x0000000008005f88      0x118 ./Middlewares/Third_Party/FreeRTOS/Source/tasks.o
                0x0000000008005f88                xTaskIncrementTick
 .text.xTaskResumeAll
                0x00000000080060a0       0xf8 ./Middlewares/Third_Party/FreeRTOS/Source/tasks.o
                0x00000000080060a0                xTaskResumeAll
 .text.vTaskDelay
                0x0000000008006198       0x4c ./Middlewares/Third_Party/FreeRTOS/Source/tasks.o
                0x0000000008006198                vTaskDelay
 .text.vTaskSwitchContext
                0x00000000080061e4       0xc8 ./Middlewares/Third_Party/FreeRTOS/Source/tasks.o
                0x00000000080061e4                vTaskSwitchContext
 .text.vTaskPlaceOnEventList
                0x00000000080062ac       0x30 ./Middlewares/Third_Party/FreeRTOS/Source/tasks.o
                0x00000000080062ac                vTaskPlaceOnEventList
 .text.xTaskRemoveFromEventList
                0x00000000080062dc       0x8c ./Middlewares/Third_Party/FreeRTOS/Source/tasks.o
                0x00000000080062dc                xTaskRemoveFromEventList
 .text.vTaskInternalSetTimeOutState
                0x0000000008006368       0x18 ./Middlewares/Third_Party/FreeRTOS/Source/tasks.o
                0x0000000008006368                vTaskInternalSetTimeOutState
 .text.xTaskCheckForTimeOut
                0x0000000008006380       0x84 ./Middlewares/Third_Party/FreeRTOS/Source/tasks.o
                0x0000000008006380                xTaskCheckForTimeOut
 .text.vTaskMissedYield
                0x0000000008006404        0xc ./Middlewares/Third_Party/FreeRTOS/Source/tasks.o
                0x0000000008006404                vTaskMissedYield
 .text.xTaskGetSchedulerState
                0x0000000008006410       0x20 ./Middlewares/Third_Party/FreeRTOS/Source/tasks.o
                0x0000000008006410                xTaskGetSchedulerState
 .text.xTaskPriorityInherit
                0x0000000008006430       0xac ./Middlewares/Third_Party/FreeRTOS/Source/tasks.o
                0x0000000008006430                xTaskPriorityInherit
 .text.xTaskPriorityDisinherit
                0x00000000080064dc       0xb4 ./Middlewares/Third_Party/FreeRTOS/Source/tasks.o
                0x00000000080064dc                xTaskPriorityDisinherit
 .text.vTaskPriorityDisinheritAfterTimeout
                0x0000000008006590       0xb8 ./Middlewares/Third_Party/FreeRTOS/Source/tasks.o
                0x0000000008006590                vTaskPriorityDisinheritAfterTimeout
 .text.pvTaskIncrementMutexHeldCount
                0x0000000008006648       0x1c ./Middlewares/Third_Party/FreeRTOS/Source/tasks.o
                0x0000000008006648                pvTaskIncrementMutexHeldCount
 .text.prvTaskExitError
                0x0000000008006664       0x40 ./Middlewares/Third_Party/FreeRTOS/Source/portable/GCC/ARM_CM4F/port.o
 .text.prvPortStartFirstTask
                0x00000000080066a4       0x28 ./Middlewares/Third_Party/FreeRTOS/Source/portable/GCC/ARM_CM4F/port.o
 .text.vPortEnableVFP
                0x00000000080066cc       0x14 ./Middlewares/Third_Party/FreeRTOS/Source/portable/GCC/ARM_CM4F/port.o
 .text.pxPortInitialiseStack
                0x00000000080066e0       0x2c ./Middlewares/Third_Party/FreeRTOS/Source/portable/GCC/ARM_CM4F/port.o
                0x00000000080066e0                pxPortInitialiseStack
 *fill*         0x000000000800670c        0x4 
 .text.SVC_Handler
                0x0000000008006710       0x24 ./Middlewares/Third_Party/FreeRTOS/Source/portable/GCC/ARM_CM4F/port.o
                0x0000000008006710                SVC_Handler
 .text.vPortEnterCritical
                0x0000000008006734       0x44 ./Middlewares/Third_Party/FreeRTOS/Source/portable/GCC/ARM_CM4F/port.o
                0x0000000008006734                vPortEnterCritical
 .text.vPortExitCritical
                0x0000000008006778       0x2c ./Middlewares/Third_Party/FreeRTOS/Source/portable/GCC/ARM_CM4F/port.o
                0x0000000008006778                vPortExitCritical
 *fill*         0x00000000080067a4        0xc 
 .text.PendSV_Handler
                0x00000000080067b0       0x64 ./Middlewares/Third_Party/FreeRTOS/Source/portable/GCC/ARM_CM4F/port.o
                0x00000000080067b0                PendSV_Handler
 .text.SysTick_Handler
                0x0000000008006814       0x2c ./Middlewares/Third_Party/FreeRTOS/Source/portable/GCC/ARM_CM4F/port.o
                0x0000000008006814                SysTick_Handler
 .text.vPortSetupTimerInterrupt
                0x0000000008006840       0x38 ./Middlewares/Third_Party/FreeRTOS/Source/portable/GCC/ARM_CM4F/port.o
                0x0000000008006840                vPortSetupTimerInterrupt
 .text.xPortStartScheduler
                0x0000000008006878      0x110 ./Middlewares/Third_Party/FreeRTOS/Source/portable/GCC/ARM_CM4F/port.o
                0x0000000008006878                xPortStartScheduler
 .text.prvHeapInit
                0x0000000008006988       0x64 ./Middlewares/Third_Party/FreeRTOS/Source/portable/MemMang/heap_4.o
 .text.prvInsertBlockIntoFreeList
                0x00000000080069ec       0x58 ./Middlewares/Third_Party/FreeRTOS/Source/portable/MemMang/heap_4.o
 .text.pvPortMalloc
                0x0000000008006a44      0x110 ./Middlewares/Third_Party/FreeRTOS/Source/portable/MemMang/heap_4.o
                0x0000000008006a44                pvPortMalloc
 .text.vPortFree
                0x0000000008006b54       0x7c ./Middlewares/Third_Party/FreeRTOS/Source/portable/MemMang/heap_4.o
                0x0000000008006b54                vPortFree
 .text.__errno  0x0000000008006bd0        0xc c:/st/stm32cubeide_1.7.0/stm32cubeide/plugins/com.st.stm32cube.ide.mcu.externaltools.gnu-tools-for-stm32.9-2020-q2-update.win32_2.0.0.202105311346/tools/bin/../lib/gcc/arm-none-eabi/9.3.1/../../../../arm-none-eabi/lib/thumb/v7e-m+fp/hard\libc_nano.a(lib_a-errno.o)
                0x0000000008006bd0                __errno
 .text.__libc_init_array
                0x0000000008006bdc       0x48 c:/st/stm32cubeide_1.7.0/stm32cubeide/plugins/com.st.stm32cube.ide.mcu.externaltools.gnu-tools-for-stm32.9-2020-q2-update.win32_2.0.0.202105311346/tools/bin/../lib/gcc/arm-none-eabi/9.3.1/../../../../arm-none-eabi/lib/thumb/v7e-m+fp/hard\libc_nano.a(lib_a-init.o)
                0x0000000008006bdc                __libc_init_array
 .text.memcpy   0x0000000008006c24       0x1c c:/st/stm32cubeide_1.7.0/stm32cubeide/plugins/com.st.stm32cube.ide.mcu.externaltools.gnu-tools-for-stm32.9-2020-q2-update.win32_2.0.0.202105311346/tools/bin/../lib/gcc/arm-none-eabi/9.3.1/../../../../arm-none-eabi/lib/thumb/v7e-m+fp/hard\libc_nano.a(lib_a-memcpy-stub.o)
                0x0000000008006c24                memcpy
 .text.memset   0x0000000008006c40       0x10 c:/st/stm32cubeide_1.7.0/stm32cubeide/plugins/com.st.stm32cube.ide.mcu.externaltools.gnu-tools-for-stm32.9-2020-q2-update.win32_2.0.0.202105311346/tools/bin/../lib/gcc/arm-none-eabi/9.3.1/../../../../arm-none-eabi/lib/thumb/v7e-m+fp/hard\libc_nano.a(lib_a-memset.o)
                0x0000000008006c40                memset
 .text.snprintf
                0x0000000008006c50       0x68 c:/st/stm32cubeide_1.7.0/stm32cubeide/plugins/com.st.stm32cube.ide.mcu.externaltools.gnu-tools-for-stm32.9-2020-q2-update.win32_2.0.0.202105311346/tools/bin/../lib/gcc/arm-none-eabi/9.3.1/../../../../arm-none-eabi/lib/thumb/v7e-m+fp/hard\libc_nano.a(lib_a-snprintf.o)
                0x0000000008006c50                sniprintf
                0x0000000008006c50                snprintf
 .text.__retarget_lock_acquire_recursive
                0x0000000008006cb8        0x2 c:/st/stm32cubeide_1.7.0/stm32cubeide/plugins/com.st.stm32cube.ide.mcu.externaltools.gnu-tools-for-stm32.9-2020-q2-update.win32_2.0.0.202105311346/tools/bin/../lib/gcc/arm-none-eabi/9.3.1/../../../../arm-none-eabi/lib/thumb/v7e-m+fp/hard\libc_nano.a(lib_a-lock.o)
                0x0000000008006cb8                __retarget_lock_acquire_recursive
 .text.__retarget_lock_release_recursive
                0x0000000008006cba        0x2 c:/st/stm32cubeide_1.7.0/stm32cubeide/plugins/com.st.stm32cube.ide.mcu.externaltools.gnu-tools-for-stm32.9-2020-q2-update.win32_2.0.0.202105311346/tools/bin/../lib/gcc/arm-none-eabi/9.3.1/../../../../arm-none-eabi/lib/thumb/v7e-m+fp/hard\libc_nano.a(lib_a-lock.o)
                0x0000000008006cba                __retarget_lock_release_recursive
 .text._malloc_r
                0x0000000008006cbc       0xb4 c:/st/stm32cubeide_1.7.0/stm32cubeide/plugins/com.st.stm32cube.ide.mcu.externaltools.gnu-tools-for-stm32.9-2020-q2-update.win32_2.0.0.202105311346/tools/bin/../lib/gcc/arm-none-eabi/9.3.1/../../../../arm-none-eabi/lib/thumb/v7e-m+fp/hard\libc_nano.a(lib_a-nano-mallocr.o)
                0x0000000008006cbc                _malloc_r
 .text.__ssputs_r
                0x0000000008006d70       0xb6 c:/st/stm32cubeide_1.7.0/stm32cubeide/plugins/com.st.stm32cube.ide.mcu.externaltools.gnu-tools-for-stm32.9-2020-q2-update.win32_2.0.0.202105311346/tools/bin/../lib/gcc/arm-none-eabi/9.3.1/../../../../arm-none-eabi/lib/thumb/v7e-m+fp/hard\libc_nano.a(lib_a-nano-svfprintf.o)
                0x0000000008006d70                __ssputs_r
 *fill*         0x0000000008006e26        0x2 
 .text._svfprintf_r
                0x0000000008006e28      0x200 c:/st/stm32cubeide_1.7.0/stm32cubeide/plugins/com.st.stm32cube.ide.mcu.externaltools.gnu-tools-for-stm32.9-2020-q2-update.win32_2.0.0.202105311346/tools/bin/../lib/gcc/arm-none-eabi/9.3.1/../../../../arm-none-eabi/lib/thumb/v7e-m+fp/hard\libc_nano.a(lib_a-nano-svfprintf.o)
                0x0000000008006e28                _svfiprintf_r
                0x0000000008006e28                _svfprintf_r
 .text._printf_common
                0x0000000008007028       0xda c:/st/stm32cubeide_1.7.0/stm32cubeide/plugins/com.st.stm32cube.ide.mcu.externaltools.gnu-tools-for-stm32.9-2020-q2-update.win32_2.0.0.202105311346/tools/bin/../lib/gcc/arm-none-eabi/9.3.1/../../../../arm-none-eabi/lib/thumb/v7e-m+fp/hard\libc_nano.a(lib_a-nano-vfprintf_i.o)
                0x0000000008007028                _printf_common
 *fill*         0x0000000008007102        0x2 
 .text._printf_i
                0x0000000008007104      0x24c c:/st/stm32cubeide_1.7.0/stm32cubeide/plugins/com.st.stm32cube.ide.mcu.externaltools.gnu-tools-for-stm32.9-2020-q2-update.win32_2.0.0.202105311346/tools/bin/../lib/gcc/arm-none-eabi/9.3.1/../../../../arm-none-eabi/lib/thumb/v7e-m+fp/hard\libc_nano.a(lib_a-nano-vfprintf_i.o)
                0x0000000008007104                _printf_i
 .text._sbrk_r  0x0000000008007350       0x20 c:/st/stm32cubeide_1.7.0/stm32cubeide/plugins/com.st.stm32cube.ide.mcu.externaltools.gnu-tools-for-stm32.9-2020-q2-update.win32_2.0.0.202105311346/tools/bin/../lib/gcc/arm-none-eabi/9.3.1/../../../../arm-none-eabi/lib/thumb/v7e-m+fp/hard\libc_nano.a(lib_a-sbrkr.o)
                0x0000000008007350                _sbrk_r
 .text.memmove  0x0000000008007370       0x34 c:/st/stm32cubeide_1.7.0/stm32cubeide/plugins/com.st.stm32cube.ide.mcu.externaltools.gnu-tools-for-stm32.9-2020-q2-update.win32_2.0.0.202105311346/tools/bin/../lib/gcc/arm-none-eabi/9.3.1/../../../../arm-none-eabi/lib/thumb/v7e-m+fp/hard\libc_nano.a(lib_a-memmove.o)
                0x0000000008007370                memmove
 .text.__malloc_lock
                0x00000000080073a4        0xc c:/st/stm32cubeide_1.7.0/stm32cubeide/plugins/com.st.stm32cube.ide.mcu.externaltools.gnu-tools-for-stm32.9-2020-q2-update.win32_2.0.0.202105311346/tools/bin/../lib/gcc/arm-none-eabi/9.3.1/../../../../arm-none-eabi/lib/thumb/v7e-m+fp/hard\libc_nano.a(lib_a-mlock.o)
                0x00000000080073a4                __malloc_lock
 .text.__malloc_unlock
                0x00000000080073b0        0xc c:/st/stm32cubeide_1.7.0/stm32cubeide/plugins/com.st.stm32cube.ide.mcu.externaltools.gnu-tools-for-stm32.9-2020-q2-update.win32_2.0.0.202105311346/tools/bin/../lib/gcc/arm-none-eabi/9.3.1/../../../../arm-none-eabi/lib/thumb/v7e-m+fp/hard\libc_nano.a(lib_a-mlock.o)
                0x00000000080073b0                __malloc_unlock
 .text._free_r  0x00000000080073bc       0xa0 c:/st/stm32cubeide_1.7.0/stm32cubeide/plugins/com.st.stm32cube.ide.mcu.externaltools.gnu-tools-for-stm32.9-2020-q2-update.win32_2.0.0.202105311346/tools/bin/../lib/gcc/arm-none-eabi/9.3.1/../../../../arm-none-eabi/lib/thumb/v7e-m+fp/hard\libc_nano.a(lib_a-nano-freer.o)
                0x00000000080073bc                _free_r
 .text._realloc_r
                0x000000000800745c       0x4c c:/st/stm32cubeide_1.7.0/stm32cubeide/plugins/com.st.stm32cube.ide.mcu.externaltools.gnu-tools-for-stm32.9-2020-q2-update.win32_2.0.0.202105311346/tools/bin/../lib/gcc/arm-none-eabi/9.3.1/../../../../arm-none-eabi/lib/thumb/v7e-m+fp/hard\libc_nano.a(lib_a-nano-reallocr.o)
                0x000000000800745c                _realloc_r
 .text._malloc_usable_size_r
                0x00000000080074a8       0x10 c:/st/stm32cubeide_1.7.0/stm32cubeide/plugins/com.st.stm32cube.ide.mcu.externaltools.gnu-tools-for-stm32.9-2020-q2-update.win32_2.0.0.202105311346/tools/bin/../lib/gcc/arm-none-eabi/9.3.1/../../../../arm-none-eabi/lib/thumb/v7e-m+fp/hard\libc_nano.a(lib_a-nano-msizer.o)
                0x00000000080074a8                _malloc_usable_size_r
 *(.glue_7)
 .glue_7        0x00000000080074b8        0x0 linker stubs
 *(.glue_7t)
 .glue_7t       0x00000000080074b8        0x0 linker stubs
 *(.eh_frame)
 .eh_frame      0x00000000080074b8        0x0 c:/st/stm32cubeide_1.7.0/stm32cubeide/plugins/com.st.stm32cube.ide.mcu.externaltools.gnu-tools-for-stm32.9-2020-q2-update.win32_2.0.0.202105311346/tools/bin/../lib/gcc/arm-none-eabi/9.3.1/thumb/v7e-m+fp/hard/crtbegin.o
 *(.init)
 .init          0x00000000080074b8        0x4 c:/st/stm32cubeide_1.7.0/stm32cubeide/plugins/com.st.stm32cube.ide.mcu.externaltools.gnu-tools-for-stm32.9-2020-q2-update.win32_2.0.0.202105311346/tools/bin/../lib/gcc/arm-none-eabi/9.3.1/thumb/v7e-m+fp/hard/crti.o
                0x00000000080074b8                _init
 .init          0x00000000080074bc        0x8 c:/st/stm32cubeide_1.7.0/stm32cubeide/plugins/com.st.stm32cube.ide.mcu.externaltools.gnu-tools-for-stm32.9-2020-q2-update.win32_2.0.0.202105311346/tools/bin/../lib/gcc/arm-none-eabi/9.3.1/thumb/v7e-m+fp/hard/crtn.o
 *(.fini)
 .fini          0x00000000080074c4        0x4 c:/st/stm32cubeide_1.7.0/stm32cubeide/plugins/com.st.stm32cube.ide.mcu.externaltools.gnu-tools-for-stm32.9-2020-q2-update.win32_2.0.0.202105311346/tools/bin/../lib/gcc/arm-none-eabi/9.3.1/thumb/v7e-m+fp/hard/crti.o
                0x00000000080074c4                _fini
 .fini          0x00000000080074c8        0x8 c:/st/stm32cubeide_1.7.0/stm32cubeide/plugins/com.st.stm32cube.ide.mcu.externaltools.gnu-tools-for-stm32.9-2020-q2-update.win32_2.0.0.202105311346/tools/bin/../lib/gcc/arm-none-eabi/9.3.1/thumb/v7e-m+fp/hard/crtn.o
                0x00000000080074d0                . = ALIGN (0x4)
                0x00000000080074d0                _etext = .

.vfp11_veneer   0x00000000080074d0        0x0
 .vfp11_veneer  0x00000000080074d0        0x0 linker stubs

.v4_bx          0x00000000080074d0        0x0
 .v4_bx         0x00000000080074d0        0x0 linker stubs

.iplt           0x00000000080074d0        0x0
 .iplt          0x00000000080074d0        0x0 c:/st/stm32cubeide_1.7.0/stm32cubeide/plugins/com.st.stm32cube.ide.mcu.externaltools.gnu-tools-for-stm32.9-2020-q2-update.win32_2.0.0.202105311346/tools/bin/../lib/gcc/arm-none-eabi/9.3.1/thumb/v7e-m+fp/hard/crtbegin.o

.rodata         0x00000000080074d0     0x278c
                0x00000000080074d0                . = ALIGN (0x4)
 *(.rodata)
 *(.rodata*)
 .rodata.WorkerTask.str1.4
                0x00000000080074d0       0x17 ./App/Src/app_main.o
 *fill*         0x00000000080074e7        0x1 
 .rodata.CounterTask.str1.4
                0x00000000080074e8       0x1e ./App/Src/app_main.o
 *fill*         0x0000000008007506        0x2 
 .rodata.app_main.str1.4
                0x0000000008007508        0x8 ./App/Src/app_main.o
 .rodata.Font16_Table
                0x0000000008007510      0xbe0 ./BSP/Src/font16.o
                0x0000000008007510                Font16_Table
 .rodata.Font24_Table
                0x00000000080080f0     0x1ab8 ./BSP/Src/font24.o
                0x00000000080080f0                Font24_Table
 .rodata.AHBPrescTable
                0x0000000008009ba8       0x10 ./Core/Src/system_stm32f4xx.o
                0x0000000008009ba8                AHBPrescTable
 .rodata.APBPrescTable
                0x0000000008009bb8        0x8 ./Core/Src/system_stm32f4xx.o
                0x0000000008009bb8                APBPrescTable
 .rodata.vTaskStartScheduler.str1.4
                0x0000000008009bc0        0x5 ./Middlewares/Third_Party/FreeRTOS/Source/tasks.o
 *fill*         0x0000000008009bc5        0x3 
 .rodata.__sf_fake_stderr
                0x0000000008009bc8       0x20 c:/st/stm32cubeide_1.7.0/stm32cubeide/plugins/com.st.stm32cube.ide.mcu.externaltools.gnu-tools-for-stm32.9-2020-q2-update.win32_2.0.0.202105311346/tools/bin/../lib/gcc/arm-none-eabi/9.3.1/../../../../arm-none-eabi/lib/thumb/v7e-m+fp/hard\libc_nano.a(lib_a-findfp.o)
                0x0000000008009bc8                __sf_fake_stderr
 .rodata.__sf_fake_stdin
                0x0000000008009be8       0x20 c:/st/stm32cubeide_1.7.0/stm32cubeide/plugins/com.st.stm32cube.ide.mcu.externaltools.gnu-tools-for-stm32.9-2020-q2-update.win32_2.0.0.202105311346/tools/bin/../lib/gcc/arm-none-eabi/9.3.1/../../../../arm-none-eabi/lib/thumb/v7e-m+fp/hard\libc_nano.a(lib_a-findfp.o)
                0x0000000008009be8                __sf_fake_stdin
 .rodata.__sf_fake_stdout
                0x0000000008009c08       0x20 c:/st/stm32cubeide_1.7.0/stm32cubeide/plugins/com.st.stm32cube.ide.mcu.externaltools.gnu-tools-for-stm32.9-2020-q2-update.win32_2.0.0.202105311346/tools/bin/../lib/gcc/arm-none-eabi/9.3.1/../../../../arm-none-eabi/lib/thumb/v7e-m+fp/hard\libc_nano.a(lib_a-findfp.o)
                0x0000000008009c08                __sf_fake_stdout
 .rodata._svfprintf_r.str1.1
                0x0000000008009c28       0x11 c:/st/stm32cubeide_1.7.0/stm32cubeide/plugins/com.st.stm32cube.ide.mcu.externaltools.gnu-tools-for-stm32.9-2020-q2-update.win32_2.0.0.202105311346/tools/bin/../lib/gcc/arm-none-eabi/9.3.1/../../../../arm-none-eabi/lib/thumb/v7e-m+fp/hard\libc_nano.a(lib_a-nano-svfprintf.o)
 .rodata._printf_i.str1.1
                0x0000000008009c39       0x22 c:/st/stm32cubeide_1.7.0/stm32cubeide/plugins/com.st.stm32cube.ide.mcu.externaltools.gnu-tools-for-stm32.9-2020-q2-update.win32_2.0.0.202105311346/tools/bin/../lib/gcc/arm-none-eabi/9.3.1/../../../../arm-none-eabi/lib/thumb/v7e-m+fp/hard\libc_nano.a(lib_a-nano-vfprintf_i.o)
                0x0000000008009c5c                . = ALIGN (0x4)
 *fill*         0x0000000008009c5b        0x1 

.ARM.extab      0x0000000008009c5c        0x0
                0x0000000008009c5c                . = ALIGN (0x4)
 *(.ARM.extab* .gnu.linkonce.armextab.*)
                0x0000000008009c5c                . = ALIGN (0x4)

.ARM            0x0000000008009c5c        0x8
                0x0000000008009c5c                . = ALIGN (0x4)
                0x0000000008009c5c                __exidx_start = .
 *(.ARM.exidx*)
 .ARM.exidx     0x0000000008009c5c        0x8 c:/st/stm32cubeide_1.7.0/stm32cubeide/plugins/com.st.stm32cube.ide.mcu.externaltools.gnu-tools-for-stm32.9-2020-q2-update.win32_2.0.0.202105311346/tools/bin/../lib/gcc/arm-none-eabi/9.3.1/thumb/v7e-m+fp/hard\libgcc.a(_udivmoddi4.o)
                0x0000000008009c64                __exidx_end = .
                0x0000000008009c64                . = ALIGN (0x4)

.rel.dyn        0x0000000008009c64        0x0
 .rel.iplt      0x0000000008009c64        0x0 c:/st/stm32cubeide_1.7.0/stm32cubeide/plugins/com.st.stm32cube.ide.mcu.externaltools.gnu-tools-for-stm32.9-2020-q2-update.win32_2.0.0.202105311346/tools/bin/../lib/gcc/arm-none-eabi/9.3.1/thumb/v7e-m+fp/hard/crtbegin.o

.preinit_array  0x0000000008009c64        0x0
                0x0000000008009c64                . = ALIGN (0x4)
                0x0000000008009c64                PROVIDE (__preinit_array_start = .)
 *(.preinit_array*)
                0x0000000008009c64                PROVIDE (__preinit_array_end = .)
                0x0000000008009c64                . = ALIGN (0x4)

.init_array     0x0000000008009c64        0x4
                0x0000000008009c64                . = ALIGN (0x4)
                0x0000000008009c64                PROVIDE (__init_array_start = .)
 *(SORT_BY_NAME(.init_array.*))
 *(.init_array*)
 .init_array    0x0000000008009c64        0x4 c:/st/stm32cubeide_1.7.0/stm32cubeide/plugins/com.st.stm32cube.ide.mcu.externaltools.gnu-tools-for-stm32.9-2020-q2-update.win32_2.0.0.202105311346/tools/bin/../lib/gcc/arm-none-eabi/9.3.1/thumb/v7e-m+fp/hard/crtbegin.o
                0x0000000008009c68                PROVIDE (__init_array_end = .)
                0x0000000008009c68                . = ALIGN (0x4)

.fini_array     0x0000000008009c68        0x4
                0x0000000008009c68                . = ALIGN (0x4)
                [!provide]                        PROVIDE (__fini_array_start = .)
 *(SORT_BY_NAME(.fini_array.*))
 *(.fini_array*)
 .fini_array    0x0000000008009c68        0x4 c:/st/stm32cubeide_1.7.0/stm32cubeide/plugins/com.st.stm32cube.ide.mcu.externaltools.gnu-tools-for-stm32.9-2020-q2-update.win32_2.0.0.202105311346/tools/bin/../lib/gcc/arm-none-eabi/9.3.1/thumb/v7e-m+fp/hard/crtbegin.o
                [!provide]                        PROVIDE (__fini_array_end = .)
                0x0000000008009c6c                . = ALIGN (0x4)
                0x0000000008009c6c                _sidata = LOADADDR (.data)

.data           0x0000000020000000       0xc0 load address 0x0000000008009c6c
                0x0000000020000000                . = ALIGN (0x4)
                0x0000000020000000                _sdata = .
 *(.data)
 *(.data*)
 .data.Font16   0x0000000020000000        0x8 ./BSP/Src/font16.o
                0x0000000020000000                Font16
 .data.Font24   0x0000000020000008        0x8 ./BSP/Src/font24.o
                0x0000000020000008                Font24
 .data.ili9341_drv
                0x0000000020000010       0x38 ./BSP/Src/ili9341.o
                0x0000000020000010                ili9341_drv
 .data.SpixTimeout
                0x0000000020000048        0x4 ./BSP/Src/stm32f429i_discovery.o
                0x0000000020000048                SpixTimeout
 .data.SystemCoreClock
                0x000000002000004c        0x4 ./Core/Src/system_stm32f4xx.o
                0x000000002000004c                SystemCoreClock
 .data.uwTickFreq
                0x0000000020000050        0x1 ./Drivers/STM32F4xx_HAL_Driver/Src/stm32f4xx_hal.o
                0x0000000020000050                uwTickFreq
 *fill*         0x0000000020000051        0x3 
 .data.uwTickPrio
                0x0000000020000054        0x4 ./Drivers/STM32F4xx_HAL_Driver/Src/stm32f4xx_hal.o
                0x0000000020000054                uwTickPrio
 .data.uxCriticalNesting
                0x0000000020000058        0x4 ./Middlewares/Third_Party/FreeRTOS/Source/portable/GCC/ARM_CM4F/port.o
 .data._impure_ptr
                0x000000002000005c        0x4 c:/st/stm32cubeide_1.7.0/stm32cubeide/plugins/com.st.stm32cube.ide.mcu.externaltools.gnu-tools-for-stm32.9-2020-q2-update.win32_2.0.0.202105311346/tools/bin/../lib/gcc/arm-none-eabi/9.3.1/../../../../arm-none-eabi/lib/thumb/v7e-m+fp/hard\libc_nano.a(lib_a-impure.o)
                0x000000002000005c                _impure_ptr
 .data.impure_data
                0x0000000020000060       0x60 c:/st/stm32cubeide_1.7.0/stm32cubeide/plugins/com.st.stm32cube.ide.mcu.externaltools.gnu-tools-for-stm32.9-2020-q2-update.win32_2.0.0.202105311346/tools/bin/../lib/gcc/arm-none-eabi/9.3.1/../../../../arm-none-eabi/lib/thumb/v7e-m+fp/hard\libc_nano.a(lib_a-impure.o)
 *(.RamFunc)
 *(.RamFunc*)
                0x00000000200000c0                . = ALIGN (0x4)
                0x00000000200000c0                _edata = .
                0x0000000008009d2c                _siccmram = LOADADDR (.ccmram)

.igot.plt       0x00000000200000c0        0x0 load address 0x0000000008009d2c
 .igot.plt      0x00000000200000c0        0x0 c:/st/stm32cubeide_1.7.0/stm32cubeide/plugins/com.st.stm32cube.ide.mcu.externaltools.gnu-tools-for-stm32.9-2020-q2-update.win32_2.0.0.202105311346/tools/bin/../lib/gcc/arm-none-eabi/9.3.1/thumb/v7e-m+fp/hard/crtbegin.o

.ccmram         0x0000000010000000        0x0 load address 0x0000000008009d2c
                0x0000000010000000                . = ALIGN (0x4)
                0x0000000010000000                _sccmram = .
 *(.ccmram)
 *(.ccmram*)
                0x0000000010000000                . = ALIGN (0x4)
                0x0000000010000000                _eccmram = .
                0x0000000010000000                . = ALIGN (0x4)

.bss            0x00000000200000c0     0x8a68
                0x00000000200000c0                _sbss = .
                0x00000000200000c0                __bss_start__ = _sbss
 *(.bss)
 .bss           0x00000000200000c0       0x1c c:/st/stm32cubeide_1.7.0/stm32cubeide/plugins/com.st.stm32cube.ide.mcu.externaltools.gnu-tools-for-stm32.9-2020-q2-update.win32_2.0.0.202105311346/tools/bin/../lib/gcc/arm-none-eabi/9.3.1/thumb/v7e-m+fp/hard/crtbegin.o
 *(.bss*)
 .bss.Is_LCD_IO_Initialized
                0x00000000200000dc        0x1 ./BSP/Src/stm32f429i_discovery.o
 *fill*         0x00000000200000dd        0x3 
 .bss.SpiHandle
                0x00000000200000e0       0x58 ./BSP/Src/stm32f429i_discovery.o
 .bss.ActiveLayer
                0x0000000020000138        0x4 ./BSP/Src/stm32f429i_discovery_lcd.o
 .bss.Dma2dHandler
                0x000000002000013c       0x40 ./BSP/Src/stm32f429i_discovery_lcd.o
 .bss.DrawProp  0x000000002000017c       0x18 ./BSP/Src/stm32f429i_discovery_lcd.o
 .bss.Command   0x0000000020000194       0x10 ./BSP/Src/stm32f429i_discovery_sdram.o
 .bss.xIdleStack
                0x00000000200001a4      0x200 ./Core/Src/freertos.o
 .bss.xIdleTaskTCBBuffer
                0x00000000200003a4       0x58 ./Core/Src/freertos.o
 .bss.FMC_Initialized
                0x00000000200003fc        0x4 ./Core/Src/stm32f4xx_hal_msp.o
 .bss.__sbrk_heap_end
                0x0000000020000400        0x4 ./Core/Src/sysmem.o
 .bss.pxCurrentTCB
                0x0000000020000404        0x4 ./Middlewares/Third_Party/FreeRTOS/Source/tasks.o
                0x0000000020000404                pxCurrentTCB
 .bss.pxDelayedTaskList
                0x0000000020000408        0x4 ./Middlewares/Third_Party/FreeRTOS/Source/tasks.o
 .bss.pxOverflowDelayedTaskList
                0x000000002000040c        0x4 ./Middlewares/Third_Party/FreeRTOS/Source/tasks.o
 .bss.pxReadyTasksLists
                0x0000000020000410       0x8c ./Middlewares/Third_Party/FreeRTOS/Source/tasks.o
 .bss.uxCurrentNumberOfTasks
                0x000000002000049c        0x4 ./Middlewares/Third_Party/FreeRTOS/Source/tasks.o
 .bss.uxDeletedTasksWaitingCleanUp
                0x00000000200004a0        0x4 ./Middlewares/Third_Party/FreeRTOS/Source/tasks.o
 .bss.uxSchedulerSuspended
                0x00000000200004a4        0x4 ./Middlewares/Third_Party/FreeRTOS/Source/tasks.o
 .bss.uxTaskNumber
                0x00000000200004a8        0x4 ./Middlewares/Third_Party/FreeRTOS/Source/tasks.o
 .bss.uxTopReadyPriority
                0x00000000200004ac        0x4 ./Middlewares/Third_Party/FreeRTOS/Source/tasks.o
 .bss.xDelayedTaskList1
                0x00000000200004b0       0x14 ./Middlewares/Third_Party/FreeRTOS/Source/tasks.o
 .bss.xDelayedTaskList2
                0x00000000200004c4       0x14 ./Middlewares/Third_Party/FreeRTOS/Source/tasks.o
 .bss.xNextTaskUnblockTime
                0x00000000200004d8        0x4 ./Middlewares/Third_Party/FreeRTOS/Source/tasks.o
 .bss.xNumOfOverflows
                0x00000000200004dc        0x4 ./Middlewares/Third_Party/FreeRTOS/Source/tasks.o
 .bss.xPendedTicks
                0x00000000200004e0        0x4 ./Middlewares/Third_Party/FreeRTOS/Source/tasks.o
 .bss.xPendingReadyList
                0x00000000200004e4       0x14 ./Middlewares/Third_Party/FreeRTOS/Source/tasks.o
 .bss.xSchedulerRunning
                0x00000000200004f8        0x4 ./Middlewares/Third_Party/FreeRTOS/Source/tasks.o
 .bss.xSuspendedTaskList
                0x00000000200004fc       0x14 ./Middlewares/Third_Party/FreeRTOS/Source/tasks.o
 .bss.xTasksWaitingTermination
                0x0000000020000510       0x14 ./Middlewares/Third_Party/FreeRTOS/Source/tasks.o
 .bss.xTickCount
                0x0000000020000524        0x4 ./Middlewares/Third_Party/FreeRTOS/Source/tasks.o
 .bss.xYieldPending
                0x0000000020000528        0x4 ./Middlewares/Third_Party/FreeRTOS/Source/tasks.o
 .bss.ucMaxSysCallPriority
                0x000000002000052c        0x1 ./Middlewares/Third_Party/FreeRTOS/Source/portable/GCC/ARM_CM4F/port.o
 *fill*         0x000000002000052d        0x3 
 .bss.ulMaxPRIGROUPValue
                0x0000000020000530        0x4 ./Middlewares/Third_Party/FreeRTOS/Source/portable/GCC/ARM_CM4F/port.o
 .bss.pxEnd     0x0000000020000534        0x4 ./Middlewares/Third_Party/FreeRTOS/Source/portable/MemMang/heap_4.o
 .bss.ucHeap    0x0000000020000538     0x8000 ./Middlewares/Third_Party/FreeRTOS/Source/portable/MemMang/heap_4.o
 .bss.xBlockAllocatedBit
                0x0000000020008538        0x4 ./Middlewares/Third_Party/FreeRTOS/Source/portable/MemMang/heap_4.o
 .bss.xFreeBytesRemaining
                0x000000002000853c        0x4 ./Middlewares/Third_Party/FreeRTOS/Source/portable/MemMang/heap_4.o
 .bss.xMinimumEverFreeBytesRemaining
                0x0000000020008540        0x4 ./Middlewares/Third_Party/FreeRTOS/Source/portable/MemMang/heap_4.o
 .bss.xNumberOfSuccessfulAllocations
                0x0000000020008544        0x4 ./Middlewares/Third_Party/FreeRTOS/Source/portable/MemMang/heap_4.o
 .bss.xNumberOfSuccessfulFrees
                0x0000000020008548        0x4 ./Middlewares/Third_Party/FreeRTOS/Source/portable/MemMang/heap_4.o
 .bss.xStart    0x000000002000854c        0x8 ./Middlewares/Third_Party/FreeRTOS/Source/portable/MemMang/heap_4.o
 .bss.__malloc_free_list
                0x0000000020008554        0x4 c:/st/stm32cubeide_1.7.0/stm32cubeide/plugins/com.st.stm32cube.ide.mcu.externaltools.gnu-tools-for-stm32.9-2020-q2-update.win32_2.0.0.202105311346/tools/bin/../lib/gcc/arm-none-eabi/9.3.1/../../../../arm-none-eabi/lib/thumb/v7e-m+fp/hard\libc_nano.a(lib_a-nano-mallocr.o)
                0x0000000020008554                __malloc_free_list
 .bss.__malloc_sbrk_start
                0x0000000020008558        0x4 c:/st/stm32cubeide_1.7.0/stm32cubeide/plugins/com.st.stm32cube.ide.mcu.externaltools.gnu-tools-for-stm32.9-2020-q2-update.win32_2.0.0.202105311346/tools/bin/../lib/gcc/arm-none-eabi/9.3.1/../../../../arm-none-eabi/lib/thumb/v7e-m+fp/hard\libc_nano.a(lib_a-nano-mallocr.o)
                0x0000000020008558                __malloc_sbrk_start
 *(COMMON)
 COMMON         0x000000002000855c        0x4 ./App/Src/app_main.o
                0x000000002000855c                LCDSemaphore
 COMMON         0x0000000020008560        0x4 ./BSP/Src/stm32f429i_discovery_lcd.o
                0x0000000020008560                LcdDrv
 COMMON         0x0000000020008564      0x568 ./Core/Src/main.o
                0x0000000020008564                defaultTaskHandle
                0x0000000020008568                hi2c3
                0x00000000200085bc                hspi5
                0x0000000020008614                hcrc
                0x000000002000861c                hltdc
                0x00000000200086c4                huart1
                0x0000000020008708                hhcd_USB_OTG_HS
                0x0000000020008a0c                myTask02Handle
                0x0000000020008a10                htim1
                0x0000000020008a58                hdma2d
                0x0000000020008a98                hsdram1
 COMMON         0x0000000020008acc       0x48 ./Core/Src/stm32f4xx_hal_timebase_tim.o
                0x0000000020008acc                htim6
 COMMON         0x0000000020008b14        0x4 ./Drivers/STM32F4xx_HAL_Driver/Src/stm32f4xx_hal.o
                0x0000000020008b14                uwTick
 COMMON         0x0000000020008b18        0x9 c:/st/stm32cubeide_1.7.0/stm32cubeide/plugins/com.st.stm32cube.ide.mcu.externaltools.gnu-tools-for-stm32.9-2020-q2-update.win32_2.0.0.202105311346/tools/bin/../lib/gcc/arm-none-eabi/9.3.1/../../../../arm-none-eabi/lib/thumb/v7e-m+fp/hard\libc_nano.a(lib_a-lock.o)
                0x0000000020008b18                __lock___atexit_recursive_mutex
                0x0000000020008b19                __lock___arc4random_mutex
                0x0000000020008b1a                __lock___env_recursive_mutex
                0x0000000020008b1b                __lock___sinit_recursive_mutex
                0x0000000020008b1c                __lock___malloc_recursive_mutex
                0x0000000020008b1d                __lock___at_quick_exit_mutex
                0x0000000020008b1e                __lock___dd_hash_mutex
                0x0000000020008b1f                __lock___tz_mutex
                0x0000000020008b20                __lock___sfp_recursive_mutex
 *fill*         0x0000000020008b21        0x3 
 COMMON         0x0000000020008b24        0x4 c:/st/stm32cubeide_1.7.0/stm32cubeide/plugins/com.st.stm32cube.ide.mcu.externaltools.gnu-tools-for-stm32.9-2020-q2-update.win32_2.0.0.202105311346/tools/bin/../lib/gcc/arm-none-eabi/9.3.1/../../../../arm-none-eabi/lib/thumb/v7e-m+fp/hard\libc_nano.a(lib_a-reent.o)
                0x0000000020008b24                errno
                0x0000000020008b28                . = ALIGN (0x4)
                0x0000000020008b28                _ebss = .
                0x0000000020008b28                __bss_end__ = _ebss

._user_heap_stack
                0x0000000020008b28      0x600
                0x0000000020008b28                . = ALIGN (0x8)
                [!provide]                        PROVIDE (end = .)
                0x0000000020008b28                PROVIDE (_end = .)
                0x0000000020008d28                . = (. + _Min_Heap_Size)
 *fill*         0x0000000020008b28      0x200 
                0x0000000020009128                . = (. + _Min_Stack_Size)
 *fill*         0x0000000020008d28      0x400 
                0x0000000020009128                . = ALIGN (0x8)

/DISCARD/
 libc.a(*)
 libm.a(*)
 libgcc.a(*)

.ARM.attributes
                0x0000000000000000       0x30
 *(.ARM.attributes)
 .ARM.attributes
                0x0000000000000000       0x1e c:/st/stm32cubeide_1.7.0/stm32cubeide/plugins/com.st.stm32cube.ide.mcu.externaltools.gnu-tools-for-stm32.9-2020-q2-update.win32_2.0.0.202105311346/tools/bin/../lib/gcc/arm-none-eabi/9.3.1/thumb/v7e-m+fp/hard/crti.o
 .ARM.attributes
                0x000000000000001e       0x34 c:/st/stm32cubeide_1.7.0/stm32cubeide/plugins/com.st.stm32cube.ide.mcu.externaltools.gnu-tools-for-stm32.9-2020-q2-update.win32_2.0.0.202105311346/tools/bin/../lib/gcc/arm-none-eabi/9.3.1/thumb/v7e-m+fp/hard/crtbegin.o
 .ARM.attributes
                0x0000000000000052       0x34 ./App/Src/app_main.o
 .ARM.attributes
                0x0000000000000086       0x39 ./BSP/Src/font16.o
 .ARM.attributes
                0x00000000000000bf       0x39 ./BSP/Src/font24.o
 .ARM.attributes
                0x00000000000000f8       0x34 ./BSP/Src/ili9341.o
 .ARM.attributes
                0x000000000000012c       0x34 ./BSP/Src/stm32f429i_discovery.o
 .ARM.attributes
                0x0000000000000160       0x34 ./BSP/Src/stm32f429i_discovery_lcd.o
 .ARM.attributes
                0x0000000000000194       0x34 ./BSP/Src/stm32f429i_discovery_sdram.o
 .ARM.attributes
                0x00000000000001c8       0x34 ./Core/Src/freertos.o
 .ARM.attributes
                0x00000000000001fc       0x34 ./Core/Src/main.o
 .ARM.attributes
                0x0000000000000230       0x34 ./Core/Src/stm32f4xx_hal_msp.o
 .ARM.attributes
                0x0000000000000264       0x34 ./Core/Src/stm32f4xx_hal_timebase_tim.o
 .ARM.attributes
                0x0000000000000298       0x34 ./Core/Src/stm32f4xx_it.o
 .ARM.attributes
                0x00000000000002cc       0x34 ./Core/Src/sysmem.o
 .ARM.attributes
                0x0000000000000300       0x34 ./Core/Src/system_stm32f4xx.o
 .ARM.attributes
                0x0000000000000334       0x21 ./Core/Startup/startup_stm32f429zitx.o
 .ARM.attributes
                0x0000000000000355       0x34 ./Drivers/STM32F4xx_HAL_Driver/Src/stm32f4xx_hal.o
 .ARM.attributes
                0x0000000000000389       0x34 ./Drivers/STM32F4xx_HAL_Driver/Src/stm32f4xx_hal_cortex.o
 .ARM.attributes
                0x00000000000003bd       0x34 ./Drivers/STM32F4xx_HAL_Driver/Src/stm32f4xx_hal_crc.o
 .ARM.attributes
                0x00000000000003f1       0x34 ./Drivers/STM32F4xx_HAL_Driver/Src/stm32f4xx_hal_dma2d.o
 .ARM.attributes
                0x0000000000000425       0x34 ./Drivers/STM32F4xx_HAL_Driver/Src/stm32f4xx_hal_gpio.o
 .ARM.attributes
                0x0000000000000459       0x34 ./Drivers/STM32F4xx_HAL_Driver/Src/stm32f4xx_hal_hcd.o
 .ARM.attributes
                0x000000000000048d       0x34 ./Drivers/STM32F4xx_HAL_Driver/Src/stm32f4xx_hal_i2c.o
 .ARM.attributes
                0x00000000000004c1       0x34 ./Drivers/STM32F4xx_HAL_Driver/Src/stm32f4xx_hal_i2c_ex.o
 .ARM.attributes
                0x00000000000004f5       0x34 ./Drivers/STM32F4xx_HAL_Driver/Src/stm32f4xx_hal_ltdc.o
 .ARM.attributes
                0x0000000000000529       0x34 ./Drivers/STM32F4xx_HAL_Driver/Src/stm32f4xx_hal_rcc.o
 .ARM.attributes
                0x000000000000055d       0x34 ./Drivers/STM32F4xx_HAL_Driver/Src/stm32f4xx_hal_rcc_ex.o
 .ARM.attributes
                0x0000000000000591       0x34 ./Drivers/STM32F4xx_HAL_Driver/Src/stm32f4xx_hal_sdram.o
 .ARM.attributes
                0x00000000000005c5       0x34 ./Drivers/STM32F4xx_HAL_Driver/Src/stm32f4xx_hal_spi.o
 .ARM.attributes
                0x00000000000005f9       0x34 ./Drivers/STM32F4xx_HAL_Driver/Src/stm32f4xx_hal_tim.o
 .ARM.attributes
                0x000000000000062d       0x34 ./Drivers/STM32F4xx_HAL_Driver/Src/stm32f4xx_hal_tim_ex.o
 .ARM.attributes
                0x0000000000000661       0x34 ./Drivers/STM32F4xx_HAL_Driver/Src/stm32f4xx_hal_uart.o
 .ARM.attributes
                0x0000000000000695       0x34 ./Drivers/STM32F4xx_HAL_Driver/Src/stm32f4xx_ll_fmc.o
 .ARM.attributes
                0x00000000000006c9       0x34 ./Drivers/STM32F4xx_HAL_Driver/Src/stm32f4xx_ll_usb.o
 .ARM.attributes
                0x00000000000006fd       0x34 ./Middlewares/Third_Party/FreeRTOS/Source/list.o
 .ARM.attributes
                0x0000000000000731       0x34 ./Middlewares/Third_Party/FreeRTOS/Source/queue.o
 .ARM.attributes
                0x0000000000000765       0x34 ./Middlewares/Third_Party/FreeRTOS/Source/tasks.o
 .ARM.attributes
                0x0000000000000799       0x34 ./Middlewares/Third_Party/FreeRTOS/Source/portable/GCC/ARM_CM4F/port.o
 .ARM.attributes
                0x00000000000007cd       0x34 ./Middlewares/Third_Party/FreeRTOS/Source/portable/MemMang/heap_4.o
 .ARM.attributes
                0x0000000000000801       0x34 c:/st/stm32cubeide_1.7.0/stm32cubeide/plugins/com.st.stm32cube.ide.mcu.externaltools.gnu-tools-for-stm32.9-2020-q2-update.win32_2.0.0.202105311346/tools/bin/../lib/gcc/arm-none-eabi/9.3.1/../../../../arm-none-eabi/lib/thumb/v7e-m+fp/hard\libc_nano.a(lib_a-errno.o)
 .ARM.attributes
                0x0000000000000835       0x32 c:/st/stm32cubeide_1.7.0/stm32cubeide/plugins/com.st.stm32cube.ide.mcu.externaltools.gnu-tools-for-stm32.9-2020-q2-update.win32_2.0.0.202105311346/tools/bin/../lib/gcc/arm-none-eabi/9.3.1/../../../../arm-none-eabi/lib/thumb/v7e-m+fp/hard\libc_nano.a(lib_a-impure.o)
 .ARM.attributes
                0x0000000000000867       0x34 c:/st/stm32cubeide_1.7.0/stm32cubeide/plugins/com.st.stm32cube.ide.mcu.externaltools.gnu-tools-for-stm32.9-2020-q2-update.win32_2.0.0.202105311346/tools/bin/../lib/gcc/arm-none-eabi/9.3.1/../../../../arm-none-eabi/lib/thumb/v7e-m+fp/hard\libc_nano.a(lib_a-init.o)
 .ARM.attributes
                0x000000000000089b       0x34 c:/st/stm32cubeide_1.7.0/stm32cubeide/plugins/com.st.stm32cube.ide.mcu.externaltools.gnu-tools-for-stm32.9-2020-q2-update.win32_2.0.0.202105311346/tools/bin/../lib/gcc/arm-none-eabi/9.3.1/../../../../arm-none-eabi/lib/thumb/v7e-m+fp/hard\libc_nano.a(lib_a-memcpy-stub.o)
 .ARM.attributes
                0x00000000000008cf       0x34 c:/st/stm32cubeide_1.7.0/stm32cubeide/plugins/com.st.stm32cube.ide.mcu.externaltools.gnu-tools-for-stm32.9-2020-q2-update.win32_2.0.0.202105311346/tools/bin/../lib/gcc/arm-none-eabi/9.3.1/../../../../arm-none-eabi/lib/thumb/v7e-m+fp/hard\libc_nano.a(lib_a-memset.o)
 .ARM.attributes
                0x0000000000000903       0x34 c:/st/stm32cubeide_1.7.0/stm32cubeide/plugins/com.st.stm32cube.ide.mcu.externaltools.gnu-tools-for-stm32.9-2020-q2-update.win32_2.0.0.202105311346/tools/bin/../lib/gcc/arm-none-eabi/9.3.1/../../../../arm-none-eabi/lib/thumb/v7e-m+fp/hard\libc_nano.a(lib_a-snprintf.o)
 .ARM.attributes
                0x0000000000000937       0x34 c:/st/stm32cubeide_1.7.0/stm32cubeide/plugins/com.st.stm32cube.ide.mcu.externaltools.gnu-tools-for-stm32.9-2020-q2-update.win32_2.0.0.202105311346/tools/bin/../lib/gcc/arm-none-eabi/9.3.1/../../../../arm-none-eabi/lib/thumb/v7e-m+fp/hard\libc_nano.a(lib_a-findfp.o)
 .ARM.attributes
                0x000000000000096b       0x34 c:/st/stm32cubeide_1.7.0/stm32cubeide/plugins/com.st.stm32cube.ide.mcu.externaltools.gnu-tools-for-stm32.9-2020-q2-update.win32_2.0.0.202105311346/tools/bin/../lib/gcc/arm-none-eabi/9.3.1/../../../../arm-none-eabi/lib/thumb/v7e-m+fp/hard\libc_nano.a(lib_a-lock.o)
 .ARM.attributes
                0x000000000000099f       0x34 c:/st/stm32cubeide_1.7.0/stm32cubeide/plugins/com.st.stm32cube.ide.mcu.externaltools.gnu-tools-for-stm32.9-2020-q2-update.win32_2.0.0.202105311346/tools/bin/../lib/gcc/arm-none-eabi/9.3.1/../../../../arm-none-eabi/lib/thumb/v7e-m+fp/hard\libc_nano.a(lib_a-nano-mallocr.o)
 .ARM.attributes
                0x00000000000009d3       0x34 c:/st/stm32cubeide_1.7.0/stm32cubeide/plugins/com.st.stm32cube.ide.mcu.externaltools.gnu-tools-for-stm32.9-2020-q2-update.win32_2.0.0.202105311346/tools/bin/../lib/gcc/arm-none-eabi/9.3.1/../../../../arm-none-eabi/lib/thumb/v7e-m+fp/hard\libc_nano.a(lib_a-nano-svfprintf.o)
 .ARM.attributes
                0x0000000000000a07       0x34 c:/st/stm32cubeide_1.7.0/stm32cubeide/plugins/com.st.stm32cube.ide.mcu.externaltools.gnu-tools-for-stm32.9-2020-q2-update.win32_2.0.0.202105311346/tools/bin/../lib/gcc/arm-none-eabi/9.3.1/../../../../arm-none-eabi/lib/thumb/v7e-m+fp/hard\libc_nano.a(lib_a-nano-vfprintf_i.o)
 .ARM.attributes
                0x0000000000000a3b       0x34 c:/st/stm32cubeide_1.7.0/stm32cubeide/plugins/com.st.stm32cube.ide.mcu.externaltools.gnu-tools-for-stm32.9-2020-q2-update.win32_2.0.0.202105311346/tools/bin/../lib/gcc/arm-none-eabi/9.3.1/../../../../arm-none-eabi/lib/thumb/v7e-m+fp/hard\libc_nano.a(lib_a-sbrkr.o)
 .ARM.attributes