Archive member included to satisfy reference by file (symbol)

c:/st/stm32cubeide_1.7.0/stm32cubeide/plugins/com.st.stm32cube.ide.mcu.externaltools.gnu-tools-for-stm32.9-2020-q2-update.win32_2.0.0.202105311346/tools/bin/../lib/gcc/arm-none-eabi/9.3.1/../../../../arm-none-eabi/lib/thumb/v7e-m+fp/hard\libc_nano.a(lib_a-errno.o)
                              ./Core/Src/syscalls.o (__errno)
c:/st/stm32cubeide_1.7.0/stm32cubeide/plugins/com.st.stm32cube.ide.mcu.externaltools.gnu-tools-for-stm32.9-2020-q2-update.win32_2.0.0.202105311346/tools/bin/../lib/gcc/arm-none-eabi/9.3.1/../../../../arm-none-eabi/lib/thumb/v7e-m+fp/hard\libc_nano.a(lib_a-exit.o)
                              c:/st/stm32cubeide_1.7.0/stm32cubeide/plugins/com.st.stm32cube.ide.mcu.externaltools.gnu-tools-for-stm32.9-2020-q2-update.win32_2.0.0.202105311346/tools/bin/../lib/gcc/arm-none-eabi/9.3.1/../../../../arm-none-eabi/lib/thumb/v7e-m+fp/hard/crt0.o (exit)
c:/st/stm32cubeide_1.7.0/stm32cubeide/plugins/com.st.stm32cube.ide.mcu.externaltools.gnu-tools-for-stm32.9-2020-q2-update.win32_2.0.0.202105311346/tools/bin/../lib/gcc/arm-none-eabi/9.3.1/../../../../arm-none-eabi/lib/thumb/v7e-m+fp/hard\libc_nano.a(lib_a-impure.o)
                              c:/st/stm32cubeide_1.7.0/stm32cubeide/plugins/com.st.stm32cube.ide.mcu.externaltools.gnu-tools-for-stm32.9-2020-q2-update.win32_2.0.0.202105311346/tools/bin/../lib/gcc/arm-none-eabi/9.3.1/../../../../arm-none-eabi/lib/thumb/v7e-m+fp/hard\libc_nano.a(lib_a-exit.o) (_global_impure_ptr)
c:/st/stm32cubeide_1.7.0/stm32cubeide/plugins/com.st.stm32cube.ide.mcu.externaltools.gnu-tools-for-stm32.9-2020-q2-update.win32_2.0.0.202105311346/tools/bin/../lib/gcc/arm-none-eabi/9.3.1/../../../../arm-none-eabi/lib/thumb/v7e-m+fp/hard\libc_nano.a(lib_a-init.o)
                              c:/st/stm32cubeide_1.7.0/stm32cubeide/plugins/com.st.stm32cube.ide.mcu.externaltools.gnu-tools-for-stm32.9-2020-q2-update.win32_2.0.0.202105311346/tools/bin/../lib/gcc/arm-none-eabi/9.3.1/../../../../arm-none-eabi/lib/thumb/v7e-m+fp/hard/crt0.o (__libc_init_array)
c:/st/stm32cubeide_1.7.0/stm32cubeide/plugins/com.st.stm32cube.ide.mcu.externaltools.gnu-tools-for-stm32.9-2020-q2-update.win32_2.0.0.202105311346/tools/bin/../lib/gcc/arm-none-eabi/9.3.1/../../../../arm-none-eabi/lib/thumb/v7e-m+fp/hard\libc_nano.a(lib_a-memcpy-stub.o)
                              ./Middlewares/Third_Party/FreeRTOS/Source/queue.o (memcpy)
c:/st/stm32cubeide_1.7.0/stm32cubeide/plugins/com.st.stm32cube.ide.mcu.externaltools.gnu-tools-for-stm32.9-2020-q2-update.win32_2.0.0.202105311346/tools/bin/../lib/gcc/arm-none-eabi/9.3.1/../../../../arm-none-eabi/lib/thumb/v7e-m+fp/hard\libc_nano.a(lib_a-memset.o)
                              c:/st/stm32cubeide_1.7.0/stm32cubeide/plugins/com.st.stm32cube.ide.mcu.externaltools.gnu-tools-for-stm32.9-2020-q2-update.win32_2.0.0.202105311346/tools/bin/../lib/gcc/arm-none-eabi/9.3.1/../../../../arm-none-eabi/lib/thumb/v7e-m+fp/hard/crt0.o (memset)
c:/st/stm32cubeide_1.7.0/stm32cubeide/plugins/com.st.stm32cube.ide.mcu.externaltools.gnu-tools-for-stm32.9-2020-q2-update.win32_2.0.0.202105311346/tools/bin/../lib/gcc/arm-none-eabi/9.3.1/../../../../arm-none-eabi/lib/thumb/v7e-m+fp/hard\libc_nano.a(lib_a-printf.o)
                              ./BSP/Src/lcd_log.o (printf)
c:/st/stm32cubeide_1.7.0/stm32cubeide/plugins/com.st.stm32cube.ide.mcu.externaltools.gnu-tools-for-stm32.9-2020-q2-update.win32_2.0.0.202105311346/tools/bin/../lib/gcc/arm-none-eabi/9.3.1/../../../../arm-none-eabi/lib/thumb/v7e-m+fp/hard\libc_nano.a(lib_a-snprintf.o)
                              ./App/Src/app_main.o (snprintf)
c:/st/stm32cubeide_1.7.0/stm32cubeide/plugins/com.st.stm32cube.ide.mcu.externaltools.gnu-tools-for-stm32.9-2020-q2-update.win32_2.0.0.202105311346/tools/bin/../lib/gcc/arm-none-eabi/9.3.1/../../../../arm-none-eabi/lib/thumb/v7e-m+fp/hard\libc_nano.a(lib_a-sprintf.o)
                              ./App/Src/app_main.o (sprintf)
c:/st/stm32cubeide_1.7.0/stm32cubeide/plugins/com.st.stm32cube.ide.mcu.externaltools.gnu-tools-for-stm32.9-2020-q2-update.win32_2.0.0.202105311346/tools/bin/../lib/gcc/arm-none-eabi/9.3.1/../../../../arm-none-eabi/lib/thumb/v7e-m+fp/hard\libc_nano.a(lib_a-findfp.o)
                              c:/st/stm32cubeide_1.7.0/stm32cubeide/plugins/com.st.stm32cube.ide.mcu.externaltools.gnu-tools-for-stm32.9-2020-q2-update.win32_2.0.0.202105311346/tools/bin/../lib/gcc/arm-none-eabi/9.3.1/../../../../arm-none-eabi/lib/thumb/v7e-m+fp/hard\libc_nano.a(lib_a-printf.o) (__sinit)
c:/st/stm32cubeide_1.7.0/stm32cubeide/plugins/com.st.stm32cube.ide.mcu.externaltools.gnu-tools-for-stm32.9-2020-q2-update.win32_2.0.0.202105311346/tools/bin/../lib/gcc/arm-none-eabi/9.3.1/../../../../arm-none-eabi/lib/thumb/v7e-m+fp/hard\libc_nano.a(lib_a-fwalk.o)
[...]
Memory Configuration

Name             Origin             Length             Attributes
CCMRAM           0x0000000010000000 0x0000000000010000 xrw
RAM              0x0000000020000000 0x0000000000030000 xrw
FLASH            0x0000000008000000 0x0000000000200000 xr
*default*        0x0000000000000000 0xffffffffffffffff

Linker script and memory map

LOAD c:/st/stm32cubeide_1.7.0/stm32cubeide/plugins/com.st.stm32cube.ide.mcu.externaltools.gnu-tools-for-stm32.9-2020-q2-update.win32_2.0.0.202105311346/tools/bin/../lib/gcc/arm-none-eabi/9.3.1/thumb/v7e-m+fp/hard/crti.o
LOAD c:/st/stm32cubeide_1.7.0/stm32cubeide/plugins/com.st.stm32cube.ide.mcu.externaltools.gnu-tools-for-stm32.9-2020-q2-update.win32_2.0.0.202105311346/tools/bin/../lib/gcc/arm-none-eabi/9.3.1/thumb/v7e-m+fp/hard/crtbegin.o
LOAD c:/st/stm32cubeide_1.7.0/stm32cubeide/plugins/com.st.stm32cube.ide.mcu.externaltools.gnu-tools-for-stm32.9-2020-q2-update.win32_2.0.0.202105311346/tools/bin/../lib/gcc/arm-none-eabi/9.3.1/../../../../arm-none-eabi/lib/thumb/v7e-m+fp/hard/crt0.o
LOAD ./App/Src/app_main.o
LOAD ./BSP/Src/font12.o
LOAD ./BSP/Src/font16.o
LOAD ./BSP/Src/font20.o
LOAD ./BSP/Src/font24.o
LOAD ./BSP/Src/font8.o
LOAD ./BSP/Src/ili9341.o
LOAD ./BSP/Src/l3gd20.o
LOAD ./BSP/Src/lcd_log.o
LOAD ./BSP/Src/stm32f429i_discovery.o
LOAD ./BSP/Src/stm32f429i_discovery_eeprom.o
LOAD ./BSP/Src/stm32f429i_discovery_gyroscope.o
LOAD ./BSP/Src/stm32f429i_discovery_io.o
LOAD ./BSP/Src/stm32f429i_discovery_lcd.o
LOAD ./BSP/Src/stm32f429i_discovery_sdram.o
LOAD ./BSP/Src/stm32f429i_discovery_ts.o
LOAD ./BSP/Src/stmpe811.o
LOAD ./Core/Src/freertos.o
LOAD ./Core/Src/main.o
LOAD ./Core/Src/stm32f4xx_hal_msp.o
LOAD ./Core/Src/stm32f4xx_hal_timebase_tim.o
LOAD ./Core/Src/stm32f4xx_it.o
LOAD ./Core/Src/syscalls.o
LOAD ./Core/Src/sysmem.o
LOAD ./Core/Src/system_stm32f4xx.o
LOAD ./Core/Startup/startup_stm32f429zitx.o
LOAD ./Drivers/STM32F4xx_HAL_Driver/Src/stm32f4xx_hal.o
LOAD ./Drivers/STM32F4xx_HAL_Driver/Src/stm32f4xx_hal_cortex.o
LOAD ./Drivers/STM32F4xx_HAL_Driver/Src/stm32f4xx_hal_crc.o
LOAD ./Drivers/STM32F4xx_HAL_Driver/Src/stm32f4xx_hal_dma.o
LOAD ./Drivers/STM32F4xx_HAL_Driver/Src/stm32f4xx_hal_dma2d.o
LOAD ./Drivers/STM32F4xx_HAL_Driver/Src/stm32f4xx_hal_dma_ex.o
LOAD ./Drivers/STM32F4xx_HAL_Driver/Src/stm32f4xx_hal_dsi.o
LOAD ./Drivers/STM32F4xx_HAL_Driver/Src/stm32f4xx_hal_exti.o
LOAD ./Drivers/STM32F4xx_HAL_Driver/Src/stm32f4xx_hal_flash.o
LOAD ./Drivers/STM32F4xx_HAL_Driver/Src/stm32f4xx_hal_flash_ex.o
LOAD ./Drivers/STM32F4xx_HAL_Driver/Src/stm32f4xx_hal_flash_ramfunc.o
LOAD ./Drivers/STM32F4xx_HAL_Driver/Src/stm32f4xx_hal_gpio.o
LOAD ./Drivers/STM32F4xx_HAL_Driver/Src/stm32f4xx_hal_hcd.o
LOAD ./Drivers/STM32F4xx_HAL_Driver/Src/stm32f4xx_hal_i2c.o
LOAD ./Drivers/STM32F4xx_HAL_Driver/Src/stm32f4xx_hal_i2c_ex.o
LOAD ./Drivers/STM32F4xx_HAL_Driver/Src/stm32f4xx_hal_ltdc.o
LOAD ./Drivers/STM32F4xx_HAL_Driver/Src/stm32f4xx_hal_ltdc_ex.o
LOAD ./Drivers/STM32F4xx_HAL_Driver/Src/stm32f4xx_hal_pwr.o
LOAD ./Drivers/STM32F4xx_HAL_Driver/Src/stm32f4xx_hal_pwr_ex.o
LOAD ./Drivers/STM32F4xx_HAL_Driver/Src/stm32f4xx_hal_rcc.o
LOAD ./Drivers/STM32F4xx_HAL_Driver/Src/stm32f4xx_hal_rcc_ex.o
LOAD ./Drivers/STM32F4xx_HAL_Driver/Src/stm32f4xx_hal_sdram.o
LOAD ./Drivers/STM32F4xx_HAL_Driver/Src/stm32f4xx_hal_spi.o
LOAD ./Drivers/STM32F4xx_HAL_Driver/Src/stm32f4xx_hal_tim.o
LOAD ./Drivers/STM32F4xx_HAL_Driver/Src/stm32f4xx_hal_tim_ex.o
LOAD ./Drivers/STM32F4xx_HAL_Driver/Src/stm32f4xx_hal_uart.o
LOAD ./Drivers/STM32F4xx_HAL_Driver/Src/stm32f4xx_ll_fmc.o
LOAD ./Drivers/STM32F4xx_HAL_Driver/Src/stm32f4xx_ll_usb.o
LOAD ./Middlewares/Third_Party/FreeRTOS/Source/CMSIS_RTOS/cmsis_os.o
LOAD ./Middlewares/Third_Party/FreeRTOS/Source/croutine.o
LOAD ./Middlewares/Third_Party/FreeRTOS/Source/event_groups.o
LOAD ./Middlewares/Third_Party/FreeRTOS/Source/list.o
LOAD ./Middlewares/Third_Party/FreeRTOS/Source/queue.o
LOAD ./Middlewares/Third_Party/FreeRTOS/Source/stream_buffer.o
LOAD ./Middlewares/Third_Party/FreeRTOS/Source/tasks.o
LOAD ./Middlewares/Third_Party/FreeRTOS/Source/timers.o
LOAD ./Middlewares/Third_Party/FreeRTOS/Source/portable/GCC/ARM_CM4F/port.o
LOAD ./Middlewares/Third_Party/FreeRTOS/Source/portable/MemMang/heap_4.o
START GROUP
LOAD c:/st/stm32cubeide_1.7.0/stm32cubeide/plugins/com.st.stm32cube.ide.mcu.externaltools.gnu-tools-for-stm32.9-2020-q2-update.win32_2.0.0.202105311346/tools/bin/../lib/gcc/arm-none-eabi/9.3.1/../../../../arm-none-eabi/lib/thumb/v7e-m+fp/hard\libc_nano.a
LOAD c:/st/stm32cubeide_1.7.0/stm32cubeide/plugins/com.st.stm32cube.ide.mcu.externaltools.gnu-tools-for-stm32.9-2020-q2-update.win32_2.0.0.202105311346/tools/bin/../lib/gcc/arm-none-eabi/9.3.1/../../../../arm-none-eabi/lib/thumb/v7e-m+fp/hard\libm.a
END GROUP
START GROUP
LOAD c:/st/stm32cubeide_1.7.0/stm32cubeide/plugins/com.st.stm32cube.ide.mcu.externaltools.gnu-tools-for-stm32.9-2020-q2-update.win32_2.0.0.202105311346/tools/bin/../lib/gcc/arm-none-eabi/9.3.1/thumb/v7e-m+fp/hard\libgcc.a
LOAD c:/st/stm32cubeide_1.7.0/stm32cubeide/plugins/com.st.stm32cube.ide.mcu.externaltools.gnu-tools-for-stm32.9-2020-q2-update.win32_2.0.0.202105311346/tools/bin/../lib/gcc/arm-none-eabi/9.3.1/../../../../arm-none-eabi/lib/thumb/v7e-m+fp/hard\libc_nano.a
END GROUP
START GROUP
LOAD c:/st/stm32cubeide_1.7.0/stm32cubeide/plugins/com.st.stm32cube.ide.mcu.externaltools.gnu-tools-for-stm32.9-2020-q2-update.win32_2.0.0.202105311346/tools/bin/../lib/gcc/arm-none-eabi/9.3.1/thumb/v7e-m+fp/hard\libgcc.a
LOAD c:/st/stm32cubeide_1.7.0/stm32cubeide/plugins/com.st.stm32cube.ide.mcu.externaltools.gnu-tools-for-stm32.9-2020-q2-update.win32_2.0.0.202105311346/tools/bin/../lib/gcc/arm-none-eabi/9.3.1/../../../../arm-none-eabi/lib/thumb/v7e-m+fp/hard\libc_nano.a
LOAD c:/st/stm32cubeide_1.7.0/stm32cubeide/plugins/com.st.stm32cube.ide.mcu.externaltools.gnu-tools-for-stm32.9-2020-q2-update.win32_2.0.0.202105311346/tools/bin/../lib/gcc/arm-none-eabi/9.3.1/../../../../arm-none-eabi/lib/thumb/v7e-m+fp/hard\libnosys.a
END GROUP
START GROUP
LOAD c:/st/stm32cubeide_1.7.0/stm32cubeide/plugins/com.st.stm32cube.ide.mcu.externaltools.gnu-tools-for-stm32.9-2020-q2-update.win32_2.0.0.202105311346/tools/bin/../lib/gcc/arm-none-eabi/9.3.1/thumb/v7e-m+fp/hard\libgcc.a
LOAD c:/st/stm32cubeide_1.7.0/stm32cubeide/plugins/com.st.stm32cube.ide.mcu.externaltools.gnu-tools-for-stm32.9-2020-q2-update.win32_2.0.0.202105311346/tools/bin/../lib/gcc/arm-none-eabi/9.3.1/../../../../arm-none-eabi/lib/thumb/v7e-m+fp/hard\libc_nano.a
LOAD c:/st/stm32cubeide_1.7.0/stm32cubeide/plugins/com.st.stm32cube.ide.mcu.externaltools.gnu-tools-for-stm32.9-2020-q2-update.win32_2.0.0.202105311346/tools/bin/../lib/gcc/arm-none-eabi/9.3.1/../../../../arm-none-eabi/lib/thumb/v7e-m+fp/hard\libnosys.a
END GROUP
LOAD c:/st/stm32cubeide_1.7.0/stm32cubeide/plugins/com.st.stm32cube.ide.mcu.externaltools.gnu-tools-for-stm32.9-2020-q2-update.win32_2.0.0.202105311346/tools/bin/../lib/gcc/arm-none-eabi/9.3.1/thumb/v7e-m+fp/hard/crtend.o
LOAD c:/st/stm32cubeide_1.7.0/stm32cubeide/plugins/com.st.stm32cube.ide.mcu.externaltools.gnu-tools-for-stm32.9-2020-q2-update.win32_2.0.0.202105311346/tools/bin/../lib/gcc/arm-none-eabi/9.3.1/thumb/v7e-m+fp/hard/crtn.o
                0x0000000020030000                _estack = (ORIGIN (RAM) + LENGTH (RAM))
                0x0000000000000200                _Min_Heap_Size = 0x200
                0x0000000000000400                _Min_Stack_Size = 0x400

.isr_vector     0x0000000008000000      0x1ac
                0x0000000008000000                . = ALIGN (0x4)
 *(.isr_vector)
 .isr_vector    0x0000000008000000      0x1ac ./Core/Startup/startup_stm32f429zitx.o
                0x0000000008000000                g_pfnVectors
                0x00000000080001ac                . = ALIGN (0x4)

.text           0x00000000080001b0     0x83c0
                0x00000000080001b0                . = ALIGN (0x4)
 *(.text)
 .text          0x00000000080001b0       0x40 c:/st/stm32cubeide_1.7.0/stm32cubeide/plugins/com.st.stm32cube.ide.mcu.externaltools.gnu-tools-for-stm32.9-2020-q2-update.win32_2.0.0.202105311346/tools/bin/../lib/gcc/arm-none-eabi/9.3.1/thumb/v7e-m+fp/hard/crtbegin.o
 .text          0x00000000080001f0       0xa0 c:/st/stm32cubeide_1.7.0/stm32cubeide/plugins/com.st.stm32cube.ide.mcu.externaltools.gnu-tools-for-stm32.9-2020-q2-update.win32_2.0.0.202105311346/tools/bin/../lib/gcc/arm-none-eabi/9.3.1/../../../../arm-none-eabi/lib/thumb/v7e-m+fp/hard\libc_nano.a(lib_a-memchr.o)
                0x00000000080001f0                memchr
 .text          0x0000000008000290       0x30 c:/st/stm32cubeide_1.7.0/stm32cubeide/plugins/com.st.stm32cube.ide.mcu.externaltools.gnu-tools-for-stm32.9-2020-q2-update.win32_2.0.0.202105311346/tools/bin/../lib/gcc/arm-none-eabi/9.3.1/thumb/v7e-m+fp/hard\libgcc.a(_aeabi_uldivmod.o)
                0x0000000008000290                __aeabi_uldivmod
 .text          0x00000000080002c0      0x2c4 c:/st/stm32cubeide_1.7.0/stm32cubeide/plugins/com.st.stm32cube.ide.mcu.externaltools.gnu-tools-for-stm32.9-2020-q2-update.win32_2.0.0.202105311346/tools/bin/../lib/gcc/arm-none-eabi/9.3.1/thumb/v7e-m+fp/hard\libgcc.a(_udivmoddi4.o)
                0x00000000080002c0                __udivmoddi4
 .text          0x0000000008000584        0x4 c:/st/stm32cubeide_1.7.0/stm32cubeide/plugins/com.st.stm32cube.ide.mcu.externaltools.gnu-tools-for-stm32.9-2020-q2-update.win32_2.0.0.202105311346/tools/bin/../lib/gcc/arm-none-eabi/9.3.1/thumb/v7e-m+fp/hard\libgcc.a(_dvmd_tls.o)
                0x0000000008000584                __aeabi_idiv0
                0x0000000008000584                __aeabi_ldiv0
 *(.text*)
 .text.TouchTask
                0x0000000008000588       0xc0 ./App/Src/app_main.o
 .text.WorkerTask
                0x0000000008000648       0x58 ./App/Src/app_main.o
 .text.HeartbeatTask
                0x00000000080006a0       0x2c ./App/Src/app_main.o
 .text.CounterTask
                0x00000000080006cc       0xa0 ./App/Src/app_main.o
 .text.app_main
                0x000000000800076c       0xa4 ./App/Src/app_main.o
                0x000000000800076c                app_main
 .text.ili9341_GetLcdPixelWidth
                0x0000000008000810        0x4 ./BSP/Src/ili9341.o
                0x0000000008000810                ili9341_GetLcdPixelWidth
 .text.ili9341_GetLcdPixelHeight
                0x0000000008000814        0x6 ./BSP/Src/ili9341.o
                0x0000000008000814                ili9341_GetLcdPixelHeight
 .text.ili9341_WriteReg
                0x000000000800081a        0x8 ./BSP/Src/ili9341.o
                0x000000000800081a                ili9341_WriteReg
 .text.ili9341_DisplayOn
                0x0000000008000822        0xa ./BSP/Src/ili9341.o
                0x0000000008000822                ili9341_DisplayOn
 .text.ili9341_DisplayOff
                0x000000000800082c        0xa ./BSP/Src/ili9341.o
                0x000000000800082c                ili9341_DisplayOff
 .text.ili9341_WriteData
                0x0000000008000836        0x8 ./BSP/Src/ili9341.o
                0x0000000008000836                ili9341_WriteData
 .text.ili9341_Init
                0x000000000800083e      0x290 ./BSP/Src/ili9341.o
                0x000000000800083e                ili9341_Init
 .text.ili9341_ReadData
                0x0000000008000ace        0x8 ./BSP/Src/ili9341.o
                0x0000000008000ace                ili9341_ReadData
 .text.ili9341_ReadID
                0x0000000008000ad6       0x12 ./BSP/Src/ili9341.o
                0x0000000008000ad6                ili9341_ReadID
 .text.SPIx_MspInit
                0x0000000008000ae8       0x5c ./BSP/Src/stm32f429i_discovery.o
 .text.I2Cx_MspInit
                0x0000000008000b44       0xbc ./BSP/Src/stm32f429i_discovery.o
 .text.I2Cx_ITConfig
                0x0000000008000c00       0x54 ./BSP/Src/stm32f429i_discovery.o
 .text.SPIx_Init
                0x0000000008000c54       0x4c ./BSP/Src/stm32f429i_discovery.o
 .text.SPIx_Error
                0x0000000008000ca0       0x14 ./BSP/Src/stm32f429i_discovery.o
 .text.SPIx_Write
                0x0000000008000cb4       0x30 ./BSP/Src/stm32f429i_discovery.o
 .text.SPIx_Read
                0x0000000008000ce4       0x2c ./BSP/Src/stm32f429i_discovery.o
 .text.I2Cx_Init
                0x0000000008000d10       0x44 ./BSP/Src/stm32f429i_discovery.o
 .text.I2Cx_Error
                0x0000000008000d54       0x14 ./BSP/Src/stm32f429i_discovery.o
 .text.I2Cx_WriteData
                0x0000000008000d68       0x38 ./BSP/Src/stm32f429i_discovery.o
 .text.I2Cx_ReadData
                0x0000000008000da0       0x40 ./BSP/Src/stm32f429i_discovery.o
 .text.I2Cx_ReadBuffer
                0x0000000008000de0       0x30 ./BSP/Src/stm32f429i_discovery.o
 .text.LCD_IO_Init
                0x0000000008000e10       0xc8 ./BSP/Src/stm32f429i_discovery.o
                0x0000000008000e10                LCD_IO_Init
 .text.LCD_IO_WriteData
                0x0000000008000ed8       0x38 ./BSP/Src/stm32f429i_discovery.o
                0x0000000008000ed8                LCD_IO_WriteData
 .text.LCD_IO_WriteReg
                0x0000000008000f10       0x38 ./BSP/Src/stm32f429i_discovery.o
                0x0000000008000f10                LCD_IO_WriteReg
 .text.LCD_IO_ReadData
                0x0000000008000f48       0x50 ./BSP/Src/stm32f429i_discovery.o
                0x0000000008000f48                LCD_IO_ReadData
 .text.LCD_Delay
                0x0000000008000f98        0x8 ./BSP/Src/stm32f429i_discovery.o
                0x0000000008000f98                LCD_Delay
 .text.IOE_Init
                0x0000000008000fa0        0x8 ./BSP/Src/stm32f429i_discovery.o
                0x0000000008000fa0                IOE_Init
 .text.IOE_ITConfig
                0x0000000008000fa8        0x8 ./BSP/Src/stm32f429i_discovery.o
                0x0000000008000fa8                IOE_ITConfig
 .text.IOE_Write
                0x0000000008000fb0        0x8 ./BSP/Src/stm32f429i_discovery.o
                0x0000000008000fb0                IOE_Write
 .text.IOE_Read
                0x0000000008000fb8        0x8 ./BSP/Src/stm32f429i_discovery.o
                0x0000000008000fb8                IOE_Read
 .text.IOE_ReadMultiple
                0x0000000008000fc0        0xa ./BSP/Src/stm32f429i_discovery.o
                0x0000000008000fc0                IOE_ReadMultiple
 .text.IOE_Delay
                0x0000000008000fca        0x8 ./BSP/Src/stm32f429i_discovery.o
                0x0000000008000fca                IOE_Delay
 *fill*         0x0000000008000fd2        0x2 
 .text.FillBuffer
                0x0000000008000fd4       0x5c ./BSP/Src/stm32f429i_discovery_lcd.o
 .text.BSP_LCD_GetXSize
                0x0000000008001030       0x10 ./BSP/Src/stm32f429i_discovery_lcd.o
                0x0000000008001030                BSP_LCD_GetXSize
 .text.BSP_LCD_GetYSize
                0x0000000008001040       0x10 ./BSP/Src/stm32f429i_discovery_lcd.o
                0x0000000008001040                BSP_LCD_GetYSize
 .text.BSP_LCD_LayerDefaultInit
                0x0000000008001050       0x88 ./BSP/Src/stm32f429i_discovery_lcd.o
                0x0000000008001050                BSP_LCD_LayerDefaultInit
 .text.BSP_LCD_SelectLayer
                0x00000000080010d8        0xc ./BSP/Src/stm32f429i_discovery_lcd.o
                0x00000000080010d8                BSP_LCD_SelectLayer
 .text.BSP_LCD_SetTextColor
                0x00000000080010e4       0x18 ./BSP/Src/stm32f429i_discovery_lcd.o
                0x00000000080010e4                BSP_LCD_SetTextColor
 .text.BSP_LCD_SetBackColor
                0x00000000080010fc       0x1c ./BSP/Src/stm32f429i_discovery_lcd.o
                0x00000000080010fc                BSP_LCD_SetBackColor
 .text.BSP_LCD_SetFont
                0x0000000008001118       0x1c ./BSP/Src/stm32f429i_discovery_lcd.o
                0x0000000008001118                BSP_LCD_SetFont
 .text.BSP_LCD_Clear
                0x0000000008001134       0x3c ./BSP/Src/stm32f429i_discovery_lcd.o
                0x0000000008001134                BSP_LCD_Clear
 .text.BSP_LCD_Init
                0x0000000008001170       0x5c ./BSP/Src/stm32f429i_discovery_lcd.o
                0x0000000008001170                BSP_LCD_Init
 .text.BSP_LCD_DrawPixel
                0x00000000080011cc       0x2c ./BSP/Src/stm32f429i_discovery_lcd.o
                0x00000000080011cc                BSP_LCD_DrawPixel
 .text.DrawChar
                0x00000000080011f8       0xe8 ./BSP/Src/stm32f429i_discovery_lcd.o
 .text.BSP_LCD_DisplayChar
                0x00000000080012e0       0x34 ./BSP/Src/stm32f429i_discovery_lcd.o
                0x00000000080012e0                BSP_LCD_DisplayChar
 .text.BSP_LCD_DisplayStringAt
                0x0000000008001314       0xc4 ./BSP/Src/stm32f429i_discovery_lcd.o
                0x0000000008001314                BSP_LCD_DisplayStringAt
 .text.BSP_SDRAM_Initialization_sequence
                0x00000000080013d8       0xa0 ./BSP/Src/stm32f429i_discovery_sdram.o
                0x00000000080013d8                BSP_SDRAM_Initialization_sequence
 .text.BSP_SDRAM_Init
                0x0000000008001478        0xe ./BSP/Src/stm32f429i_discovery_sdram.o
                0x0000000008001478                BSP_SDRAM_Init
 *fill*         0x0000000008001486        0x2 
 .text.BSP_TS_Init
                0x0000000008001488       0x48 ./BSP/Src/stm32f429i_discovery_ts.o
                0x0000000008001488                BSP_TS_Init
 .text.BSP_TS_GetState
                0x00000000080014d0       0xfc ./BSP/Src/stm32f429i_discovery_ts.o
                0x00000000080014d0                BSP_TS_GetState
 .text.stmpe811_GetInstance
                0x00000000080015cc       0x20 ./BSP/Src/stmpe811.o
 .text.stmpe811_Reset
                0x00000000080015ec       0x26 ./BSP/Src/stmpe811.o
                0x00000000080015ec                stmpe811_Reset
 *fill*         0x0000000008001612        0x2 
 .text.stmpe811_Init
                0x0000000008001614       0x2c ./BSP/Src/stmpe811.o
                0x0000000008001614                stmpe811_Init
 .text.stmpe811_ReadID
                0x0000000008001640       0x24 ./BSP/Src/stmpe811.o
                0x0000000008001640                stmpe811_ReadID
 .text.stmpe811_TS_DetectTouch
                0x0000000008001664       0x3a ./BSP/Src/stmpe811.o
                0x0000000008001664                stmpe811_TS_DetectTouch
 .text.stmpe811_TS_GetXY
                0x000000000800169e       0x50 ./BSP/Src/stmpe811.o
                0x000000000800169e                stmpe811_TS_GetXY
 .text.stmpe811_EnableGlobalIT
                0x00000000080016ee       0x1c ./BSP/Src/stmpe811.o
                0x00000000080016ee                stmpe811_EnableGlobalIT
 .text.stmpe811_DisableGlobalIT
                0x000000000800170a       0x1a ./BSP/Src/stmpe811.o
                0x000000000800170a                stmpe811_DisableGlobalIT
 .text.stmpe811_EnableITSource
                0x0000000008001724       0x1e ./BSP/Src/stmpe811.o
                0x0000000008001724                stmpe811_EnableITSource
 .text.stmpe811_TS_EnableIT
                0x0000000008001742       0x18 ./BSP/Src/stmpe811.o
                0x0000000008001742                stmpe811_TS_EnableIT
 .text.stmpe811_DisableITSource
                0x000000000800175a       0x1e ./BSP/Src/stmpe811.o
                0x000000000800175a                stmpe811_DisableITSource
 .text.stmpe811_TS_DisableIT
                0x0000000008001778       0x12 ./BSP/Src/stmpe811.o
                0x0000000008001778                stmpe811_TS_DisableIT
 .text.stmpe811_ReadGITStatus
                0x000000000800178a       0x10 ./BSP/Src/stmpe811.o
                0x000000000800178a                stmpe811_ReadGITStatus
 .text.stmpe811_TS_ITStatus
                0x000000000800179a        0xa ./BSP/Src/stmpe811.o
                0x000000000800179a                stmpe811_TS_ITStatus
 .text.stmpe811_ClearGlobalIT
                0x00000000080017a4        0xe ./BSP/Src/stmpe811.o
                0x00000000080017a4                stmpe811_ClearGlobalIT
 .text.stmpe811_TS_ClearIT
                0x00000000080017b2        0xa ./BSP/Src/stmpe811.o
                0x00000000080017b2                stmpe811_TS_ClearIT
 .text.stmpe811_IO_EnableAF
                0x00000000080017bc       0x1e ./BSP/Src/stmpe811.o
                0x00000000080017bc                stmpe811_IO_EnableAF
 .text.stmpe811_TS_Start
                0x00000000080017da       0xa2 ./BSP/Src/stmpe811.o
                0x00000000080017da                stmpe811_TS_Start
 .text.vApplicationIdleHook
                0x000000000800187c        0x2 ./Core/Src/freertos.o
                0x000000000800187c                vApplicationIdleHook
 .text.vApplicationStackOverflowHook
                0x000000000800187e        0x2 ./Core/Src/freertos.o
                0x000000000800187e                vApplicationStackOverflowHook
 .text.vApplicationMallocFailedHook
                0x0000000008001880        0x2 ./Core/Src/freertos.o
                0x0000000008001880                vApplicationMallocFailedHook
 *fill*         0x0000000008001882        0x2 
 .text.vApplicationGetIdleTaskMemory
                0x0000000008001884       0x18 ./Core/Src/freertos.o
                0x0000000008001884                vApplicationGetIdleTaskMemory
 .text.MX_GPIO_Init
                0x000000000800189c      0x1a4 ./Core/Src/main.o
 .text.HAL_TIM_PeriodElapsedCallback
                0x0000000008001a40       0x18 ./Core/Src/main.o
                0x0000000008001a40                HAL_TIM_PeriodElapsedCallback
 .text.Error_Handler
                0x0000000008001a58        0x4 ./Core/Src/main.o
                0x0000000008001a58                Error_Handler
 .text.MX_CRC_Init
                0x0000000008001a5c       0x1c ./Core/Src/main.o
 .text.MX_DMA2D_Init
                0x0000000008001a78       0x3c ./Core/Src/main.o
 .text.MX_FMC_Init
                0x0000000008001ab4       0x64 ./Core/Src/main.o
 .text.MX_I2C3_Init
                0x0000000008001b18       0x54 ./Core/Src/main.o
 .text.MX_LTDC_Init
                0x0000000008001b6c       0xb4 ./Core/Src/main.o
 .text.MX_SPI5_Init
                0x0000000008001c20       0x40 ./Core/Src/main.o
 .text.MX_TIM1_Init
                0x0000000008001c60       0x68 ./Core/Src/main.o
 .text.MX_USART1_UART_Init
                0x0000000008001cc8       0x34 ./Core/Src/main.o
 .text.MX_USB_OTG_HS_HCD_Init
                0x0000000008001cfc       0x34 ./Core/Src/main.o
 .text.SystemClock_Config
                0x0000000008001d30       0xa8 ./Core/Src/main.o
                0x0000000008001d30                SystemClock_Config
 .text.main     0x0000000008001dd8       0x4c ./Core/Src/main.o
                0x0000000008001dd8                main
 .text.HAL_FMC_MspInit
                0x0000000008001e24       0xdc ./Core/Src/stm32f4xx_hal_msp.o
 .text.HAL_MspInit
                0x0000000008001f00       0x44 ./Core/Src/stm32f4xx_hal_msp.o
                0x0000000008001f00                HAL_MspInit
 .text.HAL_CRC_MspInit
                0x0000000008001f44       0x30 ./Core/Src/stm32f4xx_hal_msp.o
                0x0000000008001f44                HAL_CRC_MspInit
 .text.HAL_DMA2D_MspInit
                0x0000000008001f74       0x40 ./Core/Src/stm32f4xx_hal_msp.o
                0x0000000008001f74                HAL_DMA2D_MspInit
 .text.HAL_I2C_MspInit
                0x0000000008001fb4       0xac ./Core/Src/stm32f4xx_hal_msp.o
                0x0000000008001fb4                HAL_I2C_MspInit
 .text.HAL_I2C_MspDeInit
                0x0000000008002060       0x3c ./Core/Src/stm32f4xx_hal_msp.o
                0x0000000008002060                HAL_I2C_MspDeInit
 .text.HAL_LTDC_MspInit
                0x000000000800209c      0x1cc ./Core/Src/stm32f4xx_hal_msp.o
                0x000000000800209c                HAL_LTDC_MspInit
 .text.HAL_SPI_MspInit
                0x0000000008002268       0x70 ./Core/Src/stm32f4xx_hal_msp.o
                0x0000000008002268                HAL_SPI_MspInit
 .text.HAL_SPI_MspDeInit
                0x00000000080022d8       0x30 ./Core/Src/stm32f4xx_hal_msp.o
                0x00000000080022d8                HAL_SPI_MspDeInit
 .text.HAL_TIM_Base_MspInit
                0x0000000008002308       0x30 ./Core/Src/stm32f4xx_hal_msp.o
                0x0000000008002308                HAL_TIM_Base_MspInit
 .text.HAL_UART_MspInit
                0x0000000008002338       0x74 ./Core/Src/stm32f4xx_hal_msp.o
                0x0000000008002338                HAL_UART_MspInit
 .text.HAL_HCD_MspInit
                0x00000000080023ac       0x98 ./Core/Src/stm32f4xx_hal_msp.o
                0x00000000080023ac                HAL_HCD_MspInit
 .text.HAL_SDRAM_MspInit
                0x0000000008002444        0x8 ./Core/Src/stm32f4xx_hal_msp.o
                0x0000000008002444                HAL_SDRAM_MspInit
 .text.HAL_InitTick
                0x000000000800244c       0x7c ./Core/Src/stm32f4xx_hal_timebase_tim.o
                0x000000000800244c                HAL_InitTick
 .text.NMI_Handler
                0x00000000080024c8        0x2 ./Core/Src/stm32f4xx_it.o
                0x00000000080024c8                NMI_Handler
 .text.HardFault_Handler
                0x00000000080024ca        0x2 ./Core/Src/stm32f4xx_it.o
                0x00000000080024ca                HardFault_Handler
 .text.MemManage_Handler
                0x00000000080024cc        0x2 ./Core/Src/stm32f4xx_it.o
                0x00000000080024cc                MemManage_Handler
 .text.BusFault_Handler
                0x00000000080024ce        0x2 ./Core/Src/stm32f4xx_it.o
                0x00000000080024ce                BusFault_Handler
 .text.UsageFault_Handler
                0x00000000080024d0        0x2 ./Core/Src/stm32f4xx_it.o
                0x00000000080024d0                UsageFault_Handler
 .text.DebugMon_Handler
                0x00000000080024d2        0x2 ./Core/Src/stm32f4xx_it.o
                0x00000000080024d2                DebugMon_Handler
 .text.TIM6_DAC_IRQHandler
                0x00000000080024d4       0x10 ./Core/Src/stm32f4xx_it.o
                0x00000000080024d4                TIM6_DAC_IRQHandler
 .text.OTG_HS_IRQHandler
                0x00000000080024e4       0x10 ./Core/Src/stm32f4xx_it.o
                0x00000000080024e4                OTG_HS_IRQHandler
 .text.LTDC_IRQHandler
                0x00000000080024f4       0x10 ./Core/Src/stm32f4xx_it.o
                0x00000000080024f4                LTDC_IRQHandler
 .text.DMA2D_IRQHandler
                0x0000000008002504       0x10 ./Core/Src/stm32f4xx_it.o
                0x0000000008002504                DMA2D_IRQHandler
 .text._sbrk    0x0000000008002514       0x48 ./Core/Src/sysmem.o
                0x0000000008002514                _sbrk
 .text.SystemInit
                0x000000000800255c       0x14 ./Core/Src/system_stm32f4xx.o
                0x000000000800255c                SystemInit
 .text.Reset_Handler
                0x0000000008002570       0x50 ./Core/Startup/startup_stm32f429zitx.o
                0x0000000008002570                Reset_Handler
 .text.Default_Handler
                0x00000000080025c0        0x2 ./Core/Startup/startup_stm32f429zitx.o
                0x00000000080025c0                RTC_Alarm_IRQHandler
                0x00000000080025c0                HASH_RNG_IRQHandler
                0x00000000080025c0                EXTI2_IRQHandler
                0x00000000080025c0                TIM8_CC_IRQHandler
                0x00000000080025c0                UART8_IRQHandler
                0x00000000080025c0                SPI4_IRQHandler
                0x00000000080025c0                TIM1_CC_IRQHandler
                0x00000000080025c0                DMA2_Stream5_IRQHandler
                0x00000000080025c0                DMA1_Stream5_IRQHandler
                0x00000000080025c0                PVD_IRQHandler
                0x00000000080025c0                SDIO_IRQHandler
                0x00000000080025c0                TAMP_STAMP_IRQHandler
                0x00000000080025c0                CAN2_RX1_IRQHandler
                0x00000000080025c0                EXTI3_IRQHandler
                0x00000000080025c0                TIM8_TRG_COM_TIM14_IRQHandler
                0x00000000080025c0                TIM1_UP_TIM10_IRQHandler
                0x00000000080025c0                TIM8_UP_TIM13_IRQHandler
                0x00000000080025c0                I2C3_ER_IRQHandler
                0x00000000080025c0                EXTI0_IRQHandler
                0x00000000080025c0                I2C2_EV_IRQHandler
                0x00000000080025c0                DMA1_Stream2_IRQHandler
                0x00000000080025c0                CAN1_RX0_IRQHandler
                0x00000000080025c0                FPU_IRQHandler
                0x00000000080025c0                OTG_HS_WKUP_IRQHandler
                0x00000000080025c0                LTDC_ER_IRQHandler
                0x00000000080025c0                CAN2_SCE_IRQHandler
                0x00000000080025c0                DMA2_Stream2_IRQHandler
                0x00000000080025c0                SPI1_IRQHandler
                0x00000000080025c0                TIM1_BRK_TIM9_IRQHandler
                0x00000000080025c0                DCMI_IRQHandler
                0x00000000080025c0                CAN2_RX0_IRQHandler
                0x00000000080025c0                DMA2_Stream3_IRQHandler
                0x00000000080025c0                USART6_IRQHandler
                0x00000000080025c0                USART3_IRQHandler
                0x00000000080025c0                CAN1_RX1_IRQHandler
                0x00000000080025c0                UART5_IRQHandler
                0x00000000080025c0                DMA2_Stream0_IRQHandler
                0x00000000080025c0                TIM4_IRQHandler
                0x00000000080025c0                I2C1_EV_IRQHandler
                0x00000000080025c0                DMA1_Stream6_IRQHandler
                0x00000000080025c0                DMA1_Stream1_IRQHandler
                0x00000000080025c0                UART4_IRQHandler
                0x00000000080025c0                TIM3_IRQHandler
                0x00000000080025c0                RCC_IRQHandler
                0x00000000080025c0                TIM8_BRK_TIM12_IRQHandler
                0x00000000080025c0                Default_Handler
                0x00000000080025c0                EXTI15_10_IRQHandler
                0x00000000080025c0                ADC_IRQHandler
                0x00000000080025c0                DMA1_Stream7_IRQHandler
                0x00000000080025c0                SPI5_IRQHandler
                0x00000000080025c0                TIM7_IRQHandler
                0x00000000080025c0                CAN2_TX_IRQHandler
                0x00000000080025c0                TIM5_IRQHandler
                0x00000000080025c0                DMA2_Stream7_IRQHandler
                0x00000000080025c0                I2C3_EV_IRQHandler
                0x00000000080025c0                EXTI9_5_IRQHandler
                0x00000000080025c0                RTC_WKUP_IRQHandler
                0x00000000080025c0                ETH_WKUP_IRQHandler
                0x00000000080025c0                SPI2_IRQHandler
                0x00000000080025c0                OTG_HS_EP1_IN_IRQHandler
                0x00000000080025c0                DMA1_Stream0_IRQHandler
                0x00000000080025c0                CAN1_TX_IRQHandler
                0x00000000080025c0                EXTI4_IRQHandler
                0x00000000080025c0                ETH_IRQHandler
                0x00000000080025c0                OTG_HS_EP1_OUT_IRQHandler
                0x00000000080025c0                WWDG_IRQHandler
                0x00000000080025c0                SPI6_IRQHandler
                0x00000000080025c0                TIM2_IRQHandler
                0x00000000080025c0                OTG_FS_WKUP_IRQHandler
                0x00000000080025c0                TIM1_TRG_COM_TIM11_IRQHandler
                0x00000000080025c0                EXTI1_IRQHandler
                0x00000000080025c0                UART7_IRQHandler
                0x00000000080025c0                USART2_IRQHandler
                0x00000000080025c0                I2C2_ER_IRQHandler
                0x00000000080025c0                DMA2_Stream1_IRQHandler
                0x00000000080025c0                CAN1_SCE_IRQHandler
                0x00000000080025c0                FLASH_IRQHandler
                0x00000000080025c0                DMA2_Stream4_IRQHandler
                0x00000000080025c0                USART1_IRQHandler
                0x00000000080025c0                OTG_FS_IRQHandler
                0x00000000080025c0                SPI3_IRQHandler
                0x00000000080025c0                DMA1_Stream4_IRQHandler
                0x00000000080025c0                I2C1_ER_IRQHandler
                0x00000000080025c0                FMC_IRQHandler
                0x00000000080025c0                DMA2_Stream6_IRQHandler
                0x00000000080025c0                SAI1_IRQHandler
                0x00000000080025c0                DMA1_Stream3_IRQHandler
 *fill*         0x00000000080025c2        0x2 
 .text.HAL_Init
                0x00000000080025c4       0x34 ./Drivers/STM32F4xx_HAL_Driver/Src/stm32f4xx_hal.o
                0x00000000080025c4                HAL_Init
 .text.HAL_IncTick
                0x00000000080025f8       0x18 ./Drivers/STM32F4xx_HAL_Driver/Src/stm32f4xx_hal.o
                0x00000000080025f8                HAL_IncTick
 .text.HAL_GetTick
                0x0000000008002610        0xc ./Drivers/STM32F4xx_HAL_Driver/Src/stm32f4xx_hal.o
                0x0000000008002610                HAL_GetTick
 .text.HAL_Delay
                0x000000000800261c       0x28 ./Drivers/STM32F4xx_HAL_Driver/Src/stm32f4xx_hal.o
                0x000000000800261c                HAL_Delay
 .text.HAL_NVIC_SetPriorityGrouping
                0x0000000008002644       0x24 ./Drivers/STM32F4xx_HAL_Driver/Src/stm32f4xx_hal_cortex.o
                0x0000000008002644                HAL_NVIC_SetPriorityGrouping
 .text.HAL_NVIC_SetPriority
                0x0000000008002668       0x68 ./Drivers/STM32F4xx_HAL_Driver/Src/stm32f4xx_hal_cortex.o
                0x0000000008002668                HAL_NVIC_SetPriority
 .text.HAL_NVIC_EnableIRQ
                0x00000000080026d0       0x1c ./Drivers/STM32F4xx_HAL_Driver/Src/stm32f4xx_hal_cortex.o
                0x00000000080026d0                HAL_NVIC_EnableIRQ
 .text.HAL_CRC_Init
                0x00000000080026ec       0x1e ./Drivers/STM32F4xx_HAL_Driver/Src/stm32f4xx_hal_crc.o
                0x00000000080026ec                HAL_CRC_Init
 .text.DMA2D_SetConfig
                0x000000000800270a       0x8c ./Drivers/STM32F4xx_HAL_Driver/Src/stm32f4xx_hal_dma2d.o
 .text.HAL_DMA2D_Init
                0x0000000008002796       0x5a ./Drivers/STM32F4xx_HAL_Driver/Src/stm32f4xx_hal_dma2d.o
                0x0000000008002796                HAL_DMA2D_Init
 .text.HAL_DMA2D_Start
                0x00000000080027f0       0x38 ./Drivers/STM32F4xx_HAL_Driver/Src/stm32f4xx_hal_dma2d.o
                0x00000000080027f0                HAL_DMA2D_Start
 .text.HAL_DMA2D_PollForTransfer
                0x0000000008002828      0x13e ./Drivers/STM32F4xx_HAL_Driver/Src/stm32f4xx_hal_dma2d.o
                0x0000000008002828                HAL_DMA2D_PollForTransfer
 .text.HAL_DMA2D_LineEventCallback
                0x0000000008002966        0x2 ./Drivers/STM32F4xx_HAL_Driver/Src/stm32f4xx_hal_dma2d.o
                0x0000000008002966                HAL_DMA2D_LineEventCallback
 .text.HAL_DMA2D_CLUTLoadingCpltCallback
                0x0000000008002968        0x2 ./Drivers/STM32F4xx_HAL_Driver/Src/stm32f4xx_hal_dma2d.o
                0x0000000008002968                HAL_DMA2D_CLUTLoadingCpltCallback
 .text.HAL_DMA2D_IRQHandler
                0x000000000800296a      0x13c ./Drivers/STM32F4xx_HAL_Driver/Src/stm32f4xx_hal_dma2d.o
                0x000000000800296a                HAL_DMA2D_IRQHandler
 *fill*         0x0000000008002aa6        0x2 
 .text.HAL_DMA2D_ConfigLayer
                0x0000000008002aa8       0xc4 ./Drivers/STM32F4xx_HAL_Driver/Src/stm32f4xx_hal_dma2d.o
                0x0000000008002aa8                HAL_DMA2D_ConfigLayer
 .text.HAL_GPIO_Init
                0x0000000008002b6c      0x1f0 ./Drivers/STM32F4xx_HAL_Driver/Src/stm32f4xx_hal_gpio.o
                0x0000000008002b6c                HAL_GPIO_Init
 .text.HAL_GPIO_DeInit
                0x0000000008002d5c      0x14c ./Drivers/STM32F4xx_HAL_Driver/Src/stm32f4xx_hal_gpio.o
                0x0000000008002d5c                HAL_GPIO_DeInit
 .text.HAL_GPIO_WritePin
                0x0000000008002ea8        0xc ./Drivers/STM32F4xx_HAL_Driver/Src/stm32f4xx_hal_gpio.o
                0x0000000008002ea8                HAL_GPIO_WritePin
 .text.HAL_GPIO_TogglePin
                0x0000000008002eb4       0x12 ./Drivers/STM32F4xx_HAL_Driver/Src/stm32f4xx_hal_gpio.o
                0x0000000008002eb4                HAL_GPIO_TogglePin
 .text.HCD_RXQLVL_IRQHandler
                0x0000000008002ec6       0x9e ./Drivers/STM32F4xx_HAL_Driver/Src/stm32f4xx_hal_hcd.o
 .text.HAL_HCD_Init
                0x0000000008002f64       0x94 ./Drivers/STM32F4xx_HAL_Driver/Src/stm32f4xx_hal_hcd.o
                0x0000000008002f64                HAL_HCD_Init
 .text.HAL_HCD_SOF_Callback
                0x0000000008002ff8        0x2 ./Drivers/STM32F4xx_HAL_Driver/Src/stm32f4xx_hal_hcd.o
                0x0000000008002ff8                HAL_HCD_SOF_Callback
 .text.HAL_HCD_Connect_Callback
                0x0000000008002ffa        0x2 ./Drivers/STM32F4xx_HAL_Driver/Src/stm32f4xx_hal_hcd.o
                0x0000000008002ffa                HAL_HCD_Connect_Callback
 .text.HAL_HCD_Disconnect_Callback
                0x0000000008002ffc        0x2 ./Drivers/STM32F4xx_HAL_Driver/Src/stm32f4xx_hal_hcd.o
                0x0000000008002ffc                HAL_HCD_Disconnect_Callback
 .text.HAL_HCD_PortEnabled_Callback
                0x0000000008002ffe        0x2 ./Drivers/STM32F4xx_HAL_Driver/Src/stm32f4xx_hal_hcd.o
                0x0000000008002ffe                HAL_HCD_PortEnabled_Callback
 .text.HAL_HCD_PortDisabled_Callback
                0x0000000008003000        0x2 ./Drivers/STM32F4xx_HAL_Driver/Src/stm32f4xx_hal_hcd.o
                0x0000000008003000                HAL_HCD_PortDisabled_Callback
 .text.HCD_Port_IRQHandler
                0x0000000008003002       0xb0 ./Drivers/STM32F4xx_HAL_Driver/Src/stm32f4xx_hal_hcd.o
 .text.HAL_HCD_HC_NotifyURBChange_Callback
                0x00000000080030b2        0x2 ./Drivers/STM32F4xx_HAL_Driver/Src/stm32f4xx_hal_hcd.o
                0x00000000080030b2                HAL_HCD_HC_NotifyURBChange_Callback
 .text.HCD_HC_IN_IRQHandler
                0x00000000080030b4      0x324 ./Drivers/STM32F4xx_HAL_Driver/Src/stm32f4xx_hal_hcd.o
 .text.HCD_HC_OUT_IRQHandler
                0x00000000080033d8      0x30a ./Drivers/STM32F4xx_HAL_Driver/Src/stm32f4xx_hal_hcd.o
 .text.HAL_HCD_IRQHandler
                0x00000000080036e2      0x156 ./Drivers/STM32F4xx_HAL_Driver/Src/stm32f4xx_hal_hcd.o
                0x00000000080036e2                HAL_HCD_IRQHandler
 .text.I2C_IsAcknowledgeFailed
                0x0000000008003838       0x32 ./Drivers/STM32F4xx_HAL_Driver/Src/stm32f4xx_hal_i2c.o
 .text.I2C_WaitOnFlagUntilTimeout
                0x000000000800386a       0x74 ./Drivers/STM32F4xx_HAL_Driver/Src/stm32f4xx_hal_i2c.o
 .text.I2C_WaitOnMasterAddressFlagUntilTimeout
                0x00000000080038de       0xaa ./Drivers/STM32F4xx_HAL_Driver/Src/stm32f4xx_hal_i2c.o
 .text.I2C_WaitOnTXEFlagUntilTimeout
                0x0000000008003988       0x54 ./Drivers/STM32F4xx_HAL_Driver/Src/stm32f4xx_hal_i2c.o
 .text.I2C_RequestMemoryWrite
                0x00000000080039dc       0xd8 ./Drivers/STM32F4xx_HAL_Driver/Src/stm32f4xx_hal_i2c.o
 .text.I2C_RequestMemoryRead
                0x0000000008003ab4      0x154 ./Drivers/STM32F4xx_HAL_Driver/Src/stm32f4xx_hal_i2c.o
 .text.I2C_WaitOnBTFFlagUntilTimeout
                0x0000000008003c08       0x54 ./Drivers/STM32F4xx_HAL_Driver/Src/stm32f4xx_hal_i2c.o
 .text.I2C_WaitOnRXNEFlagUntilTimeout
                0x0000000008003c5c       0x6a ./Drivers/STM32F4xx_HAL_Driver/Src/stm32f4xx_hal_i2c.o
 *fill*         0x0000000008003cc6        0x2 
 .text.HAL_I2C_Init
                0x0000000008003cc8      0x1bc ./Drivers/STM32F4xx_HAL_Driver/Src/stm32f4xx_hal_i2c.o
                0x0000000008003cc8                HAL_I2C_Init
 .text.HAL_I2C_DeInit
                0x0000000008003e84       0x32 ./Drivers/STM32F4xx_HAL_Driver/Src/stm32f4xx_hal_i2c.o
                0x0000000008003e84                HAL_I2C_DeInit
 *fill*         0x0000000008003eb6        0x2 
 .text.HAL_I2C_Mem_Write
                0x0000000008003eb8      0x164 ./Drivers/STM32F4xx_HAL_Driver/Src/stm32f4xx_hal_i2c.o
                0x0000000008003eb8                HAL_I2C_Mem_Write
 .text.HAL_I2C_Mem_Read
                0x000000000800401c      0x2e4 ./Drivers/STM32F4xx_HAL_Driver/Src/stm32f4xx_hal_i2c.o
                0x000000000800401c                HAL_I2C_Mem_Read
 .text.HAL_I2C_GetState
                0x0000000008004300        0x6 ./Drivers/STM32F4xx_HAL_Driver/Src/stm32f4xx_hal_i2c.o
                0x0000000008004300                HAL_I2C_GetState
 .text.HAL_I2CEx_ConfigAnalogFilter
                0x0000000008004306       0x44 ./Drivers/STM32F4xx_HAL_Driver/Src/stm32f4xx_hal_i2c_ex.o
                0x0000000008004306                HAL_I2CEx_ConfigAnalogFilter
 .text.HAL_I2CEx_ConfigDigitalFilter
                0x000000000800434a       0x42 ./Drivers/STM32F4xx_HAL_Driver/Src/stm32f4xx_hal_i2c_ex.o
                0x000000000800434a                HAL_I2CEx_ConfigDigitalFilter
 .text.LTDC_SetConfig
                0x000000000800438c      0x1ac ./Drivers/STM32F4xx_HAL_Driver/Src/stm32f4xx_hal_ltdc.o
 .text.HAL_LTDC_Init
                0x0000000008004538       0xf4 ./Drivers/STM32F4xx_HAL_Driver/Src/stm32f4xx_hal_ltdc.o
                0x0000000008004538                HAL_LTDC_Init
 .text.HAL_LTDC_ErrorCallback
                0x000000000800462c        0x2 ./Drivers/STM32F4xx_HAL_Driver/Src/stm32f4xx_hal_ltdc.o
                0x000000000800462c                HAL_LTDC_ErrorCallback
 .text.HAL_LTDC_LineEventCallback
                0x000000000800462e        0x2 ./Drivers/STM32F4xx_HAL_Driver/Src/stm32f4xx_hal_ltdc.o
                0x000000000800462e                HAL_LTDC_LineEventCallback
 .text.HAL_LTDC_ReloadEventCallback
                0x0000000008004630        0x2 ./Drivers/STM32F4xx_HAL_Driver/Src/stm32f4xx_hal_ltdc.o
                0x0000000008004630                HAL_LTDC_ReloadEventCallback
 .text.HAL_LTDC_IRQHandler
                0x0000000008004632       0xda ./Drivers/STM32F4xx_HAL_Driver/Src/stm32f4xx_hal_ltdc.o
                0x0000000008004632                HAL_LTDC_IRQHandler
 .text.HAL_LTDC_ConfigLayer
                0x000000000800470c       0x5c ./Drivers/STM32F4xx_HAL_Driver/Src/stm32f4xx_hal_ltdc.o
                0x000000000800470c                HAL_LTDC_ConfigLayer
 .text.HAL_LTDC_EnableDither
                0x0000000008004768       0x34 ./Drivers/STM32F4xx_HAL_Driver/Src/stm32f4xx_hal_ltdc.o
                0x0000000008004768                HAL_LTDC_EnableDither
 .text.HAL_RCC_OscConfig
                0x000000000800479c      0x3f8 ./Drivers/STM32F4xx_HAL_Driver/Src/stm32f4xx_hal_rcc.o
                0x000000000800479c                HAL_RCC_OscConfig
 .text.HAL_RCC_GetSysClockFreq
                0x0000000008004b94       0xcc ./Drivers/STM32F4xx_HAL_Driver/Src/stm32f4xx_hal_rcc.o
                0x0000000008004b94                HAL_RCC_GetSysClockFreq
 .text.HAL_RCC_ClockConfig
                0x0000000008004c60      0x160 ./Drivers/STM32F4xx_HAL_Driver/Src/stm32f4xx_hal_rcc.o
                0x0000000008004c60                HAL_RCC_ClockConfig
 .text.HAL_RCC_GetHCLKFreq
                0x0000000008004dc0        0xc ./Drivers/STM32F4xx_HAL_Driver/Src/stm32f4xx_hal_rcc.o
                0x0000000008004dc0                HAL_RCC_GetHCLKFreq
 .text.HAL_RCC_GetPCLK1Freq
                0x0000000008004dcc       0x20 ./Drivers/STM32F4xx_HAL_Driver/Src/stm32f4xx_hal_rcc.o
                0x0000000008004dcc                HAL_RCC_GetPCLK1Freq
 .text.HAL_RCC_GetPCLK2Freq
                0x0000000008004dec       0x20 ./Drivers/STM32F4xx_HAL_Driver/Src/stm32f4xx_hal_rcc.o
                0x0000000008004dec                HAL_RCC_GetPCLK2Freq
 .text.HAL_RCC_GetClockConfig
                0x0000000008004e0c       0x3c ./Drivers/STM32F4xx_HAL_Driver/Src/stm32f4xx_hal_rcc.o
                0x0000000008004e0c                HAL_RCC_GetClockConfig
 .text.HAL_RCCEx_PeriphCLKConfig
                0x0000000008004e48      0x288 ./Drivers/STM32F4xx_HAL_Driver/Src/stm32f4xx_hal_rcc_ex.o
                0x0000000008004e48                HAL_RCCEx_PeriphCLKConfig
 .text.HAL_SDRAM_Init
                0x00000000080050d0       0x40 ./Drivers/STM32F4xx_HAL_Driver/Src/stm32f4xx_hal_sdram.o
                0x00000000080050d0                HAL_SDRAM_Init
 .text.HAL_SDRAM_SendCommand
                0x0000000008005110       0x36 ./Drivers/STM32F4xx_HAL_Driver/Src/stm32f4xx_hal_sdram.o
                0x0000000008005110                HAL_SDRAM_SendCommand
 .text.HAL_SDRAM_ProgramRefreshRate
                0x0000000008005146       0x24 ./Drivers/STM32F4xx_HAL_Driver/Src/stm32f4xx_hal_sdram.o
                0x0000000008005146                HAL_SDRAM_ProgramRefreshRate
 *fill*         0x000000000800516a        0x2 
 .text.SPI_WaitFlagStateUntilTimeout
                0x000000000800516c       0xd0 ./Drivers/STM32F4xx_HAL_Driver/Src/stm32f4xx_hal_spi.o
 .text.SPI_EndRxTxTransaction
                0x000000000800523c       0x68 ./Drivers/STM32F4xx_HAL_Driver/Src/stm32f4xx_hal_spi.o
 .text.SPI_EndRxTransaction
                0x00000000080052a4       0x8c ./Drivers/STM32F4xx_HAL_Driver/Src/stm32f4xx_hal_spi.o
 .text.HAL_SPI_Init
                0x0000000008005330       0xbe ./Drivers/STM32F4xx_HAL_Driver/Src/stm32f4xx_hal_spi.o
                0x0000000008005330                HAL_SPI_Init
 .text.HAL_SPI_DeInit
                0x00000000080053ee       0x2c ./Drivers/STM32F4xx_HAL_Driver/Src/stm32f4xx_hal_spi.o
                0x00000000080053ee                HAL_SPI_DeInit
 .text.HAL_SPI_Transmit
                0x000000000800541a      0x1ae ./Drivers/STM32F4xx_HAL_Driver/Src/stm32f4xx_hal_spi.o
                0x000000000800541a                HAL_SPI_Transmit
 .text.HAL_SPI_TransmitReceive
                0x00000000080055c8      0x238 ./Drivers/STM32F4xx_HAL_Driver/Src/stm32f4xx_hal_spi.o
                0x00000000080055c8                HAL_SPI_TransmitReceive
 .text.HAL_SPI_Receive
                0x0000000008005800      0x174 ./Drivers/STM32F4xx_HAL_Driver/Src/stm32f4xx_hal_spi.o
                0x0000000008005800                HAL_SPI_Receive
 .text.HAL_SPI_GetState
                0x0000000008005974        0x6 ./Drivers/STM32F4xx_HAL_Driver/Src/stm32f4xx_hal_spi.o
                0x0000000008005974                HAL_SPI_GetState
 .text.TIM_TI1_ConfigInputStage
                0x000000000800597a       0x24 ./Drivers/STM32F4xx_HAL_Driver/Src/stm32f4xx_hal_tim.o
 .text.TIM_TI2_ConfigInputStage
                0x000000000800599e       0x26 ./Drivers/STM32F4xx_HAL_Driver/Src/stm32f4xx_hal_tim.o
 .text.TIM_ITRx_SetConfig
                0x00000000080059c4       0x10 ./Drivers/STM32F4xx_HAL_Driver/Src/stm32f4xx_hal_tim.o
 .text.HAL_TIM_Base_Start_IT
                0x00000000080059d4       0x88 ./Drivers/STM32F4xx_HAL_Driver/Src/stm32f4xx_hal_tim.o
                0x00000000080059d4                HAL_TIM_Base_Start_IT
 .text.HAL_TIM_OC_DelayElapsedCallback
                0x0000000008005a5c        0x2 ./Drivers/STM32F4xx_HAL_Driver/Src/stm32f4xx_hal_tim.o
                0x0000000008005a5c                HAL_TIM_OC_DelayElapsedCallback
 .text.HAL_TIM_IC_CaptureCallback
                0x0000000008005a5e        0x2 ./Drivers/STM32F4xx_HAL_Driver/Src/stm32f4xx_hal_tim.o
                0x0000000008005a5e                HAL_TIM_IC_CaptureCallback
 .text.HAL_TIM_PWM_PulseFinishedCallback
                0x0000000008005a60        0x2 ./Drivers/STM32F4xx_HAL_Driver/Src/stm32f4xx_hal_tim.o
                0x0000000008005a60                HAL_TIM_PWM_PulseFinishedCallback
 .text.HAL_TIM_TriggerCallback
                0x0000000008005a62        0x2 ./Drivers/STM32F4xx_HAL_Driver/Src/stm32f4xx_hal_tim.o
                0x0000000008005a62                HAL_TIM_TriggerCallback
 .text.HAL_TIM_IRQHandler
                0x0000000008005a64      0x17a ./Drivers/STM32F4xx_HAL_Driver/Src/stm32f4xx_hal_tim.o
                0x0000000008005a64                HAL_TIM_IRQHandler
 *fill*         0x0000000008005bde        0x2 
 .text.TIM_Base_SetConfig
                0x0000000008005be0       0xc8 ./Drivers/STM32F4xx_HAL_Driver/Src/stm32f4xx_hal_tim.o
                0x0000000008005be0                TIM_Base_SetConfig
 .text.HAL_TIM_Base_Init
                0x0000000008005ca8       0x58 ./Drivers/STM32F4xx_HAL_Driver/Src/stm32f4xx_hal_tim.o
                0x0000000008005ca8                HAL_TIM_Base_Init
 .text.TIM_ETR_SetConfig
                0x0000000008005d00       0x18 ./Drivers/STM32F4xx_HAL_Driver/Src/stm32f4xx_hal_tim.o
                0x0000000008005d00                TIM_ETR_SetConfig
 .text.HAL_TIM_ConfigClockSource
                0x0000000008005d18       0xfe ./Drivers/STM32F4xx_HAL_Driver/Src/stm32f4xx_hal_tim.o
                0x0000000008005d18                HAL_TIM_ConfigClockSource
 *fill*         0x0000000008005e16        0x2 
 .text.HAL_TIMEx_MasterConfigSynchronization
                0x0000000008005e18       0x88 ./Drivers/STM32F4xx_HAL_Driver/Src/stm32f4xx_hal_tim_ex.o
                0x0000000008005e18                HAL_TIMEx_MasterConfigSynchronization
 .text.HAL_TIMEx_CommutCallback
                0x0000000008005ea0        0x2 ./Drivers/STM32F4xx_HAL_Driver/Src/stm32f4xx_hal_tim_ex.o
                0x0000000008005ea0                HAL_TIMEx_CommutCallback
 .text.HAL_TIMEx_BreakCallback
                0x0000000008005ea2        0x2 ./Drivers/STM32F4xx_HAL_Driver/Src/stm32f4xx_hal_tim_ex.o
                0x0000000008005ea2                HAL_TIMEx_BreakCallback
 .text.UART_SetConfig
                0x0000000008005ea4      0x11c ./Drivers/STM32F4xx_HAL_Driver/Src/stm32f4xx_hal_uart.o
 .text.HAL_UART_Init
                0x0000000008005fc0       0x5e ./Drivers/STM32F4xx_HAL_Driver/Src/stm32f4xx_hal_uart.o
                0x0000000008005fc0                HAL_UART_Init
 .text.FMC_SDRAM_Init
                0x000000000800601e       0x78 ./Drivers/STM32F4xx_HAL_Driver/Src/stm32f4xx_ll_fmc.o
                0x000000000800601e                FMC_SDRAM_Init
 .text.FMC_SDRAM_Timing_Init
                0x0000000008006096       0x96 ./Drivers/STM32F4xx_HAL_Driver/Src/stm32f4xx_ll_fmc.o
                0x0000000008006096                FMC_SDRAM_Timing_Init
 .text.FMC_SDRAM_SendCommand
                0x000000000800612c       0x50 ./Drivers/STM32F4xx_HAL_Driver/Src/stm32f4xx_ll_fmc.o
                0x000000000800612c                FMC_SDRAM_SendCommand
 .text.FMC_SDRAM_ProgramRefreshRate
                0x000000000800617c        0xc ./Drivers/STM32F4xx_HAL_Driver/Src/stm32f4xx_ll_fmc.o
                0x000000000800617c                FMC_SDRAM_ProgramRefreshRate
 .text.USB_CoreReset
                0x0000000008006188       0x4c ./Drivers/STM32F4xx_HAL_Driver/Src/stm32f4xx_ll_usb.o
 .text.USB_CoreInit
                0x00000000080061d4       0x8a ./Drivers/STM32F4xx_HAL_Driver/Src/stm32f4xx_ll_usb.o
                0x00000000080061d4                USB_CoreInit
 .text.USB_DisableGlobalInt
                0x000000000800625e        0xc ./Drivers/STM32F4xx_HAL_Driver/Src/stm32f4xx_ll_usb.o
                0x000000000800625e                USB_DisableGlobalInt
 *fill*         0x000000000800626a        0x2 
 .text.USB_FlushTxFifo
                0x000000000800626c       0x30 ./Drivers/STM32F4xx_HAL_Driver/Src/stm32f4xx_ll_usb.o
                0x000000000800626c                USB_FlushTxFifo
 .text.USB_FlushRxFifo
                0x000000000800629c       0x2c ./Drivers/STM32F4xx_HAL_Driver/Src/stm32f4xx_ll_usb.o
                0x000000000800629c                USB_FlushRxFifo
 .text.USB_ReadPacket
                0x00000000080062c8       0x4c ./Drivers/STM32F4xx_HAL_Driver/Src/stm32f4xx_ll_usb.o
                0x00000000080062c8                USB_ReadPacket
 .text.USB_ReadInterrupts
                0x0000000008006314        0x8 ./Drivers/STM32F4xx_HAL_Driver/Src/stm32f4xx_ll_usb.o
                0x0000000008006314                USB_ReadInterrupts
 .text.USB_GetMode
                0x000000000800631c        0x8 ./Drivers/STM32F4xx_HAL_Driver/Src/stm32f4xx_ll_usb.o
                0x000000000800631c                USB_GetMode
 .text.USB_SetCurrentMode
                0x0000000008006324       0x62 ./Drivers/STM32F4xx_HAL_Driver/Src/stm32f4xx_ll_usb.o
                0x0000000008006324                USB_SetCurrentMode
 *fill*         0x0000000008006386        0x2 
 .text.USB_HostInit
                0x0000000008006388       0xf0 ./Drivers/STM32F4xx_HAL_Driver/Src/stm32f4xx_ll_usb.o
                0x0000000008006388                USB_HostInit
 .text.USB_InitFSLSPClkSel
                0x0000000008006478       0x40 ./Drivers/STM32F4xx_HAL_Driver/Src/stm32f4xx_ll_usb.o
                0x0000000008006478                USB_InitFSLSPClkSel
 .text.USB_HC_ReadInterrupt
                0x00000000080064b8        0xa ./Drivers/STM32F4xx_HAL_Driver/Src/stm32f4xx_ll_usb.o
                0x00000000080064b8                USB_HC_ReadInterrupt
 .text.USB_HC_Halt
                0x00000000080064c2       0xe4 ./Drivers/STM32F4xx_HAL_Driver/Src/stm32f4xx_ll_usb.o
                0x00000000080064c2                USB_HC_Halt
 .text.vListInitialise
                0x00000000080065a6       0x16 ./Middlewares/Third_Party/FreeRTOS/Source/list.o
                0x00000000080065a6                vListInitialise
 .text.vListInitialiseItem
                0x00000000080065bc        0x6 ./Middlewares/Third_Party/FreeRTOS/Source/list.o
                0x00000000080065bc                vListInitialiseItem
 .text.vListInsertEnd
                0x00000000080065c2       0x16 ./Middlewares/Third_Party/FreeRTOS/Source/list.o
                0x00000000080065c2                vListInsertEnd
 .text.vListInsert
                0x00000000080065d8       0x32 ./Middlewares/Third_Party/FreeRTOS/Source/list.o
                0x00000000080065d8                vListInsert
 .text.uxListRemove
                0x000000000800660a       0x26 ./Middlewares/Third_Party/FreeRTOS/Source/list.o
                0x000000000800660a                uxListRemove
 .text.prvGetDisinheritPriorityAfterTimeout
                0x0000000008006630       0x10 ./Middlewares/Third_Party/FreeRTOS/Source/queue.o
 .text.prvIsQueueFull
                0x0000000008006640       0x1e ./Middlewares/Third_Party/FreeRTOS/Source/queue.o
 .text.prvIsQueueEmpty
                0x000000000800665e       0x1a ./Middlewares/Third_Party/FreeRTOS/Source/queue.o
 .text.prvCopyDataToQueue
                0x0000000008006678       0x76 ./Middlewares/Third_Party/FreeRTOS/Source/queue.o
 .text.prvUnlockQueue
                0x00000000080066ee       0x6e ./Middlewares/Third_Party/FreeRTOS/Source/queue.o
 .text.xQueueGenericReset
                0x000000000800675c       0x84 ./Middlewares/Third_Party/FreeRTOS/Source/queue.o
                0x000000000800675c                xQueueGenericReset
 .text.prvInitialiseNewQueue
                0x00000000080067e0       0x1c ./Middlewares/Third_Party/FreeRTOS/Source/queue.o
 .text.xQueueGenericCreate
                0x00000000080067fc       0x48 ./Middlewares/Third_Party/FreeRTOS/Source/queue.o
                0x00000000080067fc                xQueueGenericCreate
 .text.xQueueGenericSend
                0x0000000008006844      0x180 ./Middlewares/Third_Party/FreeRTOS/Source/queue.o
                0x0000000008006844                xQueueGenericSend
 .text.xQueueSemaphoreTake
                0x00000000080069c4      0x1a4 ./Middlewares/Third_Party/FreeRTOS/Source/queue.o
                0x00000000080069c4                xQueueSemaphoreTake
 .text.prvResetNextTaskUnblockTime
                0x0000000008006b68       0x2c ./Middlewares/Third_Party/FreeRTOS/Source/tasks.o
 .text.prvInitialiseNewTask
                0x0000000008006b94       0x9c ./Middlewares/Third_Party/FreeRTOS/Source/tasks.o
 .text.prvInitialiseTaskLists
                0x0000000008006c30       0x68 ./Middlewares/Third_Party/FreeRTOS/Source/tasks.o
 .text.prvAddNewTaskToReadyList
                0x0000000008006c98       0xa8 ./Middlewares/Third_Party/FreeRTOS/Source/tasks.o
 .text.prvDeleteTCB
                0x0000000008006d40       0x38 ./Middlewares/Third_Party/FreeRTOS/Source/tasks.o
 .text.prvCheckTasksWaitingTermination
                0x0000000008006d78       0x4c ./Middlewares/Third_Party/FreeRTOS/Source/tasks.o
 .text.prvAddCurrentTaskToDelayedList
                0x0000000008006dc4       0x98 ./Middlewares/Third_Party/FreeRTOS/Source/tasks.o
 .text.prvIdleTask
                0x0000000008006e5c       0x30 ./Middlewares/Third_Party/FreeRTOS/Source/tasks.o
 .text.xTaskCreateStatic
                0x0000000008006e8c       0x74 ./Middlewares/Third_Party/FreeRTOS/Source/tasks.o
                0x0000000008006e8c                xTaskCreateStatic
 .text.xTaskCreate
                0x0000000008006f00       0x68 ./Middlewares/Third_Party/FreeRTOS/Source/tasks.o
                0x0000000008006f00                xTaskCreate
 .text.vTaskStartScheduler
                0x0000000008006f68       0x6c ./Middlewares/Third_Party/FreeRTOS/Source/tasks.o
                0x0000000008006f68                vTaskStartScheduler
 .text.vTaskSuspendAll
                0x0000000008006fd4       0x10 ./Middlewares/Third_Party/FreeRTOS/Source/tasks.o
                0x0000000008006fd4                vTaskSuspendAll
 .text.xTaskIncrementTick
                0x0000000008006fe4      0x118 ./Middlewares/Third_Party/FreeRTOS/Source/tasks.o
                0x0000000008006fe4                xTaskIncrementTick
 .text.xTaskResumeAll
                0x00000000080070fc       0xf8 ./Middlewares/Third_Party/FreeRTOS/Source/tasks.o
                0x00000000080070fc                xTaskResumeAll
 .text.vTaskDelay
                0x00000000080071f4       0x4c ./Middlewares/Third_Party/FreeRTOS/Source/tasks.o
                0x00000000080071f4                vTaskDelay
 .text.vTaskSwitchContext
                0x0000000008007240       0xc8 ./Middlewares/Third_Party/FreeRTOS/Source/tasks.o
                0x0000000008007240                vTaskSwitchContext
 .text.vTaskPlaceOnEventList
                0x0000000008007308       0x30 ./Middlewares/Third_Party/FreeRTOS/Source/tasks.o
                0x0000000008007308                vTaskPlaceOnEventList
 .text.xTaskRemoveFromEventList
                0x0000000008007338       0x8c ./Middlewares/Third_Party/FreeRTOS/Source/tasks.o
                0x0000000008007338                xTaskRemoveFromEventList
 .text.vTaskInternalSetTimeOutState
                0x00000000080073c4       0x18 ./Middlewares/Third_Party/FreeRTOS/Source/tasks.o
                0x00000000080073c4                vTaskInternalSetTimeOutState
 .text.xTaskCheckForTimeOut
                0x00000000080073dc       0x84 ./Middlewares/Third_Party/FreeRTOS/Source/tasks.o
                0x00000000080073dc                xTaskCheckForTimeOut
 .text.vTaskMissedYield
                0x0000000008007460        0xc ./Middlewares/Third_Party/FreeRTOS/Source/tasks.o
                0x0000000008007460                vTaskMissedYield
 .text.xTaskGetSchedulerState
                0x000000000800746c       0x20 ./Middlewares/Third_Party/FreeRTOS/Source/tasks.o
                0x000000000800746c                xTaskGetSchedulerState
 .text.xTaskPriorityInherit
                0x000000000800748c       0xac ./Middlewares/Third_Party/FreeRTOS/Source/tasks.o
                0x000000000800748c                xTaskPriorityInherit
 .text.xTaskPriorityDisinherit
                0x0000000008007538       0xb4 ./Middlewares/Third_Party/FreeRTOS/Source/tasks.o
                0x0000000008007538                xTaskPriorityDisinherit
 .text.vTaskPriorityDisinheritAfterTimeout
                0x00000000080075ec       0xb8 ./Middlewares/Third_Party/FreeRTOS/Source/tasks.o
                0x00000000080075ec                vTaskPriorityDisinheritAfterTimeout
 .text.pvTaskIncrementMutexHeldCount
                0x00000000080076a4       0x1c ./Middlewares/Third_Party/FreeRTOS/Source/tasks.o
                0x00000000080076a4                pvTaskIncrementMutexHeldCount
 .text.prvTaskExitError
                0x00000000080076c0       0x40 ./Middlewares/Third_Party/FreeRTOS/Source/portable/GCC/ARM_CM4F/port.o
 .text.prvPortStartFirstTask
                0x0000000008007700       0x28 ./Middlewares/Third_Party/FreeRTOS/Source/portable/GCC/ARM_CM4F/port.o
 .text.vPortEnableVFP
                0x0000000008007728       0x14 ./Middlewares/Third_Party/FreeRTOS/Source/portable/GCC/ARM_CM4F/port.o
 .text.pxPortInitialiseStack
                0x000000000800773c       0x2c ./Middlewares/Third_Party/FreeRTOS/Source/portable/GCC/ARM_CM4F/port.o
                0x000000000800773c                pxPortInitialiseStack
 *fill*         0x0000000008007768        0x8 
 .text.SVC_Handler
                0x0000000008007770       0x24 ./Middlewares/Third_Party/FreeRTOS/Source/portable/GCC/ARM_CM4F/port.o
                0x0000000008007770                SVC_Handler
 .text.vPortEnterCritical
                0x0000000008007794       0x44 ./Middlewares/Third_Party/FreeRTOS/Source/portable/GCC/ARM_CM4F/port.o
                0x0000000008007794                vPortEnterCritical
 .text.vPortExitCritical
                0x00000000080077d8       0x2c ./Middlewares/Third_Party/FreeRTOS/Source/portable/GCC/ARM_CM4F/port.o
                0x00000000080077d8                vPortExitCritical
 *fill*         0x0000000008007804        0xc 
 .text.PendSV_Handler
                0x0000000008007810       0x64 ./Middlewares/Third_Party/FreeRTOS/Source/portable/GCC/ARM_CM4F/port.o
                0x0000000008007810                PendSV_Handler
 .text.SysTick_Handler
                0x0000000008007874       0x2c ./Middlewares/Third_Party/FreeRTOS/Source/portable/GCC/ARM_CM4F/port.o
                0x0000000008007874                SysTick_Handler
 .text.vPortSetupTimerInterrupt
                0x00000000080078a0       0x38 ./Middlewares/Third_Party/FreeRTOS/Source/portable/GCC/ARM_CM4F/port.o
                0x00000000080078a0                vPortSetupTimerInterrupt
 .text.xPortStartScheduler
                0x00000000080078d8      0x110 ./Middlewares/Third_Party/FreeRTOS/Source/portable/GCC/ARM_CM4F/port.o
                0x00000000080078d8                xPortStartScheduler
 .text.prvHeapInit
                0x00000000080079e8       0x64 ./Middlewares/Third_Party/FreeRTOS/Source/portable/MemMang/heap_4.o
 .text.prvInsertBlockIntoFreeList
                0x0000000008007a4c       0x58 ./Middlewares/Third_Party/FreeRTOS/Source/portable/MemMang/heap_4.o
 .text.pvPortMalloc
                0x0000000008007aa4      0x110 ./Middlewares/Third_Party/FreeRTOS/Source/portable/MemMang/heap_4.o
                0x0000000008007aa4                pvPortMalloc
 .text.vPortFree
                0x0000000008007bb4       0x7c ./Middlewares/Third_Party/FreeRTOS/Source/portable/MemMang/heap_4.o
                0x0000000008007bb4                vPortFree
 .text.__errno  0x0000000008007c30        0xc c:/st/stm32cubeide_1.7.0/stm32cubeide/plugins/com.st.stm32cube.ide.mcu.externaltools.gnu-tools-for-stm32.9-2020-q2-update.win32_2.0.0.202105311346/tools/bin/../lib/gcc/arm-none-eabi/9.3.1/../../../../arm-none-eabi/lib/thumb/v7e-m+fp/hard\libc_nano.a(lib_a-errno.o)
                0x0000000008007c30                __errno
 .text.__libc_init_array
                0x0000000008007c3c       0x48 c:/st/stm32cubeide_1.7.0/stm32cubeide/plugins/com.st.stm32cube.ide.mcu.externaltools.gnu-tools-for-stm32.9-2020-q2-update.win32_2.0.0.202105311346/tools/bin/../lib/gcc/arm-none-eabi/9.3.1/../../../../arm-none-eabi/lib/thumb/v7e-m+fp/hard\libc_nano.a(lib_a-init.o)
                0x0000000008007c3c                __libc_init_array
 .text.memcpy   0x0000000008007c84       0x1c c:/st/stm32cubeide_1.7.0/stm32cubeide/plugins/com.st.stm32cube.ide.mcu.externaltools.gnu-tools-for-stm32.9-2020-q2-update.win32_2.0.0.202105311346/tools/bin/../lib/gcc/arm-none-eabi/9.3.1/../../../../arm-none-eabi/lib/thumb/v7e-m+fp/hard\libc_nano.a(lib_a-memcpy-stub.o)
                0x0000000008007c84                memcpy
 .text.memset   0x0000000008007ca0       0x10 c:/st/stm32cubeide_1.7.0/stm32cubeide/plugins/com.st.stm32cube.ide.mcu.externaltools.gnu-tools-for-stm32.9-2020-q2-update.win32_2.0.0.202105311346/tools/bin/../lib/gcc/arm-none-eabi/9.3.1/../../../../arm-none-eabi/lib/thumb/v7e-m+fp/hard\libc_nano.a(lib_a-memset.o)
                0x0000000008007ca0                memset
 .text.snprintf
                0x0000000008007cb0       0x68 c:/st/stm32cubeide_1.7.0/stm32cubeide/plugins/com.st.stm32cube.ide.mcu.externaltools.gnu-tools-for-stm32.9-2020-q2-update.win32_2.0.0.202105311346/tools/bin/../lib/gcc/arm-none-eabi/9.3.1/../../../../arm-none-eabi/lib/thumb/v7e-m+fp/hard\libc_nano.a(lib_a-snprintf.o)
                0x0000000008007cb0                sniprintf
                0x0000000008007cb0                snprintf
 .text.sprintf  0x0000000008007d18       0x40 c:/st/stm32cubeide_1.7.0/stm32cubeide/plugins/com.st.stm32cube.ide.mcu.externaltools.gnu-tools-for-stm32.9-2020-q2-update.win32_2.0.0.202105311346/tools/bin/../lib/gcc/arm-none-eabi/9.3.1/../../../../arm-none-eabi/lib/thumb/v7e-m+fp/hard\libc_nano.a(lib_a-sprintf.o)
                0x0000000008007d18                siprintf
                0x0000000008007d18                sprintf
 .text.__retarget_lock_acquire_recursive
                0x0000000008007d58        0x2 c:/st/stm32cubeide_1.7.0/stm32cubeide/plugins/com.st.stm32cube.ide.mcu.externaltools.gnu-tools-for-stm32.9-2020-q2-update.win32_2.0.0.202105311346/tools/bin/../lib/gcc/arm-none-eabi/9.3.1/../../../../arm-none-eabi/lib/thumb/v7e-m+fp/hard\libc_nano.a(lib_a-lock.o)
                0x0000000008007d58                __retarget_lock_acquire_recursive
 .text.__retarget_lock_release_recursive
                0x0000000008007d5a        0x2 c:/st/stm32cubeide_1.7.0/stm32cubeide/plugins/com.st.stm32cube.ide.mcu.externaltools.gnu-tools-for-stm32.9-2020-q2-update.win32_2.0.0.202105311346/tools/bin/../lib/gcc/arm-none-eabi/9.3.1/../../../../arm-none-eabi/lib/thumb/v7e-m+fp/hard\libc_nano.a(lib_a-lock.o)
                0x0000000008007d5a                __retarget_lock_release_recursive
 .text._malloc_r
                0x0000000008007d5c       0xb4 c:/st/stm32cubeide_1.7.0/stm32cubeide/plugins/com.st.stm32cube.ide.mcu.externaltools.gnu-tools-for-stm32.9-2020-q2-update.win32_2.0.0.202105311346/tools/bin/../lib/gcc/arm-none-eabi/9.3.1/../../../../arm-none-eabi/lib/thumb/v7e-m+fp/hard\libc_nano.a(lib_a-nano-mallocr.o)
                0x0000000008007d5c                _malloc_r
 .text.__ssputs_r
                0x0000000008007e10       0xb6 c:/st/stm32cubeide_1.7.0/stm32cubeide/plugins/com.st.stm32cube.ide.mcu.externaltools.gnu-tools-for-stm32.9-2020-q2-update.win32_2.0.0.202105311346/tools/bin/../lib/gcc/arm-none-eabi/9.3.1/../../../../arm-none-eabi/lib/thumb/v7e-m+fp/hard\libc_nano.a(lib_a-nano-svfprintf.o)
                0x0000000008007e10                __ssputs_r
 *fill*         0x0000000008007ec6        0x2 
 .text._svfprintf_r
                0x0000000008007ec8      0x200 c:/st/stm32cubeide_1.7.0/stm32cubeide/plugins/com.st.stm32cube.ide.mcu.externaltools.gnu-tools-for-stm32.9-2020-q2-update.win32_2.0.0.202105311346/tools/bin/../lib/gcc/arm-none-eabi/9.3.1/../../../../arm-none-eabi/lib/thumb/v7e-m+fp/hard\libc_nano.a(lib_a-nano-svfprintf.o)
                0x0000000008007ec8                _svfiprintf_r
                0x0000000008007ec8                _svfprintf_r
 .text._printf_common
                0x00000000080080c8       0xda c:/st/stm32cubeide_1.7.0/stm32cubeide/plugins/com.st.stm32cube.ide.mcu.externaltools.gnu-tools-for-stm32.9-2020-q2-update.win32_2.0.0.202105311346/tools/bin/../lib/gcc/arm-none-eabi/9.3.1/../../../../arm-none-eabi/lib/thumb/v7e-m+fp/hard\libc_nano.a(lib_a-nano-vfprintf_i.o)
                0x00000000080080c8                _printf_common
 *fill*         0x00000000080081a2        0x2 
 .text._printf_i
                0x00000000080081a4      0x24c c:/st/stm32cubeide_1.7.0/stm32cubeide/plugins/com.st.stm32cube.ide.mcu.externaltools.gnu-tools-for-stm32.9-2020-q2-update.win32_2.0.0.202105311346/tools/bin/../lib/gcc/arm-none-eabi/9.3.1/../../../../arm-none-eabi/lib/thumb/v7e-m+fp/hard\libc_nano.a(lib_a-nano-vfprintf_i.o)
                0x00000000080081a4                _printf_i
 .text._sbrk_r  0x00000000080083f0       0x20 c:/st/stm32cubeide_1.7.0/stm32cubeide/plugins/com.st.stm32cube.ide.mcu.externaltools.gnu-tools-for-stm32.9-2020-q2-update.win32_2.0.0.202105311346/tools/bin/../lib/gcc/arm-none-eabi/9.3.1/../../../../arm-none-eabi/lib/thumb/v7e-m+fp/hard\libc_nano.a(lib_a-sbrkr.o)
                0x00000000080083f0                _sbrk_r
 .text.memmove  0x0000000008008410       0x34 c:/st/stm32cubeide_1.7.0/stm32cubeide/plugins/com.st.stm32cube.ide.mcu.externaltools.gnu-tools-for-stm32.9-2020-q2-update.win32_2.0.0.202105311346/tools/bin/../lib/gcc/arm-none-eabi/9.3.1/../../../../arm-none-eabi/lib/thumb/v7e-m+fp/hard\libc_nano.a(lib_a-memmove.o)
                0x0000000008008410                memmove
 .text.__malloc_lock
                0x0000000008008444        0xc c:/st/stm32cubeide_1.7.0/stm32cubeide/plugins/com.st.stm32cube.ide.mcu.externaltools.gnu-tools-for-stm32.9-2020-q2-update.win32_2.0.0.202105311346/tools/bin/../lib/gcc/arm-none-eabi/9.3.1/../../../../arm-none-eabi/lib/thumb/v7e-m+fp/hard\libc_nano.a(lib_a-mlock.o)
                0x0000000008008444                __malloc_lock
 .text.__malloc_unlock
                0x0000000008008450        0xc c:/st/stm32cubeide_1.7.0/stm32cubeide/plugins/com.st.stm32cube.ide.mcu.externaltools.gnu-tools-for-stm32.9-2020-q2-update.win32_2.0.0.202105311346/tools/bin/../lib/gcc/arm-none-eabi/9.3.1/../../../../arm-none-eabi/lib/thumb/v7e-m+fp/hard\libc_nano.a(lib_a-mlock.o)
                0x0000000008008450                __malloc_unlock
 .text._free_r  0x000000000800845c       0xa0 c:/st/stm32cubeide_1.7.0/stm32cubeide/plugins/com.st.stm32cube.ide.mcu.externaltools.gnu-tools-for-stm32.9-2020-q2-update.win32_2.0.0.202105311346/tools/bin/../lib/gcc/arm-none-eabi/9.3.1/../../../../arm-none-eabi/lib/thumb/v7e-m+fp/hard\libc_nano.a(lib_a-nano-freer.o)
                0x000000000800845c                _free_r
 .text._realloc_r
                0x00000000080084fc       0x4c c:/st/stm32cubeide_1.7.0/stm32cubeide/plugins/com.st.stm32cube.ide.mcu.externaltools.gnu-tools-for-stm32.9-2020-q2-update.win32_2.0.0.202105311346/tools/bin/../lib/gcc/arm-none-eabi/9.3.1/../../../../arm-none-eabi/lib/thumb/v7e-m+fp/hard\libc_nano.a(lib_a-nano-reallocr.o)
                0x00000000080084fc                _realloc_r
 .text._malloc_usable_size_r
                0x0000000008008548       0x10 c:/st/stm32cubeide_1.7.0/stm32cubeide/plugins/com.st.stm32cube.ide.mcu.externaltools.gnu-tools-for-stm32.9-2020-q2-update.win32_2.0.0.202105311346/tools/bin/../lib/gcc/arm-none-eabi/9.3.1/../../../../arm-none-eabi/lib/thumb/v7e-m+fp/hard\libc_nano.a(lib_a-nano-msizer.o)
                0x0000000008008548                _malloc_usable_size_r
 *(.glue_7)
 .glue_7        0x0000000008008558        0x0 linker stubs
 *(.glue_7t)
 .glue_7t       0x0000000008008558        0x0 linker stubs
 *(.eh_frame)
 .eh_frame      0x0000000008008558        0x0 c:/st/stm32cubeide_1.7.0/stm32cubeide/plugins/com.st.stm32cube.ide.mcu.externaltools.gnu-tools-for-stm32.9-2020-q2-update.win32_2.0.0.202105311346/tools/bin/../lib/gcc/arm-none-eabi/9.3.1/thumb/v7e-m+fp/hard/crtbegin.o
 *(.init)
 .init          0x0000000008008558        0x4 c:/st/stm32cubeide_1.7.0/stm32cubeide/plugins/com.st.stm32cube.ide.mcu.externaltools.gnu-tools-for-stm32.9-2020-q2-update.win32_2.0.0.202105311346/tools/bin/../lib/gcc/arm-none-eabi/9.3.1/thumb/v7e-m+fp/hard/crti.o
                0x0000000008008558                _init
 .init          0x000000000800855c        0x8 c:/st/stm32cubeide_1.7.0/stm32cubeide/plugins/com.st.stm32cube.ide.mcu.externaltools.gnu-tools-for-stm32.9-2020-q2-update.win32_2.0.0.202105311346/tools/bin/../lib/gcc/arm-none-eabi/9.3.1/thumb/v7e-m+fp/hard/crtn.o
 *(.fini)
 .fini          0x0000000008008564        0x4 c:/st/stm32cubeide_1.7.0/stm32cubeide/plugins/com.st.stm32cube.ide.mcu.externaltools.gnu-tools-for-stm32.9-2020-q2-update.win32_2.0.0.202105311346/tools/bin/../lib/gcc/arm-none-eabi/9.3.1/thumb/v7e-m+fp/hard/crti.o
                0x0000000008008564                _fini
 .fini          0x0000000008008568        0x8 c:/st/stm32cubeide_1.7.0/stm32cubeide/plugins/com.st.stm32cube.ide.mcu.externaltools.gnu-tools-for-stm32.9-2020-q2-update.win32_2.0.0.202105311346/tools/bin/../lib/gcc/arm-none-eabi/9.3.1/thumb/v7e-m+fp/hard/crtn.o
                0x0000000008008570                . = ALIGN (0x4)
                0x0000000008008570                _etext = .

.vfp11_veneer   0x0000000008008570        0x0
 .vfp11_veneer  0x0000000008008570        0x0 linker stubs

.v4_bx          0x0000000008008570        0x0
 .v4_bx         0x0000000008008570        0x0 linker stubs

.iplt           0x0000000008008570        0x0
 .iplt          0x0000000008008570        0x0 c:/st/stm32cubeide_1.7.0/stm32cubeide/plugins/com.st.stm32cube.ide.mcu.externaltools.gnu-tools-for-stm32.9-2020-q2-update.win32_2.0.0.202105311346/tools/bin/../lib/gcc/arm-none-eabi/9.3.1/thumb/v7e-m+fp/hard/crtbegin.o

.rodata         0x0000000008008570     0x27c4
                0x0000000008008570                . = ALIGN (0x4)
 *(.rodata)
 *(.rodata*)
 .rodata.TouchTask.str1.4
                0x0000000008008570       0x35 ./App/Src/app_main.o
 *fill*         0x00000000080085a5        0x3 
 .rodata.WorkerTask.str1.4
                0x00000000080085a8       0x17 ./App/Src/app_main.o
 *fill*         0x00000000080085bf        0x1 
 .rodata.CounterTask.str1.4
                0x00000000080085c0       0x1e ./App/Src/app_main.o
 *fill*         0x00000000080085de        0x2 
 .rodata.app_main.str1.4
                0x00000000080085e0        0x8 ./App/Src/app_main.o
 .rodata.Font16_Table
                0x00000000080085e8      0xbe0 ./BSP/Src/font16.o
                0x00000000080085e8                Font16_Table
 .rodata.Font24_Table
                0x00000000080091c8     0x1ab8 ./BSP/Src/font24.o
                0x00000000080091c8                Font24_Table
 .rodata.AHBPrescTable
                0x000000000800ac80       0x10 ./Core/Src/system_stm32f4xx.o
                0x000000000800ac80                AHBPrescTable
 .rodata.APBPrescTable
                0x000000000800ac90        0x8 ./Core/Src/system_stm32f4xx.o
                0x000000000800ac90                APBPrescTable
 .rodata.vTaskStartScheduler.str1.4
                0x000000000800ac98        0x5 ./Middlewares/Third_Party/FreeRTOS/Source/tasks.o
 *fill*         0x000000000800ac9d        0x3 
 .rodata.__sf_fake_stderr
                0x000000000800aca0       0x20 c:/st/stm32cubeide_1.7.0/stm32cubeide/plugins/com.st.stm32cube.ide.mcu.externaltools.gnu-tools-for-stm32.9-2020-q2-update.win32_2.0.0.202105311346/tools/bin/../lib/gcc/arm-none-eabi/9.3.1/../../../../arm-none-eabi/lib/thumb/v7e-m+fp/hard\libc_nano.a(lib_a-findfp.o)
                0x000000000800aca0                __sf_fake_stderr
 .rodata.__sf_fake_stdin
                0x000000000800acc0       0x20 c:/st/stm32cubeide_1.7.0/stm32cubeide/plugins/com.st.stm32cube.ide.mcu.externaltools.gnu-tools-for-stm32.9-2020-q2-update.win32_2.0.0.202105311346/tools/bin/../lib/gcc/arm-none-eabi/9.3.1/../../../../arm-none-eabi/lib/thumb/v7e-m+fp/hard\libc_nano.a(lib_a-findfp.o)
                0x000000000800acc0                __sf_fake_stdin
 .rodata.__sf_fake_stdout
                0x000000000800ace0       0x20 c:/st/stm32cubeide_1.7.0/stm32cubeide/plugins/com.st.stm32cube.ide.mcu.externaltools.gnu-tools-for-stm32.9-2020-q2-update.win32_2.0.0.202105311346/tools/bin/../lib/gcc/arm-none-eabi/9.3.1/../../../../arm-none-eabi/lib/thumb/v7e-m+fp/hard\libc_nano.a(lib_a-findfp.o)
                0x000000000800ace0                __sf_fake_stdout
 .rodata._svfprintf_r.str1.1
                0x000000000800ad00       0x11 c:/st/stm32cubeide_1.7.0/stm32cubeide/plugins/com.st.stm32cube.ide.mcu.externaltools.gnu-tools-for-stm32.9-2020-q2-update.win32_2.0.0.202105311346/tools/bin/../lib/gcc/arm-none-eabi/9.3.1/../../../../arm-none-eabi/lib/thumb/v7e-m+fp/hard\libc_nano.a(lib_a-nano-svfprintf.o)
 .rodata._printf_i.str1.1
                0x000000000800ad11       0x22 c:/st/stm32cubeide_1.7.0/stm32cubeide/plugins/com.st.stm32cube.ide.mcu.externaltools.gnu-tools-for-stm32.9-2020-q2-update.win32_2.0.0.202105311346/tools/bin/../lib/gcc/arm-none-eabi/9.3.1/../../../../arm-none-eabi/lib/thumb/v7e-m+fp/hard\libc_nano.a(lib_a-nano-vfprintf_i.o)
                0x000000000800ad34                . = ALIGN (0x4)
 *fill*         0x000000000800ad33        0x1 

.ARM.extab      0x000000000800ad34        0x0
                0x000000000800ad34                . = ALIGN (0x4)
 *(.ARM.extab* .gnu.linkonce.armextab.*)
                0x000000000800ad34                . = ALIGN (0x4)

.ARM            0x000000000800ad34        0x8
                0x000000000800ad34                . = ALIGN (0x4)
                0x000000000800ad34                __exidx_start = .
 *(.ARM.exidx*)
 .ARM.exidx     0x000000000800ad34        0x8 c:/st/stm32cubeide_1.7.0/stm32cubeide/plugins/com.st.stm32cube.ide.mcu.externaltools.gnu-tools-for-stm32.9-2020-q2-update.win32_2.0.0.202105311346/tools/bin/../lib/gcc/arm-none-eabi/9.3.1/thumb/v7e-m+fp/hard\libgcc.a(_udivmoddi4.o)
                0x000000000800ad3c                __exidx_end = .
                0x000000000800ad3c                . = ALIGN (0x4)

.rel.dyn        0x000000000800ad3c        0x0
 .rel.iplt      0x000000000800ad3c        0x0 c:/st/stm32cubeide_1.7.0/stm32cubeide/plugins/com.st.stm32cube.ide.mcu.externaltools.gnu-tools-for-stm32.9-2020-q2-update.win32_2.0.0.202105311346/tools/bin/../lib/gcc/arm-none-eabi/9.3.1/thumb/v7e-m+fp/hard/crtbegin.o

.preinit_array  0x000000000800ad3c        0x0
                0x000000000800ad3c                . = ALIGN (0x4)
                0x000000000800ad3c                PROVIDE (__preinit_array_start = .)
 *(.preinit_array*)
                0x000000000800ad3c                PROVIDE (__preinit_array_end = .)
                0x000000000800ad3c                . = ALIGN (0x4)

.init_array     0x000000000800ad3c        0x4
                0x000000000800ad3c                . = ALIGN (0x4)
                0x000000000800ad3c                PROVIDE (__init_array_start = .)
 *(SORT_BY_NAME(.init_array.*))
 *(.init_array*)
 .init_array    0x000000000800ad3c        0x4 c:/st/stm32cubeide_1.7.0/stm32cubeide/plugins/com.st.stm32cube.ide.mcu.externaltools.gnu-tools-for-stm32.9-2020-q2-update.win32_2.0.0.202105311346/tools/bin/../lib/gcc/arm-none-eabi/9.3.1/thumb/v7e-m+fp/hard/crtbegin.o
                0x000000000800ad40                PROVIDE (__init_array_end = .)
                0x000000000800ad40                . = ALIGN (0x4)

.fini_array     0x000000000800ad40        0x4
                0x000000000800ad40                . = ALIGN (0x4)
                [!provide]                        PROVIDE (__fini_array_start = .)
 *(SORT_BY_NAME(.fini_array.*))
 *(.fini_array*)
 .fini_array    0x000000000800ad40        0x4 c:/st/stm32cubeide_1.7.0/stm32cubeide/plugins/com.st.stm32cube.ide.mcu.externaltools.gnu-tools-for-stm32.9-2020-q2-update.win32_2.0.0.202105311346/tools/bin/../lib/gcc/arm-none-eabi/9.3.1/thumb/v7e-m+fp/hard/crtbegin.o
                [!provide]                        PROVIDE (__fini_array_end = .)
                0x000000000800ad44                . = ALIGN (0x4)
                0x000000000800ad44                _sidata = LOADADDR (.data)

.data           0x0000000020000000       0xec load address 0x000000000800ad44
                0x0000000020000000                . = ALIGN (0x4)
                0x0000000020000000                _sdata = .
 *(.data)
 *(.data*)
 .data.Font16   0x0000000020000000        0x8 ./BSP/Src/font16.o
                0x0000000020000000                Font16
 .data.Font24   0x0000000020000008        0x8 ./BSP/Src/font24.o
                0x0000000020000008                Font24
 .data.ili9341_drv
                0x0000000020000010       0x38 ./BSP/Src/ili9341.o
                0x0000000020000010                ili9341_drv
 .data.I2cxTimeout
                0x0000000020000048        0x4 ./BSP/Src/stm32f429i_discovery.o
                0x0000000020000048                I2cxTimeout
 .data.SpixTimeout
                0x000000002000004c        0x4 ./BSP/Src/stm32f429i_discovery.o
                0x000000002000004c                SpixTimeout
 .data.stmpe811_ts_drv
                0x0000000020000050       0x28 ./BSP/Src/stmpe811.o
                0x0000000020000050                stmpe811_ts_drv
 .data.SystemCoreClock
                0x0000000020000078        0x4 ./Core/Src/system_stm32f4xx.o
                0x0000000020000078                SystemCoreClock
 .data.uwTickFreq
                0x000000002000007c        0x1 ./Drivers/STM32F4xx_HAL_Driver/Src/stm32f4xx_hal.o
                0x000000002000007c                uwTickFreq
 *fill*         0x000000002000007d        0x3 
 .data.uwTickPrio
                0x0000000020000080        0x4 ./Drivers/STM32F4xx_HAL_Driver/Src/stm32f4xx_hal.o
                0x0000000020000080                uwTickPrio
 .data.uxCriticalNesting
                0x0000000020000084        0x4 ./Middlewares/Third_Party/FreeRTOS/Source/portable/GCC/ARM_CM4F/port.o
 .data._impure_ptr
                0x0000000020000088        0x4 c:/st/stm32cubeide_1.7.0/stm32cubeide/plugins/com.st.stm32cube.ide.mcu.externaltools.gnu-tools-for-stm32.9-2020-q2-update.win32_2.0.0.202105311346/tools/bin/../lib/gcc/arm-none-eabi/9.3.1/../../../../arm-none-eabi/lib/thumb/v7e-m+fp/hard\libc_nano.a(lib_a-impure.o)
                0x0000000020000088                _impure_ptr
 .data.impure_data
                0x000000002000008c       0x60 c:/st/stm32cubeide_1.7.0/stm32cubeide/plugins/com.st.stm32cube.ide.mcu.externaltools.gnu-tools-for-stm32.9-2020-q2-update.win32_2.0.0.202105311346/tools/bin/../lib/gcc/arm-none-eabi/9.3.1/../../../../arm-none-eabi/lib/thumb/v7e-m+fp/hard\libc_nano.a(lib_a-impure.o)
 *(.RamFunc)
 *(.RamFunc*)
                0x00000000200000ec                . = ALIGN (0x4)
                0x00000000200000ec                _edata = .
                0x000000000800ae30                _siccmram = LOADADDR (.ccmram)

.igot.plt       0x00000000200000ec        0x0 load address 0x000000000800ae30
 .igot.plt      0x00000000200000ec        0x0 c:/st/stm32cubeide_1.7.0/stm32cubeide/plugins/com.st.stm32cube.ide.mcu.externaltools.gnu-tools-for-stm32.9-2020-q2-update.win32_2.0.0.202105311346/tools/bin/../lib/gcc/arm-none-eabi/9.3.1/thumb/v7e-m+fp/hard/crtbegin.o

.ccmram         0x0000000010000000        0x0 load address 0x000000000800ae30
                0x0000000010000000                . = ALIGN (0x4)
                0x0000000010000000                _sccmram = .
 *(.ccmram)
 *(.ccmram*)
                0x0000000010000000                . = ALIGN (0x4)
                0x0000000010000000                _eccmram = .
                0x0000000010000000                . = ALIGN (0x4)

.bss            0x00000000200000ec     0x8ad0
                0x00000000200000ec                _sbss = .
                0x00000000200000ec                __bss_start__ = _sbss
 *(.bss)
 .bss           0x00000000200000ec       0x1c c:/st/stm32cubeide_1.7.0/stm32cubeide/plugins/com.st.stm32cube.ide.mcu.externaltools.gnu-tools-for-stm32.9-2020-q2-update.win32_2.0.0.202105311346/tools/bin/../lib/gcc/arm-none-eabi/9.3.1/thumb/v7e-m+fp/hard/crtbegin.o
 *(.bss*)
 .bss.Is_LCD_IO_Initialized
                0x0000000020000108        0x1 ./BSP/Src/stm32f429i_discovery.o
 *fill*         0x0000000020000109        0x3 
 .bss.SpiHandle
                0x000000002000010c       0x58 ./BSP/Src/stm32f429i_discovery.o
 .bss.ActiveLayer
                0x0000000020000164        0x4 ./BSP/Src/stm32f429i_discovery_lcd.o
 .bss.Dma2dHandler
                0x0000000020000168       0x40 ./BSP/Src/stm32f429i_discovery_lcd.o
 .bss.DrawProp  0x00000000200001a8       0x18 ./BSP/Src/stm32f429i_discovery_lcd.o
 .bss.Command   0x00000000200001c0       0x10 ./BSP/Src/stm32f429i_discovery_sdram.o
 .bss.TsDrv     0x00000000200001d0        0x4 ./BSP/Src/stm32f429i_discovery_ts.o
 .bss.TsXBoundary
                0x00000000200001d4        0x2 ./BSP/Src/stm32f429i_discovery_ts.o
 .bss.TsYBoundary
                0x00000000200001d6        0x2 ./BSP/Src/stm32f429i_discovery_ts.o
 .bss._x.9881   0x00000000200001d8        0x4 ./BSP/Src/stm32f429i_discovery_ts.o
 .bss._y.9882   0x00000000200001dc        0x4 ./BSP/Src/stm32f429i_discovery_ts.o
 .bss.stmpe811  0x00000000200001e0        0x2 ./BSP/Src/stmpe811.o
                0x00000000200001e0                stmpe811
 *fill*         0x00000000200001e2        0x2 
 .bss.xIdleStack
                0x00000000200001e4      0x200 ./Core/Src/freertos.o
 .bss.xIdleTaskTCBBuffer
                0x00000000200003e4       0x58 ./Core/Src/freertos.o
 .bss.FMC_Initialized
                0x000000002000043c        0x4 ./Core/Src/stm32f4xx_hal_msp.o
 .bss.__sbrk_heap_end
                0x0000000020000440        0x4 ./Core/Src/sysmem.o
 .bss.pxCurrentTCB
                0x0000000020000444        0x4 ./Middlewares/Third_Party/FreeRTOS/Source/tasks.o
                0x0000000020000444                pxCurrentTCB
 .bss.pxDelayedTaskList
                0x0000000020000448        0x4 ./Middlewares/Third_Party/FreeRTOS/Source/tasks.o
 .bss.pxOverflowDelayedTaskList
                0x000000002000044c        0x4 ./Middlewares/Third_Party/FreeRTOS/Source/tasks.o
 .bss.pxReadyTasksLists
                0x0000000020000450       0x8c ./Middlewares/Third_Party/FreeRTOS/Source/tasks.o
 .bss.uxCurrentNumberOfTasks
                0x00000000200004dc        0x4 ./Middlewares/Third_Party/FreeRTOS/Source/tasks.o
 .bss.uxDeletedTasksWaitingCleanUp
                0x00000000200004e0        0x4 ./Middlewares/Third_Party/FreeRTOS/Source/tasks.o
 .bss.uxSchedulerSuspended
                0x00000000200004e4        0x4 ./Middlewares/Third_Party/FreeRTOS/Source/tasks.o
 .bss.uxTaskNumber
                0x00000000200004e8        0x4 ./Middlewares/Third_Party/FreeRTOS/Source/tasks.o
 .bss.uxTopReadyPriority
                0x00000000200004ec        0x4 ./Middlewares/Third_Party/FreeRTOS/Source/tasks.o
 .bss.xDelayedTaskList1
                0x00000000200004f0       0x14 ./Middlewares/Third_Party/FreeRTOS/Source/tasks.o
 .bss.xDelayedTaskList2
                0x0000000020000504       0x14 ./Middlewares/Third_Party/FreeRTOS/Source/tasks.o
 .bss.xNextTaskUnblockTime
                0x0000000020000518        0x4 ./Middlewares/Third_Party/FreeRTOS/Source/tasks.o
 .bss.xNumOfOverflows
                0x000000002000051c        0x4 ./Middlewares/Third_Party/FreeRTOS/Source/tasks.o
 .bss.xPendedTicks
                0x0000000020000520        0x4 ./Middlewares/Third_Party/FreeRTOS/Source/tasks.o
 .bss.xPendingReadyList
                0x0000000020000524       0x14 ./Middlewares/Third_Party/FreeRTOS/Source/tasks.o
 .bss.xSchedulerRunning
                0x0000000020000538        0x4 ./Middlewares/Third_Party/FreeRTOS/Source/tasks.o
 .bss.xSuspendedTaskList
                0x000000002000053c       0x14 ./Middlewares/Third_Party/FreeRTOS/Source/tasks.o
 .bss.xTasksWaitingTermination
                0x0000000020000550       0x14 ./Middlewares/Third_Party/FreeRTOS/Source/tasks.o
 .bss.xTickCount
                0x0000000020000564        0x4 ./Middlewares/Third_Party/FreeRTOS/Source/tasks.o
 .bss.xYieldPending
                0x0000000020000568        0x4 ./Middlewares/Third_Party/FreeRTOS/Source/tasks.o
 .bss.ucMaxSysCallPriority
                0x000000002000056c        0x1 ./Middlewares/Third_Party/FreeRTOS/Source/portable/GCC/ARM_CM4F/port.o
 *fill*         0x000000002000056d        0x3 
 .bss.ulMaxPRIGROUPValue
                0x0000000020000570        0x4 ./Middlewares/Third_Party/FreeRTOS/Source/portable/GCC/ARM_CM4F/port.o
 .bss.pxEnd     0x0000000020000574        0x4 ./Middlewares/Third_Party/FreeRTOS/Source/portable/MemMang/heap_4.o
 .bss.ucHeap    0x0000000020000578     0x8000 ./Middlewares/Third_Party/FreeRTOS/Source/portable/MemMang/heap_4.o
 .bss.xBlockAllocatedBit
                0x0000000020008578        0x4 ./Middlewares/Third_Party/FreeRTOS/Source/portable/MemMang/heap_4.o
 .bss.xFreeBytesRemaining
                0x000000002000857c        0x4 ./Middlewares/Third_Party/FreeRTOS/Source/portable/MemMang/heap_4.o
 .bss.xMinimumEverFreeBytesRemaining
                0x0000000020008580        0x4 ./Middlewares/Third_Party/FreeRTOS/Source/portable/MemMang/heap_4.o
 .bss.xNumberOfSuccessfulAllocations
                0x0000000020008584        0x4 ./Middlewares/Third_Party/FreeRTOS/Source/portable/MemMang/heap_4.o
 .bss.xNumberOfSuccessfulFrees
                0x0000000020008588        0x4 ./Middlewares/Third_Party/FreeRTOS/Source/portable/MemMang/heap_4.o
 .bss.xStart    0x000000002000858c        0x8 ./Middlewares/Third_Party/FreeRTOS/Source/portable/MemMang/heap_4.o
 .bss.__malloc_free_list
                0x0000000020008594        0x4 c:/st/stm32cubeide_1.7.0/stm32cubeide/plugins/com.st.stm32cube.ide.mcu.externaltools.gnu-tools-for-stm32.9-2020-q2-update.win32_2.0.0.202105311346/tools/bin/../lib/gcc/arm-none-eabi/9.3.1/../../../../arm-none-eabi/lib/thumb/v7e-m+fp/hard\libc_nano.a(lib_a-nano-mallocr.o)
                0x0000000020008594                __malloc_free_list
 .bss.__malloc_sbrk_start
                0x0000000020008598        0x4 c:/st/stm32cubeide_1.7.0/stm32cubeide/plugins/com.st.stm32cube.ide.mcu.externaltools.gnu-tools-for-stm32.9-2020-q2-update.win32_2.0.0.202105311346/tools/bin/../lib/gcc/arm-none-eabi/9.3.1/../../../../arm-none-eabi/lib/thumb/v7e-m+fp/hard\libc_nano.a(lib_a-nano-mallocr.o)
                0x0000000020008598                __malloc_sbrk_start
 *(COMMON)
 COMMON         0x000000002000859c        0x4 ./App/Src/app_main.o
                0x000000002000859c                LCDSemaphore
 COMMON         0x00000000200085a0       0x54 ./BSP/Src/stm32f429i_discovery.o
                0x00000000200085a0                I2cHandle
 COMMON         0x00000000200085f4        0x4 ./BSP/Src/stm32f429i_discovery_lcd.o
                0x00000000200085f4                LcdDrv
 COMMON         0x00000000200085f8      0x568 ./Core/Src/main.o
                0x00000000200085f8                defaultTaskHandle
                0x00000000200085fc                hi2c3
                0x0000000020008650                hspi5
                0x00000000200086a8                hcrc
                0x00000000200086b0                hltdc
                0x0000000020008758                huart1
                0x000000002000879c                hhcd_USB_OTG_HS
                0x0000000020008aa0                myTask02Handle
                0x0000000020008aa4                htim1
                0x0000000020008aec                hdma2d
                0x0000000020008b2c                hsdram1
 COMMON         0x0000000020008b60       0x48 ./Core/Src/stm32f4xx_hal_timebase_tim.o
                0x0000000020008b60                htim6
 COMMON         0x0000000020008ba8        0x4 ./Drivers/STM32F4xx_HAL_Driver/Src/stm32f4xx_hal.o
                0x0000000020008ba8                uwTick
 COMMON         0x0000000020008bac        0x9 c:/st/stm32cubeide_1.7.0/stm32cubeide/plugins/com.st.stm32cube.ide.mcu.externaltools.gnu-tools-for-stm32.9-2020-q2-update.win32_2.0.0.202105311346/tools/bin/../lib/gcc/arm-none-eabi/9.3.1/../../../../arm-none-eabi/lib/thumb/v7e-m+fp/hard\libc_nano.a(lib_a-lock.o)
                0x0000000020008bac                __lock___atexit_recursive_mutex
                0x0000000020008bad                __lock___arc4random_mutex
                0x0000000020008bae                __lock___env_recursive_mutex
                0x0000000020008baf                __lock___sinit_recursive_mutex
                0x0000000020008bb0                __lock___malloc_recursive_mutex
                0x0000000020008bb1                __lock___at_quick_exit_mutex
                0x0000000020008bb2                __lock___dd_hash_mutex
                0x0000000020008bb3                __lock___tz_mutex
                0x0000000020008bb4                __lock___sfp_recursive_mutex
 *fill*         0x0000000020008bb5        0x3 
 COMMON         0x0000000020008bb8        0x4 c:/st/stm32cubeide_1.7.0/stm32cubeide/plugins/com.st.stm32cube.ide.mcu.externaltools.gnu-tools-for-stm32.9-2020-q2-update.win32_2.0.0.202105311346/tools/bin/../lib/gcc/arm-none-eabi/9.3.1/../../../../arm-none-eabi/lib/thumb/v7e-m+fp/hard\libc_nano.a(lib_a-reent.o)
                0x0000000020008bb8                errno
                0x0000000020008bbc                . = ALIGN (0x4)
                0x0000000020008bbc                _ebss = .
                0x0000000020008bbc                __bss_end__ = _ebss

._user_heap_stack
                0x0000000020008bbc      0x604
                0x0000000020008bc0                . = ALIGN (0x8)
 *fill*         0x0000000020008bbc        0x4 
                [!provide]                        PROVIDE (end = .)
                0x0000000020008bc0                PROVIDE (_end = .)
                0x0000000020008dc0                . = (. + _Min_Heap_Size)
 *fill*         0x0000000020008bc0      0x200 
                0x00000000200091c0                . = (. + _Min_Stack_Size)
 *fill*         0x0000000020008dc0      0x400 
                0x00000000200091c0                . = ALIGN (0x8)

/DISCARD/
 libc.a(*)
 libm.a(*)
 libgcc.a(*)

.ARM.attributes
                0x0000000000000000       0x30
 *(.ARM.attributes)
 .ARM.attributes