stm32f429i_discovery_lcd.c:1388:13:FillBuffer	32	static
stm32f429i_discovery_lcd.c:1419:13:ConvertLineToARGB8888	32	static
stm32f429i_discovery_lcd.c:245:10:BSP_LCD_GetXSize	8	static
stm32f429i_discovery_lcd.c:254:10:BSP_LCD_GetYSize	8	static
stm32f429i_discovery_lcd.c:264:6:BSP_LCD_LayerDefaultInit	72	static
stm32f429i_discovery_lcd.c:299:6:BSP_LCD_SelectLayer	0	static
stm32f429i_discovery_lcd.c:310:6:BSP_LCD_SetLayerVisible	0	static
stm32f429i_discovery_lcd.c:332:6:BSP_LCD_SetLayerVisible_NoReload	0	static
stm32f429i_discovery_lcd.c:351:6:BSP_LCD_SetTransparency	8	static
stm32f429i_discovery_lcd.c:363:6:BSP_LCD_SetTransparency_NoReload	8	static
stm32f429i_discovery_lcd.c:373:6:BSP_LCD_SetLayerAddress	8	static
stm32f429i_discovery_lcd.c:384:6:BSP_LCD_SetLayerAddress_NoReload	8	static
stm32f429i_discovery_lcd.c:397:6:BSP_LCD_SetLayerWindow	24	static
stm32f429i_discovery_lcd.c:415:6:BSP_LCD_SetLayerWindow_NoReload	24	static
stm32f429i_discovery_lcd.c:429:6:BSP_LCD_SetColorKeying	16	static
stm32f429i_discovery_lcd.c:442:6:BSP_LCD_SetColorKeying_NoReload	16	static
stm32f429i_discovery_lcd.c:453:6:BSP_LCD_ResetColorKeying	8	static
stm32f429i_discovery_lcd.c:464:6:BSP_LCD_ResetColorKeying_NoReload	8	static
stm32f429i_discovery_lcd.c:477:6:BSP_LCD_Relaod	8	static
stm32f429i_discovery_lcd.c:486:10:BSP_LCD_GetTextColor	0	static
stm32f429i_discovery_lcd.c:495:10:BSP_LCD_GetBackColor	0	static
stm32f429i_discovery_lcd.c:504:6:BSP_LCD_SetTextColor	0	static
stm32f429i_discovery_lcd.c:513:6:BSP_LCD_SetBackColor	0	static
stm32f429i_discovery_lcd.c:522:6:BSP_LCD_SetFont	0	static
stm32f429i_discovery_lcd.c:531:8:BSP_LCD_GetFont	0	static
stm32f429i_discovery_lcd.c:542:10:BSP_LCD_ReadPixel	16	static
stm32f429i_discovery_lcd.c:576:6:BSP_LCD_Clear	32	static
stm32f429i_discovery_lcd.c:153:6:BSP_LCD_Init	8	static
stm32f429i_discovery_lcd.c:686:6:BSP_LCD_DrawHLine	32	static
stm32f429i_discovery_lcd.c:703:6:BSP_LCD_DrawVLine	32	static
stm32f429i_discovery_lcd.c:795:6:BSP_LCD_DrawRect	24	static
stm32f429i_discovery_lcd.c:910:6:BSP_LCD_DrawBitmap	40	static
stm32f429i_discovery_lcd.c:967:6:BSP_LCD_FillRect	40	static
stm32f429i_discovery_lcd.c:586:6:BSP_LCD_ClearStringLine	24	static
stm32f429i_discovery_lcd.c:1179:6:BSP_LCD_FillEllipse	56	static
stm32f429i_discovery_lcd.c:1207:6:BSP_LCD_DisplayOn	8	static
stm32f429i_discovery_lcd.c:1218:6:BSP_LCD_DisplayOff	8	static
stm32f429i_discovery_lcd.c:1319:6:BSP_LCD_DrawPixel	24	static
stm32f429i_discovery_lcd.c:1331:13:DrawChar	48	static
stm32f429i_discovery_lcd.c:604:6:BSP_LCD_DisplayChar	16	static
stm32f429i_discovery_lcd.c:621:6:BSP_LCD_DisplayStringAt	24	static
stm32f429i_discovery_lcd.c:675:6:BSP_LCD_DisplayStringAtLine	16	static
stm32f429i_discovery_lcd.c:721:6:BSP_LCD_DrawLine	56	static
stm32f429i_discovery_lcd.c:851:6:BSP_LCD_DrawPolygon	16	static
stm32f429i_discovery_lcd.c:1038:6:BSP_LCD_FillTriangle	64	static
stm32f429i_discovery_lcd.c:1111:6:BSP_LCD_FillPolygon	72	static
stm32f429i_discovery_lcd.c:812:6:BSP_LCD_DrawCircle	64	static
stm32f429i_discovery_lcd.c:987:6:BSP_LCD_FillCircle	48	static
stm32f429i_discovery_lcd.c:878:6:BSP_LCD_DrawEllipse	72	static
