stm32f429i_discovery_sdram.c:165:6:BSP_SDRAM_Initialization_sequence	40	static
stm32f429i_discovery_sdram.c:102:9:BSP_SDRAM_Init	8	static
stm32f429i_discovery_sdram.c:226:9:BSP_SDRAM_ReadData	8	static
stm32f429i_discovery_sdram.c:244:9:BSP_SDRAM_ReadData_DMA	8	static
stm32f429i_discovery_sdram.c:262:9:BSP_SDRAM_WriteData	24	static
stm32f429i_discovery_sdram.c:284:9:BSP_SDRAM_WriteData_DMA	8	static
stm32f429i_discovery_sdram.c:301:9:BSP_SDRAM_Sendcmd	8	static
stm32f429i_discovery_sdram.c:316:6:BSP_SDRAM_DMA_IRQHandler	8	static
