main.c:601:13:MX_GPIO_Init	88	static
main.c:692:6:StartDefaultTask	8	static
main.c:710:6:iniTask02	8	static
main.c:729:6:HAL_TIM_PeriodElapsedCallback	8	static
main.c:746:6:Error_Handler	0	static,ignoring_inline_asm
main.c:232:13:MX_CRC_Init	8	static
main.c:258:13:MX_DMA2D_Init	8	static
main.c:550:13:MX_FMC_Init	40	static
main.c:295:13:MX_I2C3_Init	8	static
main.c:341:13:MX_LTDC_Init	64	static
main.c:403:13:MX_SPI5_Init	8	static
main.c:441:13:MX_TIM1_Init	32	static
main.c:487:13:MX_USART1_UART_Init	8	static
main.c:520:13:MX_USB_OTG_HS_HCD_Init	8	static
main.c:188:6:SystemClock_Config	88	static
main.c:102:5:main	8	static
