main.c:560:13:MX_GPIO_Init	88	static
main.c:652:6:HAL_TIM_PeriodElapsedCallback	8	static
main.c:669:6:Error_Handler	0	static,ignoring_inline_asm
main.c:191:13:MX_CRC_Init	8	static
main.c:217:13:MX_DMA2D_Init	8	static
main.c:509:13:MX_FMC_Init	40	static
main.c:254:13:MX_I2C3_Init	8	static
main.c:300:13:MX_LTDC_Init	64	static
main.c:362:13:MX_SPI5_Init	8	static
main.c:400:13:MX_TIM1_Init	32	static
main.c:446:13:MX_USART1_UART_Init	8	static
main.c:479:13:MX_USB_OTG_HS_HCD_Init	8	static
main.c:147:6:SystemClock_Config	88	static
main.c:93:5:main	8	static
