stm32f4xx_hal_msp.c:696:13:HAL_FMC_MspInit	48	static
stm32f4xx_hal_msp.c:814:13:HAL_FMC_MspDeInit	8	static
stm32f4xx_hal_msp.c:64:6:HAL_MspInit	8	static
stm32f4xx_hal_msp.c:86:6:HAL_CRC_MspInit	8	static
stm32f4xx_hal_msp.c:108:6:HAL_CRC_MspDeInit	0	static
stm32f4xx_hal_msp.c:130:6:HAL_DMA2D_MspInit	16	static
stm32f4xx_hal_msp.c:155:6:HAL_DMA2D_MspDeInit	8	static
stm32f4xx_hal_msp.c:180:6:HAL_I2C_MspInit	56	static
stm32f4xx_hal_msp.c:224:6:HAL_I2C_MspDeInit	8	static
stm32f4xx_hal_msp.c:255:6:HAL_LTDC_MspInit	120	static
stm32f4xx_hal_msp.c:381:6:HAL_LTDC_MspDeInit	8	static
stm32f4xx_hal_msp.c:445:6:HAL_SPI_MspInit	40	static
stm32f4xx_hal_msp.c:482:6:HAL_SPI_MspDeInit	8	static
stm32f4xx_hal_msp.c:512:6:HAL_TIM_Base_MspInit	8	static
stm32f4xx_hal_msp.c:534:6:HAL_TIM_Base_MspDeInit	0	static
stm32f4xx_hal_msp.c:556:6:HAL_UART_MspInit	40	static
stm32f4xx_hal_msp.c:592:6:HAL_UART_MspDeInit	8	static
stm32f4xx_hal_msp.c:621:6:HAL_HCD_MspInit	48	static
stm32f4xx_hal_msp.c:667:6:HAL_HCD_MspDeInit	8	static
stm32f4xx_hal_msp.c:802:6:HAL_SDRAM_MspInit	8	static
stm32f4xx_hal_msp.c:888:6:HAL_SDRAM_MspDeInit	8	static
