main.c:600:13:MX_GPIO_Init	88	static
main.c:691:6:StartDefaultTask	8	static
main.c:709:6:iniTask02	8	static
main.c:728:6:HAL_TIM_PeriodElapsedCallback	8	static
main.c:745:6:Error_Handler	0	static,ignoring_inline_asm
main.c:231:13:MX_CRC_Init	8	static
main.c:257:13:MX_DMA2D_Init	8	static
main.c:549:13:MX_FMC_Init	40	static
main.c:294:13:MX_I2C3_Init	8	static
main.c:340:13:MX_LTDC_Init	64	static
main.c:402:13:MX_SPI5_Init	8	static
main.c:440:13:MX_TIM1_Init	32	static
main.c:486:13:MX_USART1_UART_Init	8	static
main.c:519:13:MX_USB_OTG_HS_HCD_Init	8	static
main.c:187:6:SystemClock_Config	88	static
main.c:100:5:main	8	static
