stm32f4xx_hal_msp.c:698:13:HAL_FMC_MspInit	48	static
stm32f4xx_hal_msp.c:816:13:HAL_FMC_MspDeInit	8	static
stm32f4xx_hal_msp.c:64:6:HAL_MspInit	16	static
stm32f4xx_hal_msp.c:88:6:HAL_CRC_MspInit	8	static
stm32f4xx_hal_msp.c:110:6:HAL_CRC_MspDeInit	0	static
stm32f4xx_hal_msp.c:132:6:HAL_DMA2D_MspInit	16	static
stm32f4xx_hal_msp.c:157:6:HAL_DMA2D_MspDeInit	8	static
stm32f4xx_hal_msp.c:182:6:HAL_I2C_MspInit	56	static
stm32f4xx_hal_msp.c:226:6:HAL_I2C_MspDeInit	8	static
stm32f4xx_hal_msp.c:257:6:HAL_LTDC_MspInit	120	static
stm32f4xx_hal_msp.c:383:6:HAL_LTDC_MspDeInit	8	static
stm32f4xx_hal_msp.c:447:6:HAL_SPI_MspInit	40	static
stm32f4xx_hal_msp.c:484:6:HAL_SPI_MspDeInit	8	static
stm32f4xx_hal_msp.c:514:6:HAL_TIM_Base_MspInit	8	static
stm32f4xx_hal_msp.c:536:6:HAL_TIM_Base_MspDeInit	0	static
stm32f4xx_hal_msp.c:558:6:HAL_UART_MspInit	40	static
stm32f4xx_hal_msp.c:594:6:HAL_UART_MspDeInit	8	static
stm32f4xx_hal_msp.c:623:6:HAL_HCD_MspInit	48	static
stm32f4xx_hal_msp.c:669:6:HAL_HCD_MspDeInit	8	static
stm32f4xx_hal_msp.c:804:6:HAL_SDRAM_MspInit	8	static
stm32f4xx_hal_msp.c:890:6:HAL_SDRAM_MspDeInit	8	static
