main.c:598:13:MX_GPIO_Init	88	static
main.c:689:6:StartDefaultTask	8	static
main.c:707:6:iniTask02	8	static
main.c:726:6:HAL_TIM_PeriodElapsedCallback	8	static
main.c:743:6:Error_Handler	0	static,ignoring_inline_asm
main.c:229:13:MX_CRC_Init	8	static
main.c:255:13:MX_DMA2D_Init	8	static
main.c:547:13:MX_FMC_Init	40	static
main.c:292:13:MX_I2C3_Init	8	static
main.c:338:13:MX_LTDC_Init	64	static
main.c:400:13:MX_SPI5_Init	8	static
main.c:438:13:MX_TIM1_Init	32	static
main.c:484:13:MX_USART1_UART_Init	8	static
main.c:517:13:MX_USB_OTG_HS_HCD_Init	8	static
main.c:185:6:SystemClock_Config	88	static
main.c:99:5:main	8	static
